Archive member included to satisfy reference by file (symbol)

s:/programs hhd/stm32cubeide_1.4.0/stm32cubeide/plugins/com.st.stm32cube.ide.mcu.externaltools.gnu-tools-for-stm32.7-2018-q2-update.win32_1.4.0.202007081208/tools/bin/../lib/gcc/arm-none-eabi/7.3.1/../../../../arm-none-eabi/lib/thumb/v7e-m/fpv4-sp/hard\libc_nano.a(lib_a-errno.o)
                              Core/Src/syscalls.o (__errno)
s:/programs hhd/stm32cubeide_1.4.0/stm32cubeide/plugins/com.st.stm32cube.ide.mcu.externaltools.gnu-tools-for-stm32.7-2018-q2-update.win32_1.4.0.202007081208/tools/bin/../lib/gcc/arm-none-eabi/7.3.1/../../../../arm-none-eabi/lib/thumb/v7e-m/fpv4-sp/hard\libc_nano.a(lib_a-exit.o)
                              s:/programs hhd/stm32cubeide_1.4.0/stm32cubeide/plugins/com.st.stm32cube.ide.mcu.externaltools.gnu-tools-for-stm32.7-2018-q2-update.win32_1.4.0.202007081208/tools/bin/../lib/gcc/arm-none-eabi/7.3.1/../../../../arm-none-eabi/lib/thumb/v7e-m/fpv4-sp/hard/crt0.o (exit)
s:/programs hhd/stm32cubeide_1.4.0/stm32cubeide/plugins/com.st.stm32cube.ide.mcu.externaltools.gnu-tools-for-stm32.7-2018-q2-update.win32_1.4.0.202007081208/tools/bin/../lib/gcc/arm-none-eabi/7.3.1/../../../../arm-none-eabi/lib/thumb/v7e-m/fpv4-sp/hard\libc_nano.a(lib_a-impure.o)
                              s:/programs hhd/stm32cubeide_1.4.0/stm32cubeide/plugins/com.st.stm32cube.ide.mcu.externaltools.gnu-tools-for-stm32.7-2018-q2-update.win32_1.4.0.202007081208/tools/bin/../lib/gcc/arm-none-eabi/7.3.1/../../../../arm-none-eabi/lib/thumb/v7e-m/fpv4-sp/hard\libc_nano.a(lib_a-exit.o) (_global_impure_ptr)
s:/programs hhd/stm32cubeide_1.4.0/stm32cubeide/plugins/com.st.stm32cube.ide.mcu.externaltools.gnu-tools-for-stm32.7-2018-q2-update.win32_1.4.0.202007081208/tools/bin/../lib/gcc/arm-none-eabi/7.3.1/../../../../arm-none-eabi/lib/thumb/v7e-m/fpv4-sp/hard\libc_nano.a(lib_a-init.o)
                              s:/programs hhd/stm32cubeide_1.4.0/stm32cubeide/plugins/com.st.stm32cube.ide.mcu.externaltools.gnu-tools-for-stm32.7-2018-q2-update.win32_1.4.0.202007081208/tools/bin/../lib/gcc/arm-none-eabi/7.3.1/../../../../arm-none-eabi/lib/thumb/v7e-m/fpv4-sp/hard/crt0.o (__libc_init_array)
s:/programs hhd/stm32cubeide_1.4.0/stm32cubeide/plugins/com.st.stm32cube.ide.mcu.externaltools.gnu-tools-for-stm32.7-2018-q2-update.win32_1.4.0.202007081208/tools/bin/../lib/gcc/arm-none-eabi/7.3.1/../../../../arm-none-eabi/lib/thumb/v7e-m/fpv4-sp/hard\libc_nano.a(lib_a-memset.o)
                              s:/programs hhd/stm32cubeide_1.4.0/stm32cubeide/plugins/com.st.stm32cube.ide.mcu.externaltools.gnu-tools-for-stm32.7-2018-q2-update.win32_1.4.0.202007081208/tools/bin/../lib/gcc/arm-none-eabi/7.3.1/../../../../arm-none-eabi/lib/thumb/v7e-m/fpv4-sp/hard/crt0.o (memset)
s:/programs hhd/stm32cubeide_1.4.0/stm32cubeide/plugins/com.st.stm32cube.ide.mcu.externaltools.gnu-tools-for-stm32.7-2018-q2-update.win32_1.4.0.202007081208/tools/bin/../lib/gcc/arm-none-eabi/7.3.1/thumb/v7e-m/fpv4-sp/hard\libgcc.a(_aeabi_uldivmod.o)
                              Drivers/STM32G4xx_HAL_Driver/Src/stm32g4xx_hal_uart.o (__aeabi_uldivmod)
s:/programs hhd/stm32cubeide_1.4.0/stm32cubeide/plugins/com.st.stm32cube.ide.mcu.externaltools.gnu-tools-for-stm32.7-2018-q2-update.win32_1.4.0.202007081208/tools/bin/../lib/gcc/arm-none-eabi/7.3.1/thumb/v7e-m/fpv4-sp/hard\libgcc.a(_udivmoddi4.o)
                              s:/programs hhd/stm32cubeide_1.4.0/stm32cubeide/plugins/com.st.stm32cube.ide.mcu.externaltools.gnu-tools-for-stm32.7-2018-q2-update.win32_1.4.0.202007081208/tools/bin/../lib/gcc/arm-none-eabi/7.3.1/thumb/v7e-m/fpv4-sp/hard\libgcc.a(_aeabi_uldivmod.o) (__udivmoddi4)
s:/programs hhd/stm32cubeide_1.4.0/stm32cubeide/plugins/com.st.stm32cube.ide.mcu.externaltools.gnu-tools-for-stm32.7-2018-q2-update.win32_1.4.0.202007081208/tools/bin/../lib/gcc/arm-none-eabi/7.3.1/thumb/v7e-m/fpv4-sp/hard\libgcc.a(_dvmd_tls.o)
                              s:/programs hhd/stm32cubeide_1.4.0/stm32cubeide/plugins/com.st.stm32cube.ide.mcu.externaltools.gnu-tools-for-stm32.7-2018-q2-update.win32_1.4.0.202007081208/tools/bin/../lib/gcc/arm-none-eabi/7.3.1/thumb/v7e-m/fpv4-sp/hard\libgcc.a(_aeabi_uldivmod.o) (__aeabi_ldiv0)

Allocating common symbols
Common symbol       size              file

hUsbDeviceFS        0x2d0             USB_Device/App/usb_device.o
htim8               0x4c              Core/Src/tim.o
htim4               0x4c              Core/Src/tim.o
uwTick              0x4               Drivers/STM32G4xx_HAL_Driver/Src/stm32g4xx_hal.o
UserRxBufferFS      0x3e8             USB_Device/App/usbd_cdc_if.o
huart1              0x8c              Core/Src/usart.o
UserTxBufferFS      0x3e8             USB_Device/App/usbd_cdc_if.o
htim1               0x4c              Core/Src/tim.o
hspi1               0x64              Core/Src/spi.o
huart2              0x8c              Core/Src/usart.o
hpcd_USB_FS         0x2f4             USB_Device/Target/usbd_conf.o
[...]
Memory Configuration

Name             Origin             Length             Attributes
RAM              0x0000000020000000 0x0000000000008000 xrw
FLASH            0x0000000008000000 0x0000000000020000 xr
*default*        0x0000000000000000 0xffffffffffffffff

Linker script and memory map

LOAD s:/programs hhd/stm32cubeide_1.4.0/stm32cubeide/plugins/com.st.stm32cube.ide.mcu.externaltools.gnu-tools-for-stm32.7-2018-q2-update.win32_1.4.0.202007081208/tools/bin/../lib/gcc/arm-none-eabi/7.3.1/thumb/v7e-m/fpv4-sp/hard/crti.o
LOAD s:/programs hhd/stm32cubeide_1.4.0/stm32cubeide/plugins/com.st.stm32cube.ide.mcu.externaltools.gnu-tools-for-stm32.7-2018-q2-update.win32_1.4.0.202007081208/tools/bin/../lib/gcc/arm-none-eabi/7.3.1/thumb/v7e-m/fpv4-sp/hard/crtbegin.o
LOAD s:/programs hhd/stm32cubeide_1.4.0/stm32cubeide/plugins/com.st.stm32cube.ide.mcu.externaltools.gnu-tools-for-stm32.7-2018-q2-update.win32_1.4.0.202007081208/tools/bin/../lib/gcc/arm-none-eabi/7.3.1/../../../../arm-none-eabi/lib/thumb/v7e-m/fpv4-sp/hard/crt0.o
LOAD Core/Src/gpio.o
LOAD Core/Src/main.o
LOAD Core/Src/spi.o
LOAD Core/Src/stm32g4xx_hal_msp.o
LOAD Core/Src/stm32g4xx_it.o
LOAD Core/Src/syscalls.o
LOAD Core/Src/sysmem.o
LOAD Core/Src/system_stm32g4xx.o
LOAD Core/Src/tim.o
LOAD Core/Src/usart.o
LOAD Core/Startup/startup_stm32g431kbtx.o
LOAD Drivers/STM32G4xx_HAL_Driver/Src/stm32g4xx_hal.o
LOAD Drivers/STM32G4xx_HAL_Driver/Src/stm32g4xx_hal_cortex.o
LOAD Drivers/STM32G4xx_HAL_Driver/Src/stm32g4xx_hal_dma.o
LOAD Drivers/STM32G4xx_HAL_Driver/Src/stm32g4xx_hal_dma_ex.o
LOAD Drivers/STM32G4xx_HAL_Driver/Src/stm32g4xx_hal_exti.o
LOAD Drivers/STM32G4xx_HAL_Driver/Src/stm32g4xx_hal_flash.o
LOAD Drivers/STM32G4xx_HAL_Driver/Src/stm32g4xx_hal_flash_ex.o
LOAD Drivers/STM32G4xx_HAL_Driver/Src/stm32g4xx_hal_flash_ramfunc.o
LOAD Drivers/STM32G4xx_HAL_Driver/Src/stm32g4xx_hal_gpio.o
LOAD Drivers/STM32G4xx_HAL_Driver/Src/stm32g4xx_hal_pcd.o
LOAD Drivers/STM32G4xx_HAL_Driver/Src/stm32g4xx_hal_pcd_ex.o
LOAD Drivers/STM32G4xx_HAL_Driver/Src/stm32g4xx_hal_pwr.o
LOAD Drivers/STM32G4xx_HAL_Driver/Src/stm32g4xx_hal_pwr_ex.o
LOAD Drivers/STM32G4xx_HAL_Driver/Src/stm32g4xx_hal_rcc.o
LOAD Drivers/STM32G4xx_HAL_Driver/Src/stm32g4xx_hal_rcc_ex.o
LOAD Drivers/STM32G4xx_HAL_Driver/Src/stm32g4xx_hal_spi.o
LOAD Drivers/STM32G4xx_HAL_Driver/Src/stm32g4xx_hal_spi_ex.o
LOAD Drivers/STM32G4xx_HAL_Driver/Src/stm32g4xx_hal_tim.o
LOAD Drivers/STM32G4xx_HAL_Driver/Src/stm32g4xx_hal_tim_ex.o
LOAD Drivers/STM32G4xx_HAL_Driver/Src/stm32g4xx_hal_uart.o
LOAD Drivers/STM32G4xx_HAL_Driver/Src/stm32g4xx_hal_uart_ex.o
LOAD Drivers/STM32G4xx_HAL_Driver/Src/stm32g4xx_ll_usb.o
LOAD Middlewares/ST/STM32_USB_Device_Library/Class/CDC/Src/usbd_cdc.o
LOAD Middlewares/ST/STM32_USB_Device_Library/Core/Src/usbd_core.o
LOAD Middlewares/ST/STM32_USB_Device_Library/Core/Src/usbd_ctlreq.o
LOAD Middlewares/ST/STM32_USB_Device_Library/Core/Src/usbd_ioreq.o
LOAD USB_Device/App/usb_device.o
LOAD USB_Device/App/usbd_cdc_if.o
LOAD USB_Device/App/usbd_desc.o
LOAD USB_Device/Target/usbd_conf.o
START GROUP
LOAD s:/programs hhd/stm32cubeide_1.4.0/stm32cubeide/plugins/com.st.stm32cube.ide.mcu.externaltools.gnu-tools-for-stm32.7-2018-q2-update.win32_1.4.0.202007081208/tools/bin/../lib/gcc/arm-none-eabi/7.3.1/../../../../arm-none-eabi/lib/thumb/v7e-m/fpv4-sp/hard\libc_nano.a
LOAD s:/programs hhd/stm32cubeide_1.4.0/stm32cubeide/plugins/com.st.stm32cube.ide.mcu.externaltools.gnu-tools-for-stm32.7-2018-q2-update.win32_1.4.0.202007081208/tools/bin/../lib/gcc/arm-none-eabi/7.3.1/../../../../arm-none-eabi/lib/thumb/v7e-m/fpv4-sp/hard\libm.a
END GROUP
START GROUP
LOAD s:/programs hhd/stm32cubeide_1.4.0/stm32cubeide/plugins/com.st.stm32cube.ide.mcu.externaltools.gnu-tools-for-stm32.7-2018-q2-update.win32_1.4.0.202007081208/tools/bin/../lib/gcc/arm-none-eabi/7.3.1/thumb/v7e-m/fpv4-sp/hard\libgcc.a
LOAD s:/programs hhd/stm32cubeide_1.4.0/stm32cubeide/plugins/com.st.stm32cube.ide.mcu.externaltools.gnu-tools-for-stm32.7-2018-q2-update.win32_1.4.0.202007081208/tools/bin/../lib/gcc/arm-none-eabi/7.3.1/../../../../arm-none-eabi/lib/thumb/v7e-m/fpv4-sp/hard\libc_nano.a
END GROUP
START GROUP
LOAD s:/programs hhd/stm32cubeide_1.4.0/stm32cubeide/plugins/com.st.stm32cube.ide.mcu.externaltools.gnu-tools-for-stm32.7-2018-q2-update.win32_1.4.0.202007081208/tools/bin/../lib/gcc/arm-none-eabi/7.3.1/thumb/v7e-m/fpv4-sp/hard\libgcc.a
LOAD s:/programs hhd/stm32cubeide_1.4.0/stm32cubeide/plugins/com.st.stm32cube.ide.mcu.externaltools.gnu-tools-for-stm32.7-2018-q2-update.win32_1.4.0.202007081208/tools/bin/../lib/gcc/arm-none-eabi/7.3.1/../../../../arm-none-eabi/lib/thumb/v7e-m/fpv4-sp/hard\libc_nano.a
LOAD s:/programs hhd/stm32cubeide_1.4.0/stm32cubeide/plugins/com.st.stm32cube.ide.mcu.externaltools.gnu-tools-for-stm32.7-2018-q2-update.win32_1.4.0.202007081208/tools/bin/../lib/gcc/arm-none-eabi/7.3.1/../../../../arm-none-eabi/lib/thumb/v7e-m/fpv4-sp/hard\libnosys.a
END GROUP
START GROUP
LOAD s:/programs hhd/stm32cubeide_1.4.0/stm32cubeide/plugins/com.st.stm32cube.ide.mcu.externaltools.gnu-tools-for-stm32.7-2018-q2-update.win32_1.4.0.202007081208/tools/bin/../lib/gcc/arm-none-eabi/7.3.1/thumb/v7e-m/fpv4-sp/hard\libgcc.a
LOAD s:/programs hhd/stm32cubeide_1.4.0/stm32cubeide/plugins/com.st.stm32cube.ide.mcu.externaltools.gnu-tools-for-stm32.7-2018-q2-update.win32_1.4.0.202007081208/tools/bin/../lib/gcc/arm-none-eabi/7.3.1/../../../../arm-none-eabi/lib/thumb/v7e-m/fpv4-sp/hard\libc_nano.a
LOAD s:/programs hhd/stm32cubeide_1.4.0/stm32cubeide/plugins/com.st.stm32cube.ide.mcu.externaltools.gnu-tools-for-stm32.7-2018-q2-update.win32_1.4.0.202007081208/tools/bin/../lib/gcc/arm-none-eabi/7.3.1/../../../../arm-none-eabi/lib/thumb/v7e-m/fpv4-sp/hard\libnosys.a
END GROUP
LOAD s:/programs hhd/stm32cubeide_1.4.0/stm32cubeide/plugins/com.st.stm32cube.ide.mcu.externaltools.gnu-tools-for-stm32.7-2018-q2-update.win32_1.4.0.202007081208/tools/bin/../lib/gcc/arm-none-eabi/7.3.1/thumb/v7e-m/fpv4-sp/hard/crtend.o
LOAD s:/programs hhd/stm32cubeide_1.4.0/stm32cubeide/plugins/com.st.stm32cube.ide.mcu.externaltools.gnu-tools-for-stm32.7-2018-q2-update.win32_1.4.0.202007081208/tools/bin/../lib/gcc/arm-none-eabi/7.3.1/thumb/v7e-m/fpv4-sp/hard/crtn.o
                0x0000000020008000                _estack = (ORIGIN (RAM) + LENGTH (RAM))
                0x0000000000000200                _Min_Heap_Size = 0x200
                0x0000000000000400                _Min_Stack_Size = 0x400

.isr_vector     0x0000000008000000      0x1d8
                0x0000000008000000                . = ALIGN (0x4)
 *(.isr_vector)
 .isr_vector    0x0000000008000000      0x1d8 Core/Startup/startup_stm32g431kbtx.o
                0x0000000008000000                g_pfnVectors
                0x00000000080001d8                . = ALIGN (0x4)

.text           0x00000000080001d8     0xa77c
                0x00000000080001d8                . = ALIGN (0x4)
 *(.text)
 .text          0x00000000080001d8       0x40 s:/programs hhd/stm32cubeide_1.4.0/stm32cubeide/plugins/com.st.stm32cube.ide.mcu.externaltools.gnu-tools-for-stm32.7-2018-q2-update.win32_1.4.0.202007081208/tools/bin/../lib/gcc/arm-none-eabi/7.3.1/thumb/v7e-m/fpv4-sp/hard/crtbegin.o
 .text          0x0000000008000218       0x30 s:/programs hhd/stm32cubeide_1.4.0/stm32cubeide/plugins/com.st.stm32cube.ide.mcu.externaltools.gnu-tools-for-stm32.7-2018-q2-update.win32_1.4.0.202007081208/tools/bin/../lib/gcc/arm-none-eabi/7.3.1/thumb/v7e-m/fpv4-sp/hard\libgcc.a(_aeabi_uldivmod.o)
                0x0000000008000218                __aeabi_uldivmod
 .text          0x0000000008000248      0x2cc s:/programs hhd/stm32cubeide_1.4.0/stm32cubeide/plugins/com.st.stm32cube.ide.mcu.externaltools.gnu-tools-for-stm32.7-2018-q2-update.win32_1.4.0.202007081208/tools/bin/../lib/gcc/arm-none-eabi/7.3.1/thumb/v7e-m/fpv4-sp/hard\libgcc.a(_udivmoddi4.o)
                0x0000000008000248                __udivmoddi4
 .text          0x0000000008000514        0x4 s:/programs hhd/stm32cubeide_1.4.0/stm32cubeide/plugins/com.st.stm32cube.ide.mcu.externaltools.gnu-tools-for-stm32.7-2018-q2-update.win32_1.4.0.202007081208/tools/bin/../lib/gcc/arm-none-eabi/7.3.1/thumb/v7e-m/fpv4-sp/hard\libgcc.a(_dvmd_tls.o)
                0x0000000008000514                __aeabi_idiv0
                0x0000000008000514                __aeabi_ldiv0
 *(.text*)
 .text.MX_GPIO_Init
                0x0000000008000518      0x148 Core/Src/gpio.o
                0x0000000008000518                MX_GPIO_Init
 .text.main     0x0000000008000660       0x5c Core/Src/main.o
                0x0000000008000660                main
 .text.SystemClock_Config
                0x00000000080006bc       0xd2 Core/Src/main.o
                0x00000000080006bc                SystemClock_Config
 *fill*         0x000000000800078e        0x2 
 .text.BootLocation
                0x0000000008000790       0x7c Core/Src/main.o
                0x0000000008000790                BootLocation
 .text.JumpToBootloader
                0x000000000800080c       0x54 Core/Src/main.o
                0x000000000800080c                JumpToBootloader
 .text.Error_Handler
                0x0000000008000860        0xe Core/Src/main.o
                0x0000000008000860                Error_Handler
 *fill*         0x000000000800086e        0x2 
 .text.MX_SPI1_Init
                0x0000000008000870       0x7c Core/Src/spi.o
                0x0000000008000870                MX_SPI1_Init
 .text.HAL_SPI_MspInit
                0x00000000080008ec       0x84 Core/Src/spi.o
                0x00000000080008ec                HAL_SPI_MspInit
 .text.HAL_MspInit
                0x0000000008000970       0x48 Core/Src/stm32g4xx_hal_msp.o
                0x0000000008000970                HAL_MspInit
 .text.NMI_Handler
                0x00000000080009b8        0xe Core/Src/stm32g4xx_it.o
                0x00000000080009b8                NMI_Handler
 .text.HardFault_Handler
                0x00000000080009c6        0x6 Core/Src/stm32g4xx_it.o
                0x00000000080009c6                HardFault_Handler
 .text.MemManage_Handler
                0x00000000080009cc        0x6 Core/Src/stm32g4xx_it.o
                0x00000000080009cc                MemManage_Handler
 .text.BusFault_Handler
                0x00000000080009d2        0x6 Core/Src/stm32g4xx_it.o
                0x00000000080009d2                BusFault_Handler
 .text.UsageFault_Handler
                0x00000000080009d8        0x6 Core/Src/stm32g4xx_it.o
                0x00000000080009d8                UsageFault_Handler
 .text.SVC_Handler
                0x00000000080009de        0xe Core/Src/stm32g4xx_it.o
                0x00000000080009de                SVC_Handler
 .text.DebugMon_Handler
                0x00000000080009ec        0xe Core/Src/stm32g4xx_it.o
                0x00000000080009ec                DebugMon_Handler
 .text.PendSV_Handler
                0x00000000080009fa        0xe Core/Src/stm32g4xx_it.o
                0x00000000080009fa                PendSV_Handler
 .text.SysTick_Handler
                0x0000000008000a08        0xc Core/Src/stm32g4xx_it.o
                0x0000000008000a08                SysTick_Handler
 .text.USB_LP_IRQHandler
                0x0000000008000a14       0x14 Core/Src/stm32g4xx_it.o
                0x0000000008000a14                USB_LP_IRQHandler
 .text.TIM1_UP_TIM16_IRQHandler
                0x0000000008000a28       0x14 Core/Src/stm32g4xx_it.o
                0x0000000008000a28                TIM1_UP_TIM16_IRQHandler
 .text.SystemInit
                0x0000000008000a3c       0x2c Core/Src/system_stm32g4xx.o
                0x0000000008000a3c                SystemInit
 .text.MX_TIM1_Init
                0x0000000008000a68       0xd4 Core/Src/tim.o
                0x0000000008000a68                MX_TIM1_Init
 .text.MX_TIM4_Init
                0x0000000008000b3c       0xf4 Core/Src/tim.o
                0x0000000008000b3c                MX_TIM4_Init
 .text.MX_TIM8_Init
                0x0000000008000c30      0x184 Core/Src/tim.o
                0x0000000008000c30                MX_TIM8_Init
 .text.HAL_TIM_Base_MspInit
                0x0000000008000db4       0x9c Core/Src/tim.o
                0x0000000008000db4                HAL_TIM_Base_MspInit
 .text.HAL_TIM_MspPostInit
                0x0000000008000e50       0xd8 Core/Src/tim.o
                0x0000000008000e50                HAL_TIM_MspPostInit
 .text.MX_USART1_UART_Init
                0x0000000008000f28       0x98 Core/Src/usart.o
                0x0000000008000f28                MX_USART1_UART_Init
 .text.MX_USART2_UART_Init
                0x0000000008000fc0       0x98 Core/Src/usart.o
                0x0000000008000fc0                MX_USART2_UART_Init
 .text.HAL_UART_MspInit
                0x0000000008001058      0x124 Core/Src/usart.o
                0x0000000008001058                HAL_UART_MspInit
 .text.Reset_Handler
                0x000000000800117c       0x50 Core/Startup/startup_stm32g431kbtx.o
                0x000000000800117c                Reset_Handler
 .text.Default_Handler
                0x00000000080011cc        0x2 Core/Startup/startup_stm32g431kbtx.o
                0x00000000080011cc                RTC_Alarm_IRQHandler
                0x00000000080011cc                EXTI2_IRQHandler
                0x00000000080011cc                TIM8_TRG_COM_IRQHandler
                0x00000000080011cc                TIM8_CC_IRQHandler
                0x00000000080011cc                TIM1_CC_IRQHandler
                0x00000000080011cc                USB_HP_IRQHandler
                0x00000000080011cc                CORDIC_IRQHandler
                0x00000000080011cc                EXTI3_IRQHandler
                0x00000000080011cc                I2C3_ER_IRQHandler
                0x00000000080011cc                EXTI0_IRQHandler
                0x00000000080011cc                I2C2_EV_IRQHandler
                0x00000000080011cc                FPU_IRQHandler
                0x00000000080011cc                FDCAN1_IT1_IRQHandler
                0x00000000080011cc                ADC1_2_IRQHandler
                0x00000000080011cc                SPI1_IRQHandler
                0x00000000080011cc                TIM6_DAC_IRQHandler
                0x00000000080011cc                TIM8_UP_IRQHandler
                0x00000000080011cc                DMA2_Channel2_IRQHandler
                0x00000000080011cc                DMA1_Channel4_IRQHandler
                0x00000000080011cc                USART3_IRQHandler
                0x00000000080011cc                TIM4_IRQHandler
                0x00000000080011cc                DMA2_Channel1_IRQHandler
                0x00000000080011cc                I2C1_EV_IRQHandler
                0x00000000080011cc                DMA1_Channel6_IRQHandler
                0x00000000080011cc                UART4_IRQHandler
                0x00000000080011cc                DMA2_Channel4_IRQHandler
                0x00000000080011cc                TIM3_IRQHandler
                0x00000000080011cc                RCC_IRQHandler
                0x00000000080011cc                DMA1_Channel1_IRQHandler
                0x00000000080011cc                Default_Handler
                0x00000000080011cc                RTC_TAMP_LSECSS_IRQHandler
                0x00000000080011cc                FMAC_IRQHandler
                0x00000000080011cc                EXTI15_10_IRQHandler
                0x00000000080011cc                TIM7_IRQHandler
                0x00000000080011cc                UCPD1_IRQHandler
                0x00000000080011cc                I2C3_EV_IRQHandler
                0x00000000080011cc                EXTI9_5_IRQHandler
                0x00000000080011cc                RTC_WKUP_IRQHandler
                0x00000000080011cc                PVD_PVM_IRQHandler
                0x00000000080011cc                SPI2_IRQHandler
                0x00000000080011cc                DMA2_Channel5_IRQHandler
                0x00000000080011cc                CRS_IRQHandler
                0x00000000080011cc                DMA1_Channel5_IRQHandler
                0x00000000080011cc                EXTI4_IRQHandler
                0x00000000080011cc                RNG_IRQHandler
                0x00000000080011cc                TIM1_TRG_COM_TIM17_IRQHandler
                0x00000000080011cc                DMA1_Channel3_IRQHandler
                0x00000000080011cc                WWDG_IRQHandler
                0x00000000080011cc                LPUART1_IRQHandler
                0x00000000080011cc                DMA2_Channel6_IRQHandler
                0x00000000080011cc                FDCAN1_IT0_IRQHandler
                0x00000000080011cc                TIM2_IRQHandler
                0x00000000080011cc                COMP1_2_3_IRQHandler
                0x00000000080011cc                EXTI1_IRQHandler
                0x00000000080011cc                USART2_IRQHandler
                0x00000000080011cc                I2C2_ER_IRQHandler
                0x00000000080011cc                DMA1_Channel2_IRQHandler
                0x00000000080011cc                TIM8_BRK_IRQHandler
                0x00000000080011cc                FLASH_IRQHandler
                0x00000000080011cc                USART1_IRQHandler
                0x00000000080011cc                SPI3_IRQHandler
                0x00000000080011cc                I2C1_ER_IRQHandler
                0x00000000080011cc                LPTIM1_IRQHandler
                0x00000000080011cc                DMAMUX_OVR_IRQHandler
                0x00000000080011cc                USBWakeUp_IRQHandler
                0x00000000080011cc                SAI1_IRQHandler
                0x00000000080011cc                DMA2_Channel3_IRQHandler
                0x00000000080011cc                COMP4_IRQHandler
                0x00000000080011cc                TIM1_BRK_TIM15_IRQHandler
 .text.HAL_Init
                0x00000000080011ce       0x30 Drivers/STM32G4xx_HAL_Driver/Src/stm32g4xx_hal.o
                0x00000000080011ce                HAL_Init
 *fill*         0x00000000080011fe        0x2 
 .text.HAL_InitTick
                0x0000000008001200       0x74 Drivers/STM32G4xx_HAL_Driver/Src/stm32g4xx_hal.o
                0x0000000008001200                HAL_InitTick
 .text.HAL_IncTick
                0x0000000008001274       0x24 Drivers/STM32G4xx_HAL_Driver/Src/stm32g4xx_hal.o
                0x0000000008001274                HAL_IncTick
 .text.HAL_GetTick
                0x0000000008001298       0x18 Drivers/STM32G4xx_HAL_Driver/Src/stm32g4xx_hal.o
                0x0000000008001298                HAL_GetTick
 .text.__NVIC_SetPriorityGrouping
                0x00000000080012b0       0x48 Drivers/STM32G4xx_HAL_Driver/Src/stm32g4xx_hal_cortex.o
 .text.__NVIC_GetPriorityGrouping
                0x00000000080012f8       0x1c Drivers/STM32G4xx_HAL_Driver/Src/stm32g4xx_hal_cortex.o
 .text.__NVIC_EnableIRQ
                0x0000000008001314       0x3c Drivers/STM32G4xx_HAL_Driver/Src/stm32g4xx_hal_cortex.o
 .text.__NVIC_SetPriority
                0x0000000008001350       0x54 Drivers/STM32G4xx_HAL_Driver/Src/stm32g4xx_hal_cortex.o
 .text.NVIC_EncodePriority
                0x00000000080013a4       0x66 Drivers/STM32G4xx_HAL_Driver/Src/stm32g4xx_hal_cortex.o
 *fill*         0x000000000800140a        0x2 
 .text.SysTick_Config
                0x000000000800140c       0x44 Drivers/STM32G4xx_HAL_Driver/Src/stm32g4xx_hal_cortex.o
 .text.HAL_NVIC_SetPriorityGrouping
                0x0000000008001450       0x16 Drivers/STM32G4xx_HAL_Driver/Src/stm32g4xx_hal_cortex.o
                0x0000000008001450                HAL_NVIC_SetPriorityGrouping
 .text.HAL_NVIC_SetPriority
                0x0000000008001466       0x34 Drivers/STM32G4xx_HAL_Driver/Src/stm32g4xx_hal_cortex.o
                0x0000000008001466                HAL_NVIC_SetPriority
 .text.HAL_NVIC_EnableIRQ
                0x000000000800149a       0x1c Drivers/STM32G4xx_HAL_Driver/Src/stm32g4xx_hal_cortex.o
                0x000000000800149a                HAL_NVIC_EnableIRQ
 .text.HAL_SYSTICK_Config
                0x00000000080014b6       0x18 Drivers/STM32G4xx_HAL_Driver/Src/stm32g4xx_hal_cortex.o
                0x00000000080014b6                HAL_SYSTICK_Config
 *fill*         0x00000000080014ce        0x2 
 .text.HAL_GPIO_Init
                0x00000000080014d0      0x304 Drivers/STM32G4xx_HAL_Driver/Src/stm32g4xx_hal_gpio.o
                0x00000000080014d0                HAL_GPIO_Init
 .text.HAL_GPIO_DeInit
                0x00000000080017d4      0x1c4 Drivers/STM32G4xx_HAL_Driver/Src/stm32g4xx_hal_gpio.o
                0x00000000080017d4                HAL_GPIO_DeInit
 .text.HAL_GPIO_ReadPin
                0x0000000008001998       0x30 Drivers/STM32G4xx_HAL_Driver/Src/stm32g4xx_hal_gpio.o
                0x0000000008001998                HAL_GPIO_ReadPin
 .text.HAL_GPIO_WritePin
                0x00000000080019c8       0x30 Drivers/STM32G4xx_HAL_Driver/Src/stm32g4xx_hal_gpio.o
                0x00000000080019c8                HAL_GPIO_WritePin
 .text.HAL_PCD_Init
                0x00000000080019f8      0x1ca Drivers/STM32G4xx_HAL_Driver/Src/stm32g4xx_hal_pcd.o
                0x00000000080019f8                HAL_PCD_Init
 .text.HAL_PCD_Start
                0x0000000008001bc2       0x44 Drivers/STM32G4xx_HAL_Driver/Src/stm32g4xx_hal_pcd.o
                0x0000000008001bc2                HAL_PCD_Start
 .text.HAL_PCD_IRQHandler
                0x0000000008001c06      0x29c Drivers/STM32G4xx_HAL_Driver/Src/stm32g4xx_hal_pcd.o
                0x0000000008001c06                HAL_PCD_IRQHandler
 .text.HAL_PCD_SetAddress
                0x0000000008001ea2       0x4a Drivers/STM32G4xx_HAL_Driver/Src/stm32g4xx_hal_pcd.o
                0x0000000008001ea2                HAL_PCD_SetAddress
 .text.HAL_PCD_EP_Open
                0x0000000008001eec       0xcc Drivers/STM32G4xx_HAL_Driver/Src/stm32g4xx_hal_pcd.o
                0x0000000008001eec                HAL_PCD_EP_Open
 .text.HAL_PCD_EP_Close
                0x0000000008001fb8       0x90 Drivers/STM32G4xx_HAL_Driver/Src/stm32g4xx_hal_pcd.o
                0x0000000008001fb8                HAL_PCD_EP_Close
 .text.HAL_PCD_EP_Receive
                0x0000000008002048       0x7a Drivers/STM32G4xx_HAL_Driver/Src/stm32g4xx_hal_pcd.o
                0x0000000008002048                HAL_PCD_EP_Receive
 .text.HAL_PCD_EP_GetRxCount
                0x00000000080020c2       0x30 Drivers/STM32G4xx_HAL_Driver/Src/stm32g4xx_hal_pcd.o
                0x00000000080020c2                HAL_PCD_EP_GetRxCount
 .text.HAL_PCD_EP_Transmit
                0x00000000080020f2       0x86 Drivers/STM32G4xx_HAL_Driver/Src/stm32g4xx_hal_pcd.o
                0x00000000080020f2                HAL_PCD_EP_Transmit
 .text.HAL_PCD_EP_SetStall
                0x0000000008002178       0xc0 Drivers/STM32G4xx_HAL_Driver/Src/stm32g4xx_hal_pcd.o
                0x0000000008002178                HAL_PCD_EP_SetStall
 .text.HAL_PCD_EP_ClrStall
                0x0000000008002238       0xa8 Drivers/STM32G4xx_HAL_Driver/Src/stm32g4xx_hal_pcd.o
                0x0000000008002238                HAL_PCD_EP_ClrStall
 .text.PCD_EP_ISR_Handler
                0x00000000080022e0      0x5ca Drivers/STM32G4xx_HAL_Driver/Src/stm32g4xx_hal_pcd.o
 .text.HAL_PCD_EP_DB_Receive
                0x00000000080028aa      0x212 Drivers/STM32G4xx_HAL_Driver/Src/stm32g4xx_hal_pcd.o
 .text.HAL_PCD_EP_DB_Transmit
                0x0000000008002abc      0x532 Drivers/STM32G4xx_HAL_Driver/Src/stm32g4xx_hal_pcd.o
 .text.HAL_PCDEx_PMAConfig
                0x0000000008002fee       0x86 Drivers/STM32G4xx_HAL_Driver/Src/stm32g4xx_hal_pcd_ex.o
                0x0000000008002fee                HAL_PCDEx_PMAConfig
 .text.HAL_PCDEx_ActivateLPM
                0x0000000008003074       0x54 Drivers/STM32G4xx_HAL_Driver/Src/stm32g4xx_hal_pcd_ex.o
                0x0000000008003074                HAL_PCDEx_ActivateLPM
 .text.HAL_PWREx_ControlVoltageScaling
                0x00000000080030c8      0x148 Drivers/STM32G4xx_HAL_Driver/Src/stm32g4xx_hal_pwr_ex.o
                0x00000000080030c8                HAL_PWREx_ControlVoltageScaling
 .text.HAL_PWREx_DisableUCPDDeadBattery
                0x0000000008003210       0x20 Drivers/STM32G4xx_HAL_Driver/Src/stm32g4xx_hal_pwr_ex.o
                0x0000000008003210                HAL_PWREx_DisableUCPDDeadBattery
 .text.HAL_RCC_DeInit
                0x0000000008003230      0x104 Drivers/STM32G4xx_HAL_Driver/Src/stm32g4xx_hal_rcc.o
                0x0000000008003230                HAL_RCC_DeInit
 .text.HAL_RCC_OscConfig
                0x0000000008003334      0x630 Drivers/STM32G4xx_HAL_Driver/Src/stm32g4xx_hal_rcc.o
                0x0000000008003334                HAL_RCC_OscConfig
 .text.HAL_RCC_ClockConfig
                0x0000000008003964      0x278 Drivers/STM32G4xx_HAL_Driver/Src/stm32g4xx_hal_rcc.o
                0x0000000008003964                HAL_RCC_ClockConfig
 .text.HAL_RCC_GetSysClockFreq
                0x0000000008003bdc       0xc4 Drivers/STM32G4xx_HAL_Driver/Src/stm32g4xx_hal_rcc.o
                0x0000000008003bdc                HAL_RCC_GetSysClockFreq
 .text.HAL_RCC_GetHCLKFreq
                0x0000000008003ca0       0x18 Drivers/STM32G4xx_HAL_Driver/Src/stm32g4xx_hal_rcc.o
                0x0000000008003ca0                HAL_RCC_GetHCLKFreq
 .text.HAL_RCC_GetPCLK1Freq
                0x0000000008003cb8       0x2c Drivers/STM32G4xx_HAL_Driver/Src/stm32g4xx_hal_rcc.o
                0x0000000008003cb8                HAL_RCC_GetPCLK1Freq
 .text.HAL_RCC_GetPCLK2Freq
                0x0000000008003ce4       0x2c Drivers/STM32G4xx_HAL_Driver/Src/stm32g4xx_hal_rcc.o
                0x0000000008003ce4                HAL_RCC_GetPCLK2Freq
 .text.RCC_GetSysClockFreqFromPLLSource
                0x0000000008003d10       0x8c Drivers/STM32G4xx_HAL_Driver/Src/stm32g4xx_hal_rcc.o
 .text.HAL_RCCEx_PeriphCLKConfig
                0x0000000008003d9c      0x3e0 Drivers/STM32G4xx_HAL_Driver/Src/stm32g4xx_hal_rcc_ex.o
                0x0000000008003d9c                HAL_RCCEx_PeriphCLKConfig
 .text.HAL_SPI_Init
                0x000000000800417c      0x156 Drivers/STM32G4xx_HAL_Driver/Src/stm32g4xx_hal_spi.o
                0x000000000800417c                HAL_SPI_Init
 .text.HAL_TIM_Base_Init
                0x00000000080042d2       0xae Drivers/STM32G4xx_HAL_Driver/Src/stm32g4xx_hal_tim.o
                0x00000000080042d2                HAL_TIM_Base_Init
 .text.HAL_TIM_Base_Start_IT
                0x0000000008004380       0xd4 Drivers/STM32G4xx_HAL_Driver/Src/stm32g4xx_hal_tim.o
                0x0000000008004380                HAL_TIM_Base_Start_IT
 .text.HAL_TIM_PWM_Init
                0x0000000008004454       0xae Drivers/STM32G4xx_HAL_Driver/Src/stm32g4xx_hal_tim.o
                0x0000000008004454                HAL_TIM_PWM_Init
 .text.HAL_TIM_PWM_MspInit
                0x0000000008004502       0x14 Drivers/STM32G4xx_HAL_Driver/Src/stm32g4xx_hal_tim.o
                0x0000000008004502                HAL_TIM_PWM_MspInit
 *fill*         0x0000000008004516        0x2 
 .text.HAL_TIM_PWM_Start
                0x0000000008004518      0x200 Drivers/STM32G4xx_HAL_Driver/Src/stm32g4xx_hal_tim.o
                0x0000000008004518                HAL_TIM_PWM_Start
 .text.HAL_TIM_IRQHandler
                0x0000000008004718      0x2fe Drivers/STM32G4xx_HAL_Driver/Src/stm32g4xx_hal_tim.o
                0x0000000008004718                HAL_TIM_IRQHandler
 *fill*         0x0000000008004a16        0x2 
 .text.HAL_TIM_PWM_ConfigChannel
                0x0000000008004a18      0x220 Drivers/STM32G4xx_HAL_Driver/Src/stm32g4xx_hal_tim.o
                0x0000000008004a18                HAL_TIM_PWM_ConfigChannel
 .text.HAL_TIM_ConfigClockSource
                0x0000000008004c38      0x1a4 Drivers/STM32G4xx_HAL_Driver/Src/stm32g4xx_hal_tim.o
                0x0000000008004c38                HAL_TIM_ConfigClockSource
 .text.HAL_TIM_PeriodElapsedCallback
                0x0000000008004ddc       0x14 Drivers/STM32G4xx_HAL_Driver/Src/stm32g4xx_hal_tim.o
                0x0000000008004ddc                HAL_TIM_PeriodElapsedCallback
 .text.HAL_TIM_OC_DelayElapsedCallback
                0x0000000008004df0       0x14 Drivers/STM32G4xx_HAL_Driver/Src/stm32g4xx_hal_tim.o
                0x0000000008004df0                HAL_TIM_OC_DelayElapsedCallback
 .text.HAL_TIM_IC_CaptureCallback
                0x0000000008004e04       0x14 Drivers/STM32G4xx_HAL_Driver/Src/stm32g4xx_hal_tim.o
                0x0000000008004e04                HAL_TIM_IC_CaptureCallback
 .text.HAL_TIM_PWM_PulseFinishedCallback
                0x0000000008004e18       0x14 Drivers/STM32G4xx_HAL_Driver/Src/stm32g4xx_hal_tim.o
                0x0000000008004e18                HAL_TIM_PWM_PulseFinishedCallback
 .text.HAL_TIM_TriggerCallback
                0x0000000008004e2c       0x14 Drivers/STM32G4xx_HAL_Driver/Src/stm32g4xx_hal_tim.o
                0x0000000008004e2c                HAL_TIM_TriggerCallback
 .text.TIM_Base_SetConfig
                0x0000000008004e40      0x120 Drivers/STM32G4xx_HAL_Driver/Src/stm32g4xx_hal_tim.o
                0x0000000008004e40                TIM_Base_SetConfig
 .text.TIM_OC1_SetConfig
                0x0000000008004f60      0x120 Drivers/STM32G4xx_HAL_Driver/Src/stm32g4xx_hal_tim.o
 .text.TIM_OC2_SetConfig
                0x0000000008005080      0x114 Drivers/STM32G4xx_HAL_Driver/Src/stm32g4xx_hal_tim.o
                0x0000000008005080                TIM_OC2_SetConfig
 .text.TIM_OC3_SetConfig
                0x0000000008005194      0x110 Drivers/STM32G4xx_HAL_Driver/Src/stm32g4xx_hal_tim.o
 .text.TIM_OC4_SetConfig
                0x00000000080052a4      0x114 Drivers/STM32G4xx_HAL_Driver/Src/stm32g4xx_hal_tim.o
 .text.TIM_OC5_SetConfig
                0x00000000080053b8       0xc8 Drivers/STM32G4xx_HAL_Driver/Src/stm32g4xx_hal_tim.o
 .text.TIM_OC6_SetConfig
                0x0000000008005480       0xcc Drivers/STM32G4xx_HAL_Driver/Src/stm32g4xx_hal_tim.o
 .text.TIM_TI1_ConfigInputStage
                0x000000000800554c       0x5e Drivers/STM32G4xx_HAL_Driver/Src/stm32g4xx_hal_tim.o
 .text.TIM_TI2_ConfigInputStage
                0x00000000080055aa       0x60 Drivers/STM32G4xx_HAL_Driver/Src/stm32g4xx_hal_tim.o
 .text.TIM_ITRx_SetConfig
                0x000000000800560a       0x3a Drivers/STM32G4xx_HAL_Driver/Src/stm32g4xx_hal_tim.o
 .text.TIM_ETR_SetConfig
                0x0000000008005644       0x40 Drivers/STM32G4xx_HAL_Driver/Src/stm32g4xx_hal_tim.o
                0x0000000008005644                TIM_ETR_SetConfig
 .text.TIM_CCxChannelCmd
                0x0000000008005684       0x4a Drivers/STM32G4xx_HAL_Driver/Src/stm32g4xx_hal_tim.o
                0x0000000008005684                TIM_CCxChannelCmd
 *fill*         0x00000000080056ce        0x2 
 .text.HAL_TIMEx_PWMN_Start
                0x00000000080056d0      0x168 Drivers/STM32G4xx_HAL_Driver/Src/stm32g4xx_hal_tim_ex.o
                0x00000000080056d0                HAL_TIMEx_PWMN_Start
 .text.HAL_TIMEx_MasterConfigSynchronization
                0x0000000008005838      0x104 Drivers/STM32G4xx_HAL_Driver/Src/stm32g4xx_hal_tim_ex.o
                0x0000000008005838                HAL_TIMEx_MasterConfigSynchronization
 .text.HAL_TIMEx_ConfigBreakDeadTime
                0x000000000800593c      0x140 Drivers/STM32G4xx_HAL_Driver/Src/stm32g4xx_hal_tim_ex.o
                0x000000000800593c                HAL_TIMEx_ConfigBreakDeadTime
 .text.HAL_TIMEx_CommutCallback
                0x0000000008005a7c       0x14 Drivers/STM32G4xx_HAL_Driver/Src/stm32g4xx_hal_tim_ex.o
                0x0000000008005a7c                HAL_TIMEx_CommutCallback
 .text.HAL_TIMEx_BreakCallback
                0x0000000008005a90       0x14 Drivers/STM32G4xx_HAL_Driver/Src/stm32g4xx_hal_tim_ex.o
                0x0000000008005a90                HAL_TIMEx_BreakCallback
 .text.HAL_TIMEx_Break2Callback
                0x0000000008005aa4       0x14 Drivers/STM32G4xx_HAL_Driver/Src/stm32g4xx_hal_tim_ex.o
                0x0000000008005aa4                HAL_TIMEx_Break2Callback
 .text.HAL_TIMEx_EncoderIndexCallback
                0x0000000008005ab8       0x14 Drivers/STM32G4xx_HAL_Driver/Src/stm32g4xx_hal_tim_ex.o
                0x0000000008005ab8                HAL_TIMEx_EncoderIndexCallback
 .text.HAL_TIMEx_DirectionChangeCallback
                0x0000000008005acc       0x14 Drivers/STM32G4xx_HAL_Driver/Src/stm32g4xx_hal_tim_ex.o
                0x0000000008005acc                HAL_TIMEx_DirectionChangeCallback
 .text.HAL_TIMEx_IndexErrorCallback
                0x0000000008005ae0       0x14 Drivers/STM32G4xx_HAL_Driver/Src/stm32g4xx_hal_tim_ex.o
                0x0000000008005ae0                HAL_TIMEx_IndexErrorCallback
 .text.HAL_TIMEx_TransitionErrorCallback
                0x0000000008005af4       0x14 Drivers/STM32G4xx_HAL_Driver/Src/stm32g4xx_hal_tim_ex.o
                0x0000000008005af4                HAL_TIMEx_TransitionErrorCallback
 .text.TIM_CCxNChannelCmd
                0x0000000008005b08       0x4a Drivers/STM32G4xx_HAL_Driver/Src/stm32g4xx_hal_tim_ex.o
 .text.HAL_UART_Init
                0x0000000008005b52       0xa0 Drivers/STM32G4xx_HAL_Driver/Src/stm32g4xx_hal_uart.o
                0x0000000008005b52                HAL_UART_Init
 *fill*         0x0000000008005bf2        0x2 
 .text.UART_SetConfig
                0x0000000008005bf4      0x550 Drivers/STM32G4xx_HAL_Driver/Src/stm32g4xx_hal_uart.o
                0x0000000008005bf4                UART_SetConfig
 .text.UART_AdvFeatureConfig
                0x0000000008006144      0x144 Drivers/STM32G4xx_HAL_Driver/Src/stm32g4xx_hal_uart.o
                0x0000000008006144                UART_AdvFeatureConfig
 .text.UART_CheckIdleState
                0x0000000008006288       0x90 Drivers/STM32G4xx_HAL_Driver/Src/stm32g4xx_hal_uart.o
                0x0000000008006288                UART_CheckIdleState
 .text.UART_WaitOnFlagUntilTimeout
                0x0000000008006318      0x100 Drivers/STM32G4xx_HAL_Driver/Src/stm32g4xx_hal_uart.o
                0x0000000008006318                UART_WaitOnFlagUntilTimeout
 .text.HAL_UARTEx_DisableFifoMode
                0x0000000008006418       0x72 Drivers/STM32G4xx_HAL_Driver/Src/stm32g4xx_hal_uart_ex.o
                0x0000000008006418                HAL_UARTEx_DisableFifoMode
 .text.HAL_UARTEx_SetTxFifoThreshold
                0x000000000800648a       0x7c Drivers/STM32G4xx_HAL_Driver/Src/stm32g4xx_hal_uart_ex.o
                0x000000000800648a                HAL_UARTEx_SetTxFifoThreshold
 .text.HAL_UARTEx_SetRxFifoThreshold
                0x0000000008006506       0x7c Drivers/STM32G4xx_HAL_Driver/Src/stm32g4xx_hal_uart_ex.o
                0x0000000008006506                HAL_UARTEx_SetRxFifoThreshold
 *fill*         0x0000000008006582        0x2 
 .text.UARTEx_SetNbDataToProcess
                0x0000000008006584       0xd0 Drivers/STM32G4xx_HAL_Driver/Src/stm32g4xx_hal_uart_ex.o
 .text.USB_EnableGlobalInt
                0x0000000008006654       0x2e Drivers/STM32G4xx_HAL_Driver/Src/stm32g4xx_ll_usb.o
                0x0000000008006654                USB_EnableGlobalInt
 .text.USB_DisableGlobalInt
                0x0000000008006682       0x36 Drivers/STM32G4xx_HAL_Driver/Src/stm32g4xx_ll_usb.o
                0x0000000008006682                USB_DisableGlobalInt
 .text.USB_DevInit
                0x00000000080066b8       0x42 Drivers/STM32G4xx_HAL_Driver/Src/stm32g4xx_ll_usb.o
                0x00000000080066b8                USB_DevInit
 *fill*         0x00000000080066fa        0x2 
 .text.USB_ActivateEndpoint
                0x00000000080066fc      0x6dc Drivers/STM32G4xx_HAL_Driver/Src/stm32g4xx_ll_usb.o
                0x00000000080066fc                USB_ActivateEndpoint
 .text.USB_DeactivateEndpoint
                0x0000000008006dd8      0x3da Drivers/STM32G4xx_HAL_Driver/Src/stm32g4xx_ll_usb.o
                0x0000000008006dd8                USB_DeactivateEndpoint
 .text.USB_EPStartXfer
                0x00000000080071b2     0x125e Drivers/STM32G4xx_HAL_Driver/Src/stm32g4xx_ll_usb.o
                0x00000000080071b2                USB_EPStartXfer
 .text.USB_EPSetStall
                0x0000000008008410       0xa2 Drivers/STM32G4xx_HAL_Driver/Src/stm32g4xx_ll_usb.o
                0x0000000008008410                USB_EPSetStall
 .text.USB_EPClearStall
                0x00000000080084b2      0x15c Drivers/STM32G4xx_HAL_Driver/Src/stm32g4xx_ll_usb.o
                0x00000000080084b2                USB_EPClearStall
 .text.USB_SetDevAddress
                0x000000000800860e       0x28 Drivers/STM32G4xx_HAL_Driver/Src/stm32g4xx_ll_usb.o
                0x000000000800860e                USB_SetDevAddress
 .text.USB_DevConnect
                0x0000000008008636       0x2e Drivers/STM32G4xx_HAL_Driver/Src/stm32g4xx_ll_usb.o
                0x0000000008008636                USB_DevConnect
 .text.USB_ReadInterrupts
                0x0000000008008664       0x20 Drivers/STM32G4xx_HAL_Driver/Src/stm32g4xx_ll_usb.o
                0x0000000008008664                USB_ReadInterrupts
 .text.USB_EP0_OutStart
                0x0000000008008684       0x18 Drivers/STM32G4xx_HAL_Driver/Src/stm32g4xx_ll_usb.o
                0x0000000008008684                USB_EP0_OutStart
 .text.USB_WritePMA
                0x000000000800869c       0x82 Drivers/STM32G4xx_HAL_Driver/Src/stm32g4xx_ll_usb.o
                0x000000000800869c                USB_WritePMA
 .text.USB_ReadPMA
                0x000000000800871e       0x98 Drivers/STM32G4xx_HAL_Driver/Src/stm32g4xx_ll_usb.o
                0x000000000800871e                USB_ReadPMA
 .text.USBD_CDC_Init
                0x00000000080087b6       0xfe Middlewares/ST/STM32_USB_Device_Library/Class/CDC/Src/usbd_cdc.o
 .text.USBD_CDC_DeInit
                0x00000000080088b4       0x74 Middlewares/ST/STM32_USB_Device_Library/Class/CDC/Src/usbd_cdc.o
 .text.USBD_CDC_Setup
                0x0000000008008928      0x178 Middlewares/ST/STM32_USB_Device_Library/Class/CDC/Src/usbd_cdc.o
 .text.USBD_CDC_DataIn
                0x0000000008008aa0       0xca Middlewares/ST/STM32_USB_Device_Library/Class/CDC/Src/usbd_cdc.o
 .text.USBD_CDC_DataOut
                0x0000000008008b6a       0x56 Middlewares/ST/STM32_USB_Device_Library/Class/CDC/Src/usbd_cdc.o
 .text.USBD_CDC_EP0_RxReady
                0x0000000008008bc0       0x50 Middlewares/ST/STM32_USB_Device_Library/Class/CDC/Src/usbd_cdc.o
 .text.USBD_CDC_GetFSCfgDesc
                0x0000000008008c10       0x20 Middlewares/ST/STM32_USB_Device_Library/Class/CDC/Src/usbd_cdc.o
 .text.USBD_CDC_GetHSCfgDesc
                0x0000000008008c30       0x20 Middlewares/ST/STM32_USB_Device_Library/Class/CDC/Src/usbd_cdc.o
 .text.USBD_CDC_GetOtherSpeedCfgDesc
                0x0000000008008c50       0x20 Middlewares/ST/STM32_USB_Device_Library/Class/CDC/Src/usbd_cdc.o
 .text.USBD_CDC_GetDeviceQualifierDescriptor
                0x0000000008008c70       0x20 Middlewares/ST/STM32_USB_Device_Library/Class/CDC/Src/usbd_cdc.o
                0x0000000008008c70                USBD_CDC_GetDeviceQualifierDescriptor
 .text.USBD_CDC_RegisterInterface
                0x0000000008008c90       0x2a Middlewares/ST/STM32_USB_Device_Library/Class/CDC/Src/usbd_cdc.o
                0x0000000008008c90                USBD_CDC_RegisterInterface
 .text.USBD_CDC_SetTxBuffer
                0x0000000008008cba       0x32 Middlewares/ST/STM32_USB_Device_Library/Class/CDC/Src/usbd_cdc.o
                0x0000000008008cba                USBD_CDC_SetTxBuffer
 .text.USBD_CDC_SetRxBuffer
                0x0000000008008cec       0x28 Middlewares/ST/STM32_USB_Device_Library/Class/CDC/Src/usbd_cdc.o
                0x0000000008008cec                USBD_CDC_SetRxBuffer
 .text.USBD_CDC_ReceivePacket
                0x0000000008008d14       0x54 Middlewares/ST/STM32_USB_Device_Library/Class/CDC/Src/usbd_cdc.o
                0x0000000008008d14                USBD_CDC_ReceivePacket
 .text.USBD_Init
                0x0000000008008d68       0x60 Middlewares/ST/STM32_USB_Device_Library/Core/Src/usbd_core.o
                0x0000000008008d68                USBD_Init
 .text.USBD_RegisterClass
                0x0000000008008dc8       0x4e Middlewares/ST/STM32_USB_Device_Library/Core/Src/usbd_core.o
                0x0000000008008dc8                USBD_RegisterClass
 .text.USBD_Start
                0x0000000008008e16       0x18 Middlewares/ST/STM32_USB_Device_Library/Core/Src/usbd_core.o
                0x0000000008008e16                USBD_Start
 .text.USBD_RunTestMode
                0x0000000008008e2e       0x16 Middlewares/ST/STM32_USB_Device_Library/Core/Src/usbd_core.o
                0x0000000008008e2e                USBD_RunTestMode
 .text.USBD_SetClassConfig
                0x0000000008008e44       0x38 Middlewares/ST/STM32_USB_Device_Library/Core/Src/usbd_core.o
                0x0000000008008e44                USBD_SetClassConfig
 .text.USBD_ClrClassConfig
                0x0000000008008e7c       0x30 Middlewares/ST/STM32_USB_Device_Library/Core/Src/usbd_core.o
                0x0000000008008e7c                USBD_ClrClassConfig
 .text.USBD_LL_SetupStage
                0x0000000008008eac       0xa6 Middlewares/ST/STM32_USB_Device_Library/Core/Src/usbd_core.o
                0x0000000008008eac                USBD_LL_SetupStage
 .text.USBD_LL_DataOutStage
                0x0000000008008f52       0xc6 Middlewares/ST/STM32_USB_Device_Library/Core/Src/usbd_core.o
                0x0000000008008f52                USBD_LL_DataOutStage
 .text.USBD_LL_DataInStage
                0x0000000008009018      0x12c Middlewares/ST/STM32_USB_Device_Library/Core/Src/usbd_core.o
                0x0000000008009018                USBD_LL_DataInStage
 .text.USBD_LL_Reset
                0x0000000008009144       0x82 Middlewares/ST/STM32_USB_Device_Library/Core/Src/usbd_core.o
                0x0000000008009144                USBD_LL_Reset
 .text.USBD_LL_SetSpeed
                0x00000000080091c6       0x20 Middlewares/ST/STM32_USB_Device_Library/Core/Src/usbd_core.o
                0x00000000080091c6                USBD_LL_SetSpeed
 .text.USBD_LL_Suspend
                0x00000000080091e6       0x2a Middlewares/ST/STM32_USB_Device_Library/Core/Src/usbd_core.o
                0x00000000080091e6                USBD_LL_Suspend
 .text.USBD_LL_Resume
                0x0000000008009210       0x2c Middlewares/ST/STM32_USB_Device_Library/Core/Src/usbd_core.o
                0x0000000008009210                USBD_LL_Resume
 .text.USBD_LL_SOF
                0x000000000800923c       0x34 Middlewares/ST/STM32_USB_Device_Library/Core/Src/usbd_core.o
                0x000000000800923c                USBD_LL_SOF
 .text.SWAPBYTE
                0x0000000008009270       0x3c Middlewares/ST/STM32_USB_Device_Library/Core/Src/usbd_ctlreq.o
 .text.USBD_StdDevReq
                0x00000000080092ac       0xdc Middlewares/ST/STM32_USB_Device_Library/Core/Src/usbd_ctlreq.o
                0x00000000080092ac                USBD_StdDevReq
 .text.USBD_StdItfReq
                0x0000000008009388       0x8c Middlewares/ST/STM32_USB_Device_Library/Core/Src/usbd_ctlreq.o
                0x0000000008009388                USBD_StdItfReq
 .text.USBD_StdEPReq
                0x0000000008009414      0x2ae Middlewares/ST/STM32_USB_Device_Library/Core/Src/usbd_ctlreq.o
                0x0000000008009414                USBD_StdEPReq
 *fill*         0x00000000080096c2        0x2 
 .text.USBD_GetDescriptor
                0x00000000080096c4      0x328 Middlewares/ST/STM32_USB_Device_Library/Core/Src/usbd_ctlreq.o
 .text.USBD_SetAddress
                0x00000000080099ec       0x84 Middlewares/ST/STM32_USB_Device_Library/Core/Src/usbd_ctlreq.o
 .text.USBD_SetConfig
                0x0000000008009a70      0x148 Middlewares/ST/STM32_USB_Device_Library/Core/Src/usbd_ctlreq.o
 .text.USBD_GetConfig
                0x0000000008009bb8       0x68 Middlewares/ST/STM32_USB_Device_Library/Core/Src/usbd_ctlreq.o
 .text.USBD_GetStatus
                0x0000000008009c20       0x66 Middlewares/ST/STM32_USB_Device_Library/Core/Src/usbd_ctlreq.o
 .text.USBD_SetFeature
                0x0000000008009c86       0x28 Middlewares/ST/STM32_USB_Device_Library/Core/Src/usbd_ctlreq.o
 .text.USBD_ClrFeature
                0x0000000008009cae       0x42 Middlewares/ST/STM32_USB_Device_Library/Core/Src/usbd_ctlreq.o
 .text.USBD_ParseSetupRequest
                0x0000000008009cf0       0x74 Middlewares/ST/STM32_USB_Device_Library/Core/Src/usbd_ctlreq.o
                0x0000000008009cf0                USBD_ParseSetupRequest
 .text.USBD_CtlError
                0x0000000008009d64       0x22 Middlewares/ST/STM32_USB_Device_Library/Core/Src/usbd_ctlreq.o
                0x0000000008009d64                USBD_CtlError
 .text.USBD_GetString
                0x0000000008009d86       0x8c Middlewares/ST/STM32_USB_Device_Library/Core/Src/usbd_ctlreq.o
                0x0000000008009d86                USBD_GetString
 .text.USBD_GetLen
                0x0000000008009e12       0x34 Middlewares/ST/STM32_USB_Device_Library/Core/Src/usbd_ctlreq.o
 .text.USBD_CtlSendData
                0x0000000008009e46       0x36 Middlewares/ST/STM32_USB_Device_Library/Core/Src/usbd_ioreq.o
                0x0000000008009e46                USBD_CtlSendData
 .text.USBD_CtlContinueSendData
                0x0000000008009e7c       0x22 Middlewares/ST/STM32_USB_Device_Library/Core/Src/usbd_ioreq.o
                0x0000000008009e7c                USBD_CtlContinueSendData
 .text.USBD_CtlPrepareRx
                0x0000000008009e9e       0x3a Middlewares/ST/STM32_USB_Device_Library/Core/Src/usbd_ioreq.o
                0x0000000008009e9e                USBD_CtlPrepareRx
 .text.USBD_CtlContinueRx
                0x0000000008009ed8       0x22 Middlewares/ST/STM32_USB_Device_Library/Core/Src/usbd_ioreq.o
                0x0000000008009ed8                USBD_CtlContinueRx
 .text.USBD_CtlSendStatus
                0x0000000008009efa       0x26 Middlewares/ST/STM32_USB_Device_Library/Core/Src/usbd_ioreq.o
                0x0000000008009efa                USBD_CtlSendStatus
 .text.USBD_CtlReceiveStatus
                0x0000000008009f20       0x26 Middlewares/ST/STM32_USB_Device_Library/Core/Src/usbd_ioreq.o
                0x0000000008009f20                USBD_CtlReceiveStatus
 *fill*         0x0000000008009f46        0x2 
 .text.MX_USB_Device_Init
                0x0000000008009f48       0x60 USB_Device/App/usb_device.o
                0x0000000008009f48                MX_USB_Device_Init
 .text.CDC_Init_FS
                0x0000000008009fa8       0x28 USB_Device/App/usbd_cdc_if.o
 .text.CDC_DeInit_FS
                0x0000000008009fd0       0x10 USB_Device/App/usbd_cdc_if.o
 .text.CDC_Control_FS
                0x0000000008009fe0       0xbc USB_Device/App/usbd_cdc_if.o
 .text.CDC_Receive_FS
                0x000000000800a09c       0x28 USB_Device/App/usbd_cdc_if.o
 .text.CDC_TransmitCplt_FS
                0x000000000800a0c4       0x22 USB_Device/App/usbd_cdc_if.o
 *fill*         0x000000000800a0e6        0x2 
 .text.USBD_CDC_DeviceDescriptor
                0x000000000800a0e8       0x24 USB_Device/App/usbd_desc.o
                0x000000000800a0e8                USBD_CDC_DeviceDescriptor
 .text.USBD_CDC_LangIDStrDescriptor
                0x000000000800a10c       0x24 USB_Device/App/usbd_desc.o
                0x000000000800a10c                USBD_CDC_LangIDStrDescriptor
 .text.USBD_CDC_ProductStrDescriptor
                0x000000000800a130       0x3c USB_Device/App/usbd_desc.o
                0x000000000800a130                USBD_CDC_ProductStrDescriptor
 .text.USBD_CDC_ManufacturerStrDescriptor
                0x000000000800a16c       0x28 USB_Device/App/usbd_desc.o
                0x000000000800a16c                USBD_CDC_ManufacturerStrDescriptor
 .text.USBD_CDC_SerialStrDescriptor
                0x000000000800a194       0x24 USB_Device/App/usbd_desc.o
                0x000000000800a194                USBD_CDC_SerialStrDescriptor
 .text.USBD_CDC_ConfigStrDescriptor
                0x000000000800a1b8       0x3c USB_Device/App/usbd_desc.o
                0x000000000800a1b8                USBD_CDC_ConfigStrDescriptor
 .text.USBD_CDC_InterfaceStrDescriptor
                0x000000000800a1f4       0x3c USB_Device/App/usbd_desc.o
                0x000000000800a1f4                USBD_CDC_InterfaceStrDescriptor
 .text.Get_SerialNum
                0x000000000800a230       0x58 USB_Device/App/usbd_desc.o
 .text.IntToUnicode
                0x000000000800a288       0x7c USB_Device/App/usbd_desc.o
 .text.HAL_PCD_MspInit
                0x000000000800a304       0x4c USB_Device/Target/usbd_conf.o
                0x000000000800a304                HAL_PCD_MspInit
 .text.HAL_PCD_SetupStageCallback
                0x000000000800a350       0x24 USB_Device/Target/usbd_conf.o
                0x000000000800a350                HAL_PCD_SetupStageCallback
 .text.HAL_PCD_DataOutStageCallback
                0x000000000800a374       0x36 USB_Device/Target/usbd_conf.o
                0x000000000800a374                HAL_PCD_DataOutStageCallback
 .text.HAL_PCD_DataInStageCallback
                0x000000000800a3aa       0x34 USB_Device/Target/usbd_conf.o
                0x000000000800a3aa                HAL_PCD_DataInStageCallback
 .text.HAL_PCD_SOFCallback
                0x000000000800a3de       0x1c USB_Device/Target/usbd_conf.o
                0x000000000800a3de                HAL_PCD_SOFCallback
 .text.HAL_PCD_ResetCallback
                0x000000000800a3fa       0x3c USB_Device/Target/usbd_conf.o
                0x000000000800a3fa                HAL_PCD_ResetCallback
 *fill*         0x000000000800a436        0x2 
 .text.HAL_PCD_SuspendCallback
                0x000000000800a438       0x34 USB_Device/Target/usbd_conf.o
                0x000000000800a438                HAL_PCD_SuspendCallback
 .text.HAL_PCD_ResumeCallback
                0x000000000800a46c       0x38 USB_Device/Target/usbd_conf.o
                0x000000000800a46c                HAL_PCD_ResumeCallback
 .text.USBD_LL_Init
                0x000000000800a4a4       0xc0 USB_Device/Target/usbd_conf.o
                0x000000000800a4a4                USBD_LL_Init
 .text.USBD_LL_Start
                0x000000000800a564       0x36 USB_Device/Target/usbd_conf.o
                0x000000000800a564                USBD_LL_Start
 .text.USBD_LL_OpenEP
                0x000000000800a59a       0x4c USB_Device/Target/usbd_conf.o
                0x000000000800a59a                USBD_LL_OpenEP
 .text.USBD_LL_CloseEP
                0x000000000800a5e6       0x3e USB_Device/Target/usbd_conf.o
                0x000000000800a5e6                USBD_LL_CloseEP
 .text.USBD_LL_StallEP
                0x000000000800a624       0x3e USB_Device/Target/usbd_conf.o
                0x000000000800a624                USBD_LL_StallEP
 .text.USBD_LL_ClearStallEP
                0x000000000800a662       0x3e USB_Device/Target/usbd_conf.o
                0x000000000800a662                USBD_LL_ClearStallEP
 .text.USBD_LL_IsStallEP
                0x000000000800a6a0       0x5a USB_Device/Target/usbd_conf.o
                0x000000000800a6a0                USBD_LL_IsStallEP
 .text.USBD_LL_SetUSBAddress
                0x000000000800a6fa       0x3e USB_Device/Target/usbd_conf.o
                0x000000000800a6fa                USBD_LL_SetUSBAddress
 .text.USBD_LL_Transmit
                0x000000000800a738       0x42 USB_Device/Target/usbd_conf.o
                0x000000000800a738                USBD_LL_Transmit
 .text.USBD_LL_PrepareReceive
                0x000000000800a77a       0x42 USB_Device/Target/usbd_conf.o
                0x000000000800a77a                USBD_LL_PrepareReceive
 .text.USBD_LL_GetRxDataSize
                0x000000000800a7bc       0x26 USB_Device/Target/usbd_conf.o
                0x000000000800a7bc                USBD_LL_GetRxDataSize
 *fill*         0x000000000800a7e2        0x2 
 .text.HAL_PCDEx_LPM_Callback
                0x000000000800a7e4       0x6c USB_Device/Target/usbd_conf.o
                0x000000000800a7e4                HAL_PCDEx_LPM_Callback
 .text.USBD_static_malloc
                0x000000000800a850       0x1c USB_Device/Target/usbd_conf.o
                0x000000000800a850                USBD_static_malloc
 .text.USBD_static_free
                0x000000000800a86c       0x14 USB_Device/Target/usbd_conf.o
                0x000000000800a86c                USBD_static_free
 .text.SystemClockConfig_Resume
                0x000000000800a880        0xc USB_Device/Target/usbd_conf.o
 .text.USBD_Get_USB_Status
                0x000000000800a88c       0x58 USB_Device/Target/usbd_conf.o
 .text.__libc_init_array
                0x000000000800a8e4       0x48 s:/programs hhd/stm32cubeide_1.4.0/stm32cubeide/plugins/com.st.stm32cube.ide.mcu.externaltools.gnu-tools-for-stm32.7-2018-q2-update.win32_1.4.0.202007081208/tools/bin/../lib/gcc/arm-none-eabi/7.3.1/../../../../arm-none-eabi/lib/thumb/v7e-m/fpv4-sp/hard\libc_nano.a(lib_a-init.o)
                0x000000000800a8e4                __libc_init_array
 .text.memset   0x000000000800a92c       0x10 s:/programs hhd/stm32cubeide_1.4.0/stm32cubeide/plugins/com.st.stm32cube.ide.mcu.externaltools.gnu-tools-for-stm32.7-2018-q2-update.win32_1.4.0.202007081208/tools/bin/../lib/gcc/arm-none-eabi/7.3.1/../../../../arm-none-eabi/lib/thumb/v7e-m/fpv4-sp/hard\libc_nano.a(lib_a-memset.o)
                0x000000000800a92c                memset
 *(.glue_7)
 .glue_7        0x000000000800a93c        0x0 linker stubs
 *(.glue_7t)
 .glue_7t       0x000000000800a93c        0x0 linker stubs
 *(.eh_frame)
 .eh_frame      0x000000000800a93c        0x0 s:/programs hhd/stm32cubeide_1.4.0/stm32cubeide/plugins/com.st.stm32cube.ide.mcu.externaltools.gnu-tools-for-stm32.7-2018-q2-update.win32_1.4.0.202007081208/tools/bin/../lib/gcc/arm-none-eabi/7.3.1/thumb/v7e-m/fpv4-sp/hard/crtbegin.o
 *(.init)
 .init          0x000000000800a93c        0x4 s:/programs hhd/stm32cubeide_1.4.0/stm32cubeide/plugins/com.st.stm32cube.ide.mcu.externaltools.gnu-tools-for-stm32.7-2018-q2-update.win32_1.4.0.202007081208/tools/bin/../lib/gcc/arm-none-eabi/7.3.1/thumb/v7e-m/fpv4-sp/hard/crti.o
                0x000000000800a93c                _init
 .init          0x000000000800a940        0x8 s:/programs hhd/stm32cubeide_1.4.0/stm32cubeide/plugins/com.st.stm32cube.ide.mcu.externaltools.gnu-tools-for-stm32.7-2018-q2-update.win32_1.4.0.202007081208/tools/bin/../lib/gcc/arm-none-eabi/7.3.1/thumb/v7e-m/fpv4-sp/hard/crtn.o
 *(.fini)
 .fini          0x000000000800a948        0x4 s:/programs hhd/stm32cubeide_1.4.0/stm32cubeide/plugins/com.st.stm32cube.ide.mcu.externaltools.gnu-tools-for-stm32.7-2018-q2-update.win32_1.4.0.202007081208/tools/bin/../lib/gcc/arm-none-eabi/7.3.1/thumb/v7e-m/fpv4-sp/hard/crti.o
                0x000000000800a948                _fini
 .fini          0x000000000800a94c        0x8 s:/programs hhd/stm32cubeide_1.4.0/stm32cubeide/plugins/com.st.stm32cube.ide.mcu.externaltools.gnu-tools-for-stm32.7-2018-q2-update.win32_1.4.0.202007081208/tools/bin/../lib/gcc/arm-none-eabi/7.3.1/thumb/v7e-m/fpv4-sp/hard/crtn.o
                0x000000000800a954                . = ALIGN (0x4)
                0x000000000800a954                _etext = .

.vfp11_veneer   0x000000000800a954        0x0
 .vfp11_veneer  0x000000000800a954        0x0 linker stubs

.v4_bx          0x000000000800a954        0x0
 .v4_bx         0x000000000800a954        0x0 linker stubs

.iplt           0x000000000800a954        0x0
 .iplt          0x000000000800a954        0x0 s:/programs hhd/stm32cubeide_1.4.0/stm32cubeide/plugins/com.st.stm32cube.ide.mcu.externaltools.gnu-tools-for-stm32.7-2018-q2-update.win32_1.4.0.202007081208/tools/bin/../lib/gcc/arm-none-eabi/7.3.1/thumb/v7e-m/fpv4-sp/hard/crtbegin.o

.rodata         0x000000000800a954       0x88
                0x000000000800a954                . = ALIGN (0x4)
 *(.rodata)
 .rodata        0x000000000800a954       0x10 Drivers/STM32G4xx_HAL_Driver/Src/stm32g4xx_hal_uart_ex.o
 .rodata        0x000000000800a964       0x46 USB_Device/App/usbd_desc.o
 *(.rodata*)
 *fill*         0x000000000800a9aa        0x2 
 .rodata.AHBPrescTable
                0x000000000800a9ac       0x10 Core/Src/system_stm32g4xx.o
                0x000000000800a9ac                AHBPrescTable
 .rodata.APBPrescTable
                0x000000000800a9bc        0x8 Core/Src/system_stm32g4xx.o
                0x000000000800a9bc                APBPrescTable
 .rodata.UARTPrescTable
                0x000000000800a9c4       0x18 Drivers/STM32G4xx_HAL_Driver/Src/stm32g4xx_hal_uart.o
                0x000000000800a9c4                UARTPrescTable
                0x000000000800a9dc                . = ALIGN (0x4)

.ARM.extab      0x000000000800a9dc        0x0
                0x000000000800a9dc                . = ALIGN (0x4)
 *(.ARM.extab* .gnu.linkonce.armextab.*)
                0x000000000800a9dc                . = ALIGN (0x4)

.ARM            0x000000000800a9dc        0x8
                0x000000000800a9dc                . = ALIGN (0x4)
                0x000000000800a9dc                __exidx_start = .
 *(.ARM.exidx*)
 .ARM.exidx     0x000000000800a9dc        0x8 s:/programs hhd/stm32cubeide_1.4.0/stm32cubeide/plugins/com.st.stm32cube.ide.mcu.externaltools.gnu-tools-for-stm32.7-2018-q2-update.win32_1.4.0.202007081208/tools/bin/../lib/gcc/arm-none-eabi/7.3.1/thumb/v7e-m/fpv4-sp/hard\libgcc.a(_udivmoddi4.o)
                0x000000000800a9e4                __exidx_end = .
                0x000000000800a9e4                . = ALIGN (0x4)

.rel.dyn        0x000000000800a9e4        0x0
 .rel.iplt      0x000000000800a9e4        0x0 s:/programs hhd/stm32cubeide_1.4.0/stm32cubeide/plugins/com.st.stm32cube.ide.mcu.externaltools.gnu-tools-for-stm32.7-2018-q2-update.win32_1.4.0.202007081208/tools/bin/../lib/gcc/arm-none-eabi/7.3.1/thumb/v7e-m/fpv4-sp/hard/crtbegin.o

.preinit_array  0x000000000800a9e4        0x0
                0x000000000800a9e4                . = ALIGN (0x4)
                0x000000000800a9e4                PROVIDE (__preinit_array_start = .)
 *(.preinit_array*)
                0x000000000800a9e4                PROVIDE (__preinit_array_end = .)
                0x000000000800a9e4                . = ALIGN (0x4)

.init_array     0x000000000800a9e4        0x4
                0x000000000800a9e4                . = ALIGN (0x4)
                0x000000000800a9e4                PROVIDE (__init_array_start = .)
 *(SORT_BY_NAME(.init_array.*))
 *(.init_array*)
 .init_array    0x000000000800a9e4        0x4 s:/programs hhd/stm32cubeide_1.4.0/stm32cubeide/plugins/com.st.stm32cube.ide.mcu.externaltools.gnu-tools-for-stm32.7-2018-q2-update.win32_1.4.0.202007081208/tools/bin/../lib/gcc/arm-none-eabi/7.3.1/thumb/v7e-m/fpv4-sp/hard/crtbegin.o
                0x000000000800a9e8                PROVIDE (__init_array_end = .)
                0x000000000800a9e8                . = ALIGN (0x4)

.fini_array     0x000000000800a9e8        0x4
                0x000000000800a9e8                . = ALIGN (0x4)
                [!provide]                        PROVIDE (__fini_array_start = .)
 *(SORT_BY_NAME(.fini_array.*))
 *(.fini_array*)
 .fini_array    0x000000000800a9e8        0x4 s:/programs hhd/stm32cubeide_1.4.0/stm32cubeide/plugins/com.st.stm32cube.ide.mcu.externaltools.gnu-tools-for-stm32.7-2018-q2-update.win32_1.4.0.202007081208/tools/bin/../lib/gcc/arm-none-eabi/7.3.1/thumb/v7e-m/fpv4-sp/hard/crtbegin.o
                [!provide]                        PROVIDE (__fini_array_end = .)
                0x000000000800a9ec                . = ALIGN (0x4)
                0x000000000800a9ec                _sidata = LOADADDR (.data)

.data           0x0000000020000000      0x184 load address 0x000000000800a9ec
                0x0000000020000000                . = ALIGN (0x4)
                0x0000000020000000                _sdata = .
 *(.data)
 *(.data*)
 .data.SystemCoreClock
                0x0000000020000000        0x4 Core/Src/system_stm32g4xx.o
                0x0000000020000000                SystemCoreClock
 .data.uwTickPrio
                0x0000000020000004        0x4 Drivers/STM32G4xx_HAL_Driver/Src/stm32g4xx_hal.o
                0x0000000020000004                uwTickPrio
 .data.uwTickFreq
                0x0000000020000008        0x4 Drivers/STM32G4xx_HAL_Driver/Src/stm32g4xx_hal.o
                0x0000000020000008                uwTickFreq
 .data.USBD_CDC_DeviceQualifierDesc
                0x000000002000000c        0xa Middlewares/ST/STM32_USB_Device_Library/Class/CDC/Src/usbd_cdc.o
 *fill*         0x0000000020000016        0x2 
 .data.USBD_CDC
                0x0000000020000018       0x38 Middlewares/ST/STM32_USB_Device_Library/Class/CDC/Src/usbd_cdc.o
                0x0000000020000018                USBD_CDC
 .data.USBD_CDC_CfgHSDesc
                0x0000000020000050       0x43 Middlewares/ST/STM32_USB_Device_Library/Class/CDC/Src/usbd_cdc.o
 *fill*         0x0000000020000093        0x1 
 .data.USBD_CDC_CfgFSDesc
                0x0000000020000094       0x43 Middlewares/ST/STM32_USB_Device_Library/Class/CDC/Src/usbd_cdc.o
 *fill*         0x00000000200000d7        0x1 
 .data.USBD_CDC_OtherSpeedCfgDesc
                0x00000000200000d8       0x43 Middlewares/ST/STM32_USB_Device_Library/Class/CDC/Src/usbd_cdc.o
 *fill*         0x000000002000011b        0x1 
 .data.USBD_Interface_fops_FS
                0x000000002000011c       0x14 USB_Device/App/usbd_cdc_if.o
                0x000000002000011c                USBD_Interface_fops_FS
 .data.CDC_Desc
                0x0000000020000130       0x20 USB_Device/App/usbd_desc.o
                0x0000000020000130                CDC_Desc
 .data.USBD_CDC_DeviceDesc
                0x0000000020000150       0x12 USB_Device/App/usbd_desc.o
                0x0000000020000150                USBD_CDC_DeviceDesc
 *fill*         0x0000000020000162        0x2 
 .data.USBD_LangIDDesc
                0x0000000020000164        0x4 USB_Device/App/usbd_desc.o
                0x0000000020000164                USBD_LangIDDesc
 .data.USBD_StringSerial
                0x0000000020000168       0x1a USB_Device/App/usbd_desc.o
                0x0000000020000168                USBD_StringSerial
                0x0000000020000184                . = ALIGN (0x4)
 *fill*         0x0000000020000182        0x2 
                0x0000000020000184                _edata = .

.igot.plt       0x0000000020000184        0x0 load address 0x000000000800ab70
 .igot.plt      0x0000000020000184        0x0 s:/programs hhd/stm32cubeide_1.4.0/stm32cubeide/plugins/com.st.stm32cube.ide.mcu.externaltools.gnu-tools-for-stm32.7-2018-q2-update.win32_1.4.0.202007081208/tools/bin/../lib/gcc/arm-none-eabi/7.3.1/thumb/v7e-m/fpv4-sp/hard/crtbegin.o
                0x0000000020000184                . = ALIGN (0x4)

.bss            0x0000000020000184     0x1438 load address 0x000000000800ab70
                0x0000000020000184                _sbss = .
                0x0000000020000184                __bss_start__ = _sbss
 *(.bss)
 .bss           0x0000000020000184       0x1c s:/programs hhd/stm32cubeide_1.4.0/stm32cubeide/plugins/com.st.stm32cube.ide.mcu.externaltools.gnu-tools-for-stm32.7-2018-q2-update.win32_1.4.0.202007081208/tools/bin/../lib/gcc/arm-none-eabi/7.3.1/thumb/v7e-m/fpv4-sp/hard/crtbegin.o
 *(.bss*)
 .bss.cfgidx.10828
                0x00000000200001a0        0x1 Middlewares/ST/STM32_USB_Device_Library/Core/Src/usbd_ctlreq.o
 *fill*         0x00000000200001a1        0x3 
 .bss.mem.10906
                0x00000000200001a4      0x220 USB_Device/Target/usbd_conf.o
 *(COMMON)
 COMMON         0x00000000200003c4       0x64 Core/Src/spi.o
                0x00000000200003c4                hspi1
 COMMON         0x0000000020000428       0xe4 Core/Src/tim.o
                0x0000000020000428                htim8
                0x0000000020000474                htim4
                0x00000000200004c0                htim1
 COMMON         0x000000002000050c      0x118 Core/Src/usart.o
                0x000000002000050c                huart1
                0x0000000020000598                huart2
 COMMON         0x0000000020000624        0x4 Drivers/STM32G4xx_HAL_Driver/Src/stm32g4xx_hal.o
                0x0000000020000624                uwTick
 COMMON         0x0000000020000628      0x2d0 USB_Device/App/usb_device.o
                0x0000000020000628                hUsbDeviceFS
 COMMON         0x00000000200008f8      0x7d0 USB_Device/App/usbd_cdc_if.o
                0x00000000200008f8                UserRxBufferFS
                0x0000000020000ce0                UserTxBufferFS
 COMMON         0x00000000200010c8      0x200 USB_Device/App/usbd_desc.o
                0x00000000200010c8                USBD_StrDesc
 COMMON         0x00000000200012c8      0x2f4 USB_Device/Target/usbd_conf.o
                0x00000000200012c8                hpcd_USB_FS
                0x00000000200015bc                . = ALIGN (0x4)
                0x00000000200015bc                _ebss = .
                0x00000000200015bc                __bss_end__ = _ebss

._user_heap_stack
                0x00000000200015bc      0x604 load address 0x000000000800ab70
                0x00000000200015c0                . = ALIGN (0x8)
 *fill*         0x00000000200015bc        0x4 
                [!provide]                        PROVIDE (end = .)
                0x00000000200015c0                PROVIDE (_end = .)
                0x00000000200017c0                . = (. + _Min_Heap_Size)
 *fill*         0x00000000200015c0      0x200 
                0x0000000020001bc0                . = (. + _Min_Stack_Size)
 *fill*         0x00000000200017c0      0x400 
                0x0000000020001bc0                . = ALIGN (0x8)

/DISCARD/
 libc.a(*)
 libm.a(*)
 libgcc.a(*)

.ARM.attributes
                0x0000000000000000       0x30
 *(.ARM.attributes)
 .ARM.attributes
                0x0000000000000000       0x22 s:/programs hhd/stm32cubeide_1.4.0/stm32cubeide/plugins/com.st.stm32cube.ide.mcu.externaltools.gnu-tools-for-stm32.7-2018-q2-update.win32_1.4.0.202007081208/tools/bin/../lib/gcc/arm-none-eabi/7.3.1/thumb/v7e-m/fpv4-sp/hard/crti.o
 .ARM.attributes
                0x0000000000000022       0x34 s:/programs hhd/stm32cubeide_1.4.0/stm32cubeide/plugins/com.st.stm32cube.ide.mcu.externaltools.gnu-tools-for-stm32.7-2018-q2-update.win32_1.4.0.202007081208/tools/bin/../lib/gcc/arm-none-eabi/7.3.1/thumb/v7e-m/fpv4-sp/hard/crtbegin.o
 .ARM.attributes
                0x0000000000000056       0x39 Core/Src/gpio.o
 .ARM.attributes
                0x000000000000008f       0x39 Core/Src/main.o
 .ARM.attributes
                0x00000000000000c8       0x39 Core/Src/spi.o
 .ARM.attributes
                0x0000000000000101       0x39 Core/Src/stm32g4xx_hal_msp.o
 .ARM.attributes
                0x000000000000013a       0x39 Core/Src/stm32g4xx_it.o
 .ARM.attributes
                0x0000000000000173       0x39 Core/Src/system_stm32g4xx.o
 .ARM.attributes
                0x00000000000001ac       0x39 Core/Src/tim.o
 .ARM.attributes
                0x00000000000001e5       0x39 Core/Src/usart.o
 .ARM.attributes
                0x000000000000021e       0x21 Core/Startup/startup_stm32g431kbtx.o
 .ARM.attributes
                0x000000000000023f       0x39 Drivers/STM32G4xx_HAL_Driver/Src/stm32g4xx_hal.o
 .ARM.attributes
                0x0000000000000278       0x39 Drivers/STM32G4xx_HAL_Driver/Src/stm32g4xx_hal_cortex.o
 .ARM.attributes
                0x00000000000002b1       0x39 Drivers/STM32G4xx_HAL_Driver/Src/stm32g4xx_hal_gpio.o
 .ARM.attributes
                0x00000000000002ea       0x39 Drivers/STM32G4xx_HAL_Driver/Src/stm32g4xx_hal_pcd.o
 .ARM.attributes
                0x0000000000000323       0x39 Drivers/STM32G4xx_HAL_Driver/Src/stm32g4xx_hal_pcd_ex.o
 .ARM.attributes
                0x000000000000035c       0x39 Drivers/STM32G4xx_HAL_Driver/Src/stm32g4xx_hal_pwr_ex.o
 .ARM.attributes
                0x0000000000000395       0x39 Drivers/STM32G4xx_HAL_Driver/Src/stm32g4xx_hal_rcc.o
 .ARM.attributes
                0x00000000000003ce       0x39 Drivers/STM32G4xx_HAL_Driver/Src/stm32g4xx_hal_rcc_ex.o
 .ARM.attributes
                0x0000000000000407       0x39 Drivers/STM32G4xx_HAL_Driver/Src/stm32g4xx_hal_spi.o
 .ARM.attributes
                0x0000000000000440       0x39 Drivers/STM32G4xx_HAL_Driver/Src/stm32g4xx_hal_tim.o
 .ARM.attributes
                0x0000000000000479       0x39 Drivers/STM32G4xx_HAL_Driver/Src/stm32g4xx_hal_tim_ex.o
 .ARM.attributes
                0x00000000000004b2       0x39 Drivers/STM32G4xx_HAL_Driver/Src/stm32g4xx_hal_uart.o
 .ARM.attributes
                0x00000000000004eb       0x39 Drivers/STM32G4xx_HAL_Driver/Src/stm32g4xx_hal_uart_ex.o
 .ARM.attributes
                0x0000000000000524       0x39 Drivers/STM32G4xx_HAL_Driver/Src/stm32g4xx_ll_usb.o
 .ARM.attributes
                0x000000000000055d       0x39 Middlewares/ST/STM32_USB_Device_Library/Class/CDC/Src/usbd_cdc.o
 .ARM.attributes
                0x0000000000000596       0x39 Middlewares/ST/STM32_USB_Device_Library/Core/Src/usbd_core.o
 .ARM.attributes
                0x00000000000005cf       0x39 Middlewares/ST/STM32_USB_Device_Library/Core/Src/usbd_ctlreq.o
 .ARM.attributes
                0x0000000000000608       0x39 Middlewares/ST/STM32_USB_Device_Library/Core/Src/usbd_ioreq.o
 .ARM.attributes
                0x0000000000000641       0x39 USB_Device/App/usb_device.o
 .ARM.attributes
                0x000000000000067a       0x39 USB_Device/App/usbd_cdc_if.o
 .ARM.attributes
                0x00000000000006b3       0x39 USB_Device/App/usbd_desc.o
 .ARM.attributes
                0x00000000000006ec       0x39 USB_Device/Target/usbd_conf.o
 .ARM.attributes
                0x0000000000000725       0x34 s:/programs hhd/stm32cubeide_1.4.0/stm32cubeide/plugins/com.st.stm32cube.ide.mcu.externaltools.gnu-tools-for-stm32.7-2018-q2-update.win32_1.4.0.202007081208/tools/bin/../lib/gcc/arm-none-eabi/7.3.1/../../../../arm-none-eabi/lib/thumb/v7e-m/fpv4-sp/hard\libc_nano.a(lib_a-init.o)
 .ARM.attributes
                0x0000000000000759       0x34 s:/programs hhd/stm32cubeide_1.4.0/stm32cubeide/plugins/com.st.stm32cube.ide.mcu.externaltools.gnu-tools-for-stm32.7-2018-q2-update.win32_1.4.0.202007081208/tools/bin/../lib/gcc/arm-none-eabi/7.3.1/../../../../arm-none-eabi/lib/thumb/v7e-m/fpv4-sp/hard\libc_nano.a(lib_a-memset.o)
 .ARM.attributes
                0x000000000000078d       0x22 s:/programs hhd/stm32cubeide_1.4.0/stm32cubeide/plugins/com.st.stm32cube.ide.mcu.externaltools.gnu-tools-for-stm32.7-2018-q2-update.win32_1.4.0.202007081208/tools/bin/../lib/gcc/arm-none-eabi/7.3.1/thumb/v7e-m/fpv4-sp/hard\libgcc.a(_aeabi_uldivmod.o)
 .ARM.attributes
                0x00000000000007af       0x34 s:/programs hhd/stm32cubeide_1.4.0/stm32cubeide/plugins/com.st.stm32cube.ide.mcu.externaltools.gnu-tools-for-stm32.7-2018-q2-update.win32_1.4.0.202007081208/tools/bin/../lib/gcc/arm-none-eabi/7.3.1/thumb/v7e-m/fpv4-sp/hard\libgcc.a(_udivmoddi4.o)
 .ARM.attributes
                0x00000000000007e3       0x22 s:/programs hhd/stm32cubeide_1.4.0/stm32cubeide/plugins/com.st.stm32cube.ide.mcu.externaltools.gnu-tools-for-stm32.7-2018-q2-update.win32_1.4.0.202007081208/tools/bin/../lib/gcc/arm-none-eabi/7.3.1/thumb/v7e-m/fpv4-sp/hard\libgcc.a(_dvmd_tls.o)
 .ARM.attributes
                0x0000000000000805       0x22 s:/programs hhd/stm32cubeide_1.4.0/stm32cubeide/plugins/com.st.stm32cube.ide.mcu.externaltools.gnu-tools-for-stm32.7-2018-q2-update.win32_1.4.0.202007081208/tools/bin/../lib/gcc/arm-none-eabi/7.3.1/thumb/v7e-m/fpv4-sp/hard/crtn.o
OUTPUT(GP_firmware.elf elf32-littlearm)

.debug_info     0x0000000000000000    0x215ab
 .debug_info    0x0000000000000000      0x656 Core/Src/gpio.o
 .debug_info    0x0000000000000656     0x1e74 Core/Src/main.o
 .debug_info    0x00000000000024ca      0xc13 Core/Src/spi.o
 .debug_info    0x00000000000030dd      0x4f9 Core/Src/stm32g4xx_hal_msp.o
 .debug_info    0x00000000000035d6      0xea3 Core/Src/stm32g4xx_it.o
 .debug_info    0x0000000000004479      0x6eb Core/Src/system_stm32g4xx.o
 .debug_info    0x0000000000004b64     0x1233 Core/Src/tim.o
 .debug_info    0x0000000000005d97      0xd14 Core/Src/usart.o
 .debug_info    0x0000000000006aab       0x22 Core/Startup/startup_stm32g431kbtx.o
 .debug_info    0x0000000000006acd      0xbe6 Drivers/STM32G4xx_HAL_Driver/Src/stm32g4xx_hal.o
 .debug_info    0x00000000000076b3      0xef7 Drivers/STM32G4xx_HAL_Driver/Src/stm32g4xx_hal_cortex.o
 .debug_info    0x00000000000085aa      0x99e Drivers/STM32G4xx_HAL_Driver/Src/stm32g4xx_hal_gpio.o
 .debug_info    0x0000000000008f48     0x12ab Drivers/STM32G4xx_HAL_Driver/Src/stm32g4xx_hal_pcd.o
 .debug_info    0x000000000000a1f3      0x9a6 Drivers/STM32G4xx_HAL_Driver/Src/stm32g4xx_hal_pcd_ex.o
 .debug_info    0x000000000000ab99      0xad8 Drivers/STM32G4xx_HAL_Driver/Src/stm32g4xx_hal_pwr_ex.o
 .debug_info    0x000000000000b671      0xccb Drivers/STM32G4xx_HAL_Driver/Src/stm32g4xx_hal_rcc.o
 .debug_info    0x000000000000c33c      0xdb8 Drivers/STM32G4xx_HAL_Driver/Src/stm32g4xx_hal_rcc_ex.o
 .debug_info    0x000000000000d0f4     0x187d Drivers/STM32G4xx_HAL_Driver/Src/stm32g4xx_hal_spi.o
 .debug_info    0x000000000000e971     0x2b63 Drivers/STM32G4xx_HAL_Driver/Src/stm32g4xx_hal_tim.o
 .debug_info    0x00000000000114d4     0x1ccf Drivers/STM32G4xx_HAL_Driver/Src/stm32g4xx_hal_tim_ex.o
 .debug_info    0x00000000000131a3     0x1a91 Drivers/STM32G4xx_HAL_Driver/Src/stm32g4xx_hal_uart.o
 .debug_info    0x0000000000014c34      0xca0 Drivers/STM32G4xx_HAL_Driver/Src/stm32g4xx_hal_uart_ex.o
 .debug_info    0x00000000000158d4     0x19db Drivers/STM32G4xx_HAL_Driver/Src/stm32g4xx_ll_usb.o
 .debug_info    0x00000000000172af     0x1959 Middlewares/ST/STM32_USB_Device_Library/Class/CDC/Src/usbd_cdc.o
 .debug_info    0x0000000000018c08     0x138e Middlewares/ST/STM32_USB_Device_Library/Core/Src/usbd_core.o
 .debug_info    0x0000000000019f96     0x1358 Middlewares/ST/STM32_USB_Device_Library/Core/Src/usbd_ctlreq.o
 .debug_info    0x000000000001b2ee     0x10a3 Middlewares/ST/STM32_USB_Device_Library/Core/Src/usbd_ioreq.o
 .debug_info    0x000000000001c391     0x1016 USB_Device/App/usb_device.o
 .debug_info    0x000000000001d3a7     0x1228 USB_Device/App/usbd_cdc_if.o
 .debug_info    0x000000000001e5cf      0xe32 USB_Device/App/usbd_desc.o
 .debug_info    0x000000000001f401     0x21aa USB_Device/Target/usbd_conf.o

.debug_abbrev   0x0000000000000000     0x3f7d
 .debug_abbrev  0x0000000000000000      0x134 Core/Src/gpio.o
 .debug_abbrev  0x0000000000000134      0x27e Core/Src/main.o
 .debug_abbrev  0x00000000000003b2      0x199 Core/Src/spi.o
 .debug_abbrev  0x000000000000054b      0x125 Core/Src/stm32g4xx_hal_msp.o
 .debug_abbrev  0x0000000000000670      0x1b0 Core/Src/stm32g4xx_it.o
 .debug_abbrev  0x0000000000000820      0x147 Core/Src/system_stm32g4xx.o
 .debug_abbrev  0x0000000000000967      0x207 Core/Src/tim.o
 .debug_abbrev  0x0000000000000b6e      0x199 Core/Src/usart.o
 .debug_abbrev  0x0000000000000d07       0x12 Core/Startup/startup_stm32g431kbtx.o
 .debug_abbrev  0x0000000000000d19      0x1fb Drivers/STM32G4xx_HAL_Driver/Src/stm32g4xx_hal.o
 .debug_abbrev  0x0000000000000f14      0x2f1 Drivers/STM32G4xx_HAL_Driver/Src/stm32g4xx_hal_cortex.o
 .debug_abbrev  0x0000000000001205      0x1c0 Drivers/STM32G4xx_HAL_Driver/Src/stm32g4xx_hal_gpio.o
 .debug_abbrev  0x00000000000013c5      0x268 Drivers/STM32G4xx_HAL_Driver/Src/stm32g4xx_hal_pcd.o
 .debug_abbrev  0x000000000000162d      0x1eb Drivers/STM32G4xx_HAL_Driver/Src/stm32g4xx_hal_pcd_ex.o
 .debug_abbrev  0x0000000000001818      0x1fd Drivers/STM32G4xx_HAL_Driver/Src/stm32g4xx_hal_pwr_ex.o
 .debug_abbrev  0x0000000000001a15      0x245 Drivers/STM32G4xx_HAL_Driver/Src/stm32g4xx_hal_rcc.o
 .debug_abbrev  0x0000000000001c5a      0x204 Drivers/STM32G4xx_HAL_Driver/Src/stm32g4xx_hal_rcc_ex.o
 .debug_abbrev  0x0000000000001e5e      0x228 Drivers/STM32G4xx_HAL_Driver/Src/stm32g4xx_hal_spi.o
 .debug_abbrev  0x0000000000002086      0x25b Drivers/STM32G4xx_HAL_Driver/Src/stm32g4xx_hal_tim.o
 .debug_abbrev  0x00000000000022e1      0x261 Drivers/STM32G4xx_HAL_Driver/Src/stm32g4xx_hal_tim_ex.o
 .debug_abbrev  0x0000000000002542      0x212 Drivers/STM32G4xx_HAL_Driver/Src/stm32g4xx_hal_uart.o
 .debug_abbrev  0x0000000000002754      0x1e2 Drivers/STM32G4xx_HAL_Driver/Src/stm32g4xx_hal_uart_ex.o
 .debug_abbrev  0x0000000000002936      0x231 Drivers/STM32G4xx_HAL_Driver/Src/stm32g4xx_ll_usb.o
 .debug_abbrev  0x0000000000002b67      0x2af Middlewares/ST/STM32_USB_Device_Library/Class/CDC/Src/usbd_cdc.o
 .debug_abbrev  0x0000000000002e16      0x27d Middlewares/ST/STM32_USB_Device_Library/Core/Src/usbd_core.o
 .debug_abbrev  0x0000000000003093      0x2ba Middlewares/ST/STM32_USB_Device_Library/Core/Src/usbd_ctlreq.o
 .debug_abbrev  0x000000000000334d      0x1fc Middlewares/ST/STM32_USB_Device_Library/Core/Src/usbd_ioreq.o
 .debug_abbrev  0x0000000000003549      0x1da USB_Device/App/usb_device.o
 .debug_abbrev  0x0000000000003723      0x2ca USB_Device/App/usbd_cdc_if.o
 .debug_abbrev  0x00000000000039ed      0x290 USB_Device/App/usbd_desc.o
 .debug_abbrev  0x0000000000003c7d      0x300 USB_Device/Target/usbd_conf.o

.debug_aranges  0x0000000000000000     0x1868
 .debug_aranges
                0x0000000000000000       0x20 Core/Src/gpio.o
 .debug_aranges
                0x0000000000000020       0x40 Core/Src/main.o
 .debug_aranges
                0x0000000000000060       0x30 Core/Src/spi.o
 .debug_aranges
                0x0000000000000090       0x20 Core/Src/stm32g4xx_hal_msp.o
 .debug_aranges
                0x00000000000000b0       0x70 Core/Src/stm32g4xx_it.o
 .debug_aranges
                0x0000000000000120       0x28 Core/Src/system_stm32g4xx.o
 .debug_aranges
                0x0000000000000148       0x48 Core/Src/tim.o
 .debug_aranges
                0x0000000000000190       0x38 Core/Src/usart.o
 .debug_aranges
                0x00000000000001c8       0x28 Core/Startup/startup_stm32g431kbtx.o
 .debug_aranges
                0x00000000000001f0      0x130 Drivers/STM32G4xx_HAL_Driver/Src/stm32g4xx_hal.o
 .debug_aranges
                0x0000000000000320      0x118 Drivers/STM32G4xx_HAL_Driver/Src/stm32g4xx_hal_cortex.o
 .debug_aranges
                0x0000000000000438       0x58 Drivers/STM32G4xx_HAL_Driver/Src/stm32g4xx_hal_gpio.o
 .debug_aranges
                0x0000000000000490      0x130 Drivers/STM32G4xx_HAL_Driver/Src/stm32g4xx_hal_pcd.o
 .debug_aranges
                0x00000000000005c0       0x58 Drivers/STM32G4xx_HAL_Driver/Src/stm32g4xx_hal_pcd_ex.o
 .debug_aranges
                0x0000000000000618      0x140 Drivers/STM32G4xx_HAL_Driver/Src/stm32g4xx_hal_pwr_ex.o
 .debug_aranges
                0x0000000000000758       0x98 Drivers/STM32G4xx_HAL_Driver/Src/stm32g4xx_hal_rcc.o
 .debug_aranges
                0x00000000000007f0       0xb0 Drivers/STM32G4xx_HAL_Driver/Src/stm32g4xx_hal_rcc_ex.o
 .debug_aranges
                0x00000000000008a0      0x1d8 Drivers/STM32G4xx_HAL_Driver/Src/stm32g4xx_hal_spi.o
 .debug_aranges
                0x0000000000000a78      0x3e0 Drivers/STM32G4xx_HAL_Driver/Src/stm32g4xx_hal_tim.o
 .debug_aranges
                0x0000000000000e58      0x240 Drivers/STM32G4xx_HAL_Driver/Src/stm32g4xx_hal_tim_ex.o
 .debug_aranges
                0x0000000000001098      0x230 Drivers/STM32G4xx_HAL_Driver/Src/stm32g4xx_hal_uart.o
 .debug_aranges
                0x00000000000012c8       0x88 Drivers/STM32G4xx_HAL_Driver/Src/stm32g4xx_hal_uart_ex.o
 .debug_aranges
                0x0000000000001350      0x108 Drivers/STM32G4xx_HAL_Driver/Src/stm32g4xx_ll_usb.o
 .debug_aranges
                0x0000000000001458       0x90 Middlewares/ST/STM32_USB_Device_Library/Class/CDC/Src/usbd_cdc.o
 .debug_aranges
                0x00000000000014e8       0xb8 Middlewares/ST/STM32_USB_Device_Library/Core/Src/usbd_core.o
 .debug_aranges
                0x00000000000015a0       0x90 Middlewares/ST/STM32_USB_Device_Library/Core/Src/usbd_ctlreq.o
 .debug_aranges
                0x0000000000001630       0x50 Middlewares/ST/STM32_USB_Device_Library/Core/Src/usbd_ioreq.o
 .debug_aranges
                0x0000000000001680       0x20 USB_Device/App/usb_device.o
 .debug_aranges
                0x00000000000016a0       0x48 USB_Device/App/usbd_cdc_if.o
 .debug_aranges
                0x00000000000016e8       0x60 USB_Device/App/usbd_desc.o
 .debug_aranges
                0x0000000000001748      0x120 USB_Device/Target/usbd_conf.o

.debug_ranges   0x0000000000000000     0x1680
 .debug_ranges  0x0000000000000000       0x10 Core/Src/gpio.o
 .debug_ranges  0x0000000000000010       0x30 Core/Src/main.o
 .debug_ranges  0x0000000000000040       0x20 Core/Src/spi.o
 .debug_ranges  0x0000000000000060       0x10 Core/Src/stm32g4xx_hal_msp.o
 .debug_ranges  0x0000000000000070       0x60 Core/Src/stm32g4xx_it.o
 .debug_ranges  0x00000000000000d0       0x18 Core/Src/system_stm32g4xx.o
 .debug_ranges  0x00000000000000e8       0x38 Core/Src/tim.o
 .debug_ranges  0x0000000000000120       0x28 Core/Src/usart.o
 .debug_ranges  0x0000000000000148       0x20 Core/Startup/startup_stm32g431kbtx.o
 .debug_ranges  0x0000000000000168      0x120 Drivers/STM32G4xx_HAL_Driver/Src/stm32g4xx_hal.o
 .debug_ranges  0x0000000000000288      0x108 Drivers/STM32G4xx_HAL_Driver/Src/stm32g4xx_hal_cortex.o
 .debug_ranges  0x0000000000000390       0x48 Drivers/STM32G4xx_HAL_Driver/Src/stm32g4xx_hal_gpio.o
 .debug_ranges  0x00000000000003d8      0x120 Drivers/STM32G4xx_HAL_Driver/Src/stm32g4xx_hal_pcd.o
 .debug_ranges  0x00000000000004f8       0x48 Drivers/STM32G4xx_HAL_Driver/Src/stm32g4xx_hal_pcd_ex.o
 .debug_ranges  0x0000000000000540      0x130 Drivers/STM32G4xx_HAL_Driver/Src/stm32g4xx_hal_pwr_ex.o
 .debug_ranges  0x0000000000000670       0x88 Drivers/STM32G4xx_HAL_Driver/Src/stm32g4xx_hal_rcc.o
 .debug_ranges  0x00000000000006f8       0xa0 Drivers/STM32G4xx_HAL_Driver/Src/stm32g4xx_hal_rcc_ex.o
 .debug_ranges  0x0000000000000798      0x1c8 Drivers/STM32G4xx_HAL_Driver/Src/stm32g4xx_hal_spi.o
 .debug_ranges  0x0000000000000960      0x3d0 Drivers/STM32G4xx_HAL_Driver/Src/stm32g4xx_hal_tim.o
 .debug_ranges  0x0000000000000d30      0x230 Drivers/STM32G4xx_HAL_Driver/Src/stm32g4xx_hal_tim_ex.o
 .debug_ranges  0x0000000000000f60      0x220 Drivers/STM32G4xx_HAL_Driver/Src/stm32g4xx_hal_uart.o
 .debug_ranges  0x0000000000001180       0x78 Drivers/STM32G4xx_HAL_Driver/Src/stm32g4xx_hal_uart_ex.o
 .debug_ranges  0x00000000000011f8       0xf8 Drivers/STM32G4xx_HAL_Driver/Src/stm32g4xx_ll_usb.o
 .debug_ranges  0x00000000000012f0       0x80 Middlewares/ST/STM32_USB_Device_Library/Class/CDC/Src/usbd_cdc.o
 .debug_ranges  0x0000000000001370       0xa8 Middlewares/ST/STM32_USB_Device_Library/Core/Src/usbd_core.o
 .debug_ranges  0x0000000000001418       0x80 Middlewares/ST/STM32_USB_Device_Library/Core/Src/usbd_ctlreq.o
 .debug_ranges  0x0000000000001498       0x40 Middlewares/ST/STM32_USB_Device_Library/Core/Src/usbd_ioreq.o
 .debug_ranges  0x00000000000014d8       0x10 USB_Device/App/usb_device.o
 .debug_ranges  0x00000000000014e8       0x38 USB_Device/App/usbd_cdc_if.o
 .debug_ranges  0x0000000000001520       0x50 USB_Device/App/usbd_desc.o
 .debug_ranges  0x0000000000001570      0x110 USB_Device/Target/usbd_conf.o

.debug_macro    0x0000000000000000    0x222df
 .debug_macro   0x0000000000000000      0x220 Core/Src/gpio.o
 .debug_macro   0x0000000000000220      0xa5a Core/Src/gpio.o
 .debug_macro   0x0000000000000c7a      0x167 Core/Src/gpio.o
 .debug_macro   0x0000000000000de1       0x2e Core/Src/gpio.o
 .debug_macro   0x0000000000000e0f       0x28 Core/Src/gpio.o
 .debug_macro   0x0000000000000e37       0x22 Core/Src/gpio.o
 .debug_macro   0x0000000000000e59       0x8e Core/Src/gpio.o
 .debug_macro   0x0000000000000ee7       0x51 Core/Src/gpio.o
 .debug_macro   0x0000000000000f38       0xef Core/Src/gpio.o
 .debug_macro   0x0000000000001027       0x6a Core/Src/gpio.o
 .debug_macro   0x0000000000001091      0x1df Core/Src/gpio.o
 .debug_macro   0x0000000000001270       0x1c Core/Src/gpio.o
 .debug_macro   0x000000000000128c       0x22 Core/Src/gpio.o
 .debug_macro   0x00000000000012ae      0x101 Core/Src/gpio.o
 .debug_macro   0x00000000000013af     0x1011 Core/Src/gpio.o
 .debug_macro   0x00000000000023c0      0x11f Core/Src/gpio.o
 .debug_macro   0x00000000000024df    0x1138f Core/Src/gpio.o
 .debug_macro   0x000000000001386e       0x43 Core/Src/gpio.o
 .debug_macro   0x00000000000138b1     0x34ed Core/Src/gpio.o
 .debug_macro   0x0000000000016d9e      0x174 Core/Src/gpio.o
 .debug_macro   0x0000000000016f12       0x5a Core/Src/gpio.o
 .debug_macro   0x0000000000016f6c     0x13de Core/Src/gpio.o
 .debug_macro   0x000000000001834a      0x535 Core/Src/gpio.o
 .debug_macro   0x000000000001887f      0x137 Core/Src/gpio.o
 .debug_macro   0x00000000000189b6      0x289 Core/Src/gpio.o
 .debug_macro   0x0000000000018c3f      0x41d Core/Src/gpio.o
 .debug_macro   0x000000000001905c      0x18b Core/Src/gpio.o
 .debug_macro   0x00000000000191e7       0x43 Core/Src/gpio.o
 .debug_macro   0x000000000001922a      0x23d Core/Src/gpio.o
 .debug_macro   0x0000000000019467      0x212 Core/Src/gpio.o
 .debug_macro   0x0000000000019679      0x401 Core/Src/gpio.o
 .debug_macro   0x0000000000019a7a      0x107 Core/Src/gpio.o
 .debug_macro   0x0000000000019b81       0x65 Core/Src/gpio.o
 .debug_macro   0x0000000000019be6      0x234 Core/Src/gpio.o
 .debug_macro   0x0000000000019e1a      0x122 Core/Src/gpio.o
 .debug_macro   0x0000000000019f3c      0x3d1 Core/Src/gpio.o
 .debug_macro   0x000000000001a30d      0x2fe Core/Src/gpio.o
 .debug_macro   0x000000000001a60b      0xbbe Core/Src/gpio.o
 .debug_macro   0x000000000001b1c9      0x47e Core/Src/gpio.o
 .debug_macro   0x000000000001b647      0x662 Core/Src/gpio.o
 .debug_macro   0x000000000001bca9       0xa6 Core/Src/gpio.o
 .debug_macro   0x000000000001bd4f      0x307 Core/Src/gpio.o
 .debug_macro   0x000000000001c056       0x7c Core/Src/gpio.o
 .debug_macro   0x000000000001c0d2      0x424 Core/Src/main.o
 .debug_macro   0x000000000001c4f6       0x46 Core/Src/main.o
 .debug_macro   0x000000000001c53c       0x18 Core/Src/main.o
 .debug_macro   0x000000000001c554       0x3c Core/Src/main.o
 .debug_macro   0x000000000001c590       0x34 Core/Src/main.o
 .debug_macro   0x000000000001c5c4       0x16 Core/Src/main.o
 .debug_macro   0x000000000001c5da       0x35 Core/Src/main.o
 .debug_macro   0x000000000001c60f      0x32a Core/Src/main.o
 .debug_macro   0x000000000001c939       0x10 Core/Src/main.o
 .debug_macro   0x000000000001c949       0x52 Core/Src/main.o
 .debug_macro   0x000000000001c99b       0x1f Core/Src/main.o
 .debug_macro   0x000000000001c9ba       0x43 Core/Src/main.o
 .debug_macro   0x000000000001c9fd       0x20 Core/Src/main.o
 .debug_macro   0x000000000001ca1d      0x1a3 Core/Src/main.o
 .debug_macro   0x000000000001cbc0       0x10 Core/Src/main.o
 .debug_macro   0x000000000001cbd0       0x1c Core/Src/main.o
 .debug_macro   0x000000000001cbec       0x52 Core/Src/main.o
 .debug_macro   0x000000000001cc3e       0x40 Core/Src/main.o
 .debug_macro   0x000000000001cc7e       0x10 Core/Src/main.o
 .debug_macro   0x000000000001cc8e       0x40 Core/Src/main.o
 .debug_macro   0x000000000001ccce       0xd7 Core/Src/main.o
 .debug_macro   0x000000000001cda5       0x1c Core/Src/main.o
 .debug_macro   0x000000000001cdc1       0x3d Core/Src/main.o
 .debug_macro   0x000000000001cdfe       0x16 Core/Src/main.o
 .debug_macro   0x000000000001ce14      0x145 Core/Src/main.o
 .debug_macro   0x000000000001cf59       0x16 Core/Src/main.o
 .debug_macro   0x000000000001cf6f       0x16 Core/Src/main.o
 .debug_macro   0x000000000001cf85       0x29 Core/Src/main.o
 .debug_macro   0x000000000001cfae       0x16 Core/Src/main.o
 .debug_macro   0x000000000001cfc4       0x20 Core/Src/main.o
 .debug_macro   0x000000000001cfe4       0x5f Core/Src/main.o
 .debug_macro   0x000000000001d043      0x1c4 Core/Src/main.o
 .debug_macro   0x000000000001d207      0x220 Core/Src/spi.o
 .debug_macro   0x000000000001d427      0x216 Core/Src/stm32g4xx_hal_msp.o
 .debug_macro   0x000000000001d63d      0x220 Core/Src/stm32g4xx_it.o
 .debug_macro   0x000000000001d85d      0x20d Core/Src/system_stm32g4xx.o
 .debug_macro   0x000000000001da6a      0x220 Core/Src/tim.o
 .debug_macro   0x000000000001dc8a      0x220 Core/Src/usart.o
 .debug_macro   0x000000000001deaa      0x255 Drivers/STM32G4xx_HAL_Driver/Src/stm32g4xx_hal.o
 .debug_macro   0x000000000001e0ff      0x207 Drivers/STM32G4xx_HAL_Driver/Src/stm32g4xx_hal_cortex.o
 .debug_macro   0x000000000001e306      0x23f Drivers/STM32G4xx_HAL_Driver/Src/stm32g4xx_hal_gpio.o
 .debug_macro   0x000000000001e545      0x213 Drivers/STM32G4xx_HAL_Driver/Src/stm32g4xx_hal_pcd.o
 .debug_macro   0x000000000001e758      0x207 Drivers/STM32G4xx_HAL_Driver/Src/stm32g4xx_hal_pcd_ex.o
 .debug_macro   0x000000000001e95f      0x231 Drivers/STM32G4xx_HAL_Driver/Src/stm32g4xx_hal_pwr_ex.o
 .debug_macro   0x000000000001eb90      0x243 Drivers/STM32G4xx_HAL_Driver/Src/stm32g4xx_hal_rcc.o
 .debug_macro   0x000000000001edd3      0x231 Drivers/STM32G4xx_HAL_Driver/Src/stm32g4xx_hal_rcc_ex.o
 .debug_macro   0x000000000001f004      0x20f Drivers/STM32G4xx_HAL_Driver/Src/stm32g4xx_hal_spi.o
 .debug_macro   0x000000000001f213      0x20f Drivers/STM32G4xx_HAL_Driver/Src/stm32g4xx_hal_tim.o
 .debug_macro   0x000000000001f422      0x20d Drivers/STM32G4xx_HAL_Driver/Src/stm32g4xx_hal_tim_ex.o
 .debug_macro   0x000000000001f62f      0x232 Drivers/STM32G4xx_HAL_Driver/Src/stm32g4xx_hal_uart.o
 .debug_macro   0x000000000001f861      0x213 Drivers/STM32G4xx_HAL_Driver/Src/stm32g4xx_hal_uart_ex.o
 .debug_macro   0x000000000001fa74      0x207 Drivers/STM32G4xx_HAL_Driver/Src/stm32g4xx_ll_usb.o
 .debug_macro   0x000000000001fc7b      0x414 Middlewares/ST/STM32_USB_Device_Library/Class/CDC/Src/usbd_cdc.o
 .debug_macro   0x000000000002008f       0x97 Middlewares/ST/STM32_USB_Device_Library/Class/CDC/Src/usbd_cdc.o
 .debug_macro   0x0000000000020126       0xfd Middlewares/ST/STM32_USB_Device_Library/Class/CDC/Src/usbd_cdc.o
 .debug_macro   0x0000000000020223       0xfb Middlewares/ST/STM32_USB_Device_Library/Class/CDC/Src/usbd_cdc.o
 .debug_macro   0x000000000002031e       0x54 Middlewares/ST/STM32_USB_Device_Library/Class/CDC/Src/usbd_cdc.o
 .debug_macro   0x0000000000020372       0x8f Middlewares/ST/STM32_USB_Device_Library/Class/CDC/Src/usbd_cdc.o
 .debug_macro   0x0000000000020401      0x3fb Middlewares/ST/STM32_USB_Device_Library/Core/Src/usbd_core.o
 .debug_macro   0x00000000000207fc      0x1ca Middlewares/ST/STM32_USB_Device_Library/Core/Src/usbd_core.o
 .debug_macro   0x00000000000209c6      0x405 Middlewares/ST/STM32_USB_Device_Library/Core/Src/usbd_ctlreq.o
 .debug_macro   0x0000000000020dcb      0x401 Middlewares/ST/STM32_USB_Device_Library/Core/Src/usbd_ioreq.o
 .debug_macro   0x00000000000211cc      0x43a USB_Device/App/usb_device.o
 .debug_macro   0x0000000000021606       0x22 USB_Device/App/usb_device.o
 .debug_macro   0x0000000000021628       0x16 USB_Device/App/usb_device.o
 .debug_macro   0x000000000002163e      0x41f USB_Device/App/usbd_cdc_if.o
 .debug_macro   0x0000000000021a5d       0x10 USB_Device/App/usbd_cdc_if.o
 .debug_macro   0x0000000000021a6d      0x438 USB_Device/App/usbd_desc.o
 .debug_macro   0x0000000000021ea5       0x1c USB_Device/App/usbd_desc.o
 .debug_macro   0x0000000000021ec1      0x41e USB_Device/Target/usbd_conf.o

.debug_line     0x0000000000000000    0x1758b
 .debug_line    0x0000000000000000      0x797 Core/Src/gpio.o
 .debug_line    0x0000000000000797      0xaf3 Core/Src/main.o
 .debug_line    0x000000000000128a      0x7b2 Core/Src/spi.o
 .debug_line    0x0000000000001a3c      0x77d Core/Src/stm32g4xx_hal_msp.o
 .debug_line    0x00000000000021b9      0x844 Core/Src/stm32g4xx_it.o
 .debug_line    0x00000000000029fd      0x796 Core/Src/system_stm32g4xx.o
 .debug_line    0x0000000000003193      0x86e Core/Src/tim.o
 .debug_line    0x0000000000003a01      0x7fc Core/Src/usart.o
 .debug_line    0x00000000000041fd       0x89 Core/Startup/startup_stm32g431kbtx.o
 .debug_line    0x0000000000004286      0xa1c Drivers/STM32G4xx_HAL_Driver/Src/stm32g4xx_hal.o
 .debug_line    0x0000000000004ca2      0xaa4 Drivers/STM32G4xx_HAL_Driver/Src/stm32g4xx_hal_cortex.o
 .debug_line    0x0000000000005746      0x91e Drivers/STM32G4xx_HAL_Driver/Src/stm32g4xx_hal_gpio.o
 .debug_line    0x0000000000006064      0xd52 Drivers/STM32G4xx_HAL_Driver/Src/stm32g4xx_hal_pcd.o
 .debug_line    0x0000000000006db6      0x843 Drivers/STM32G4xx_HAL_Driver/Src/stm32g4xx_hal_pcd_ex.o
 .debug_line    0x00000000000075f9      0xb07 Drivers/STM32G4xx_HAL_Driver/Src/stm32g4xx_hal_pwr_ex.o
 .debug_line    0x0000000000008100      0xa5b Drivers/STM32G4xx_HAL_Driver/Src/stm32g4xx_hal_rcc.o
 .debug_line    0x0000000000008b5b      0xc05 Drivers/STM32G4xx_HAL_Driver/Src/stm32g4xx_hal_rcc_ex.o
 .debug_line    0x0000000000009760     0x1218 Drivers/STM32G4xx_HAL_Driver/Src/stm32g4xx_hal_spi.o
 .debug_line    0x000000000000a978     0x289a Drivers/STM32G4xx_HAL_Driver/Src/stm32g4xx_hal_tim.o
 .debug_line    0x000000000000d212     0x18c1 Drivers/STM32G4xx_HAL_Driver/Src/stm32g4xx_hal_tim_ex.o
 .debug_line    0x000000000000ead3     0x140f Drivers/STM32G4xx_HAL_Driver/Src/stm32g4xx_hal_uart.o
 .debug_line    0x000000000000fee2      0x9ed Drivers/STM32G4xx_HAL_Driver/Src/stm32g4xx_hal_uart_ex.o
 .debug_line    0x00000000000108cf      0xe23 Drivers/STM32G4xx_HAL_Driver/Src/stm32g4xx_ll_usb.o
 .debug_line    0x00000000000116f2      0xc3c Middlewares/ST/STM32_USB_Device_Library/Class/CDC/Src/usbd_cdc.o
 .debug_line    0x000000000001232e      0xc59 Middlewares/ST/STM32_USB_Device_Library/Core/Src/usbd_core.o
 .debug_line    0x0000000000012f87      0xd51 Middlewares/ST/STM32_USB_Device_Library/Core/Src/usbd_ctlreq.o
 .debug_line    0x0000000000013cd8      0xad7 Middlewares/ST/STM32_USB_Device_Library/Core/Src/usbd_ioreq.o
 .debug_line    0x00000000000147af      0xab9 USB_Device/App/usb_device.o
 .debug_line    0x0000000000015268      0xaff USB_Device/App/usbd_cdc_if.o
 .debug_line    0x0000000000015d67      0xb0b USB_Device/App/usbd_desc.o
 .debug_line    0x0000000000016872      0xd19 USB_Device/Target/usbd_conf.o

.debug_str      0x0000000000000000    0xcc6ca
 .debug_str     0x0000000000000000    0xc08ed Core/Src/gpio.o
                                      0xc0bc3 (size before relaxing)
 .debug_str     0x00000000000c08ed     0x56f5 Core/Src/main.o
                                      0xc645d (size before relaxing)