Archive member included to satisfy reference by file (symbol)

S:/sourcetree/imu_board/GP_firmware/../CMSIS_DSP/Lib/GCC\libarm_cortexM4lf_math.a(arm_sin_cos_f32.o)
                              math_functions/various_functions.o (arm_sin_cos_f32)
S:/sourcetree/imu_board/GP_firmware/../CMSIS_DSP/Lib/GCC\libarm_cortexM4lf_math.a(arm_mat_trans_f32.o)
                              kalman_filter/AHRS.o (arm_mat_trans_f32)
S:/sourcetree/imu_board/GP_firmware/../CMSIS_DSP/Lib/GCC\libarm_cortexM4lf_math.a(arm_mat_sub_f32.o)
                              kalman_filter/AHRS.o (arm_mat_sub_f32)
S:/sourcetree/imu_board/GP_firmware/../CMSIS_DSP/Lib/GCC\libarm_cortexM4lf_math.a(arm_mat_mult_f32.o)
                              kalman_filter/AHRS.o (arm_mat_mult_f32)
S:/sourcetree/imu_board/GP_firmware/../CMSIS_DSP/Lib/GCC\libarm_cortexM4lf_math.a(arm_mat_inverse_f32.o)
                              kalman_filter/AHRS.o (arm_mat_inverse_f32)
S:/sourcetree/imu_board/GP_firmware/../CMSIS_DSP/Lib/GCC\libarm_cortexM4lf_math.a(arm_mat_init_f32.o)
                              kalman_filter/AHRS.o (arm_mat_init_f32)
S:/sourcetree/imu_board/GP_firmware/../CMSIS_DSP/Lib/GCC\libarm_cortexM4lf_math.a(arm_mat_add_f32.o)
                              kalman_filter/AHRS.o (arm_mat_add_f32)
S:/sourcetree/imu_board/GP_firmware/../CMSIS_DSP/Lib/GCC\libarm_cortexM4lf_math.a(arm_common_tables.o)
                              S:/sourcetree/imu_board/GP_firmware/../CMSIS_DSP/Lib/GCC\libarm_cortexM4lf_math.a(arm_sin_cos_f32.o) (sinTable_f32)
s:/programs hhd/stm32cubeide_1.4.0/stm32cubeide/plugins/com.st.stm32cube.ide.mcu.externaltools.gnu-tools-for-stm32.7-2018-q2-update.win32_1.4.0.202007081208/tools/bin/../lib/gcc/arm-none-eabi/7.3.1/../../../../arm-none-eabi/lib/thumb/v7e-m/fpv4-sp/hard\libc_nano.a(lib_a-errno.o)
                              Core/Src/syscalls.o (__errno)
s:/programs hhd/stm32cubeide_1.4.0/stm32cubeide/plugins/com.st.stm32cube.ide.mcu.externaltools.gnu-tools-for-stm32.7-2018-q2-update.win32_1.4.0.202007081208/tools/bin/../lib/gcc/arm-none-eabi/7.3.1/../../../../arm-none-eabi/lib/thumb/v7e-m/fpv4-sp/hard\libc_nano.a(lib_a-exit.o)
                              s:/programs hhd/stm32cubeide_1.4.0/stm32cubeide/plugins/com.st.stm32cube.ide.mcu.externaltools.gnu-tools-for-stm32.7-2018-q2-update.win32_1.4.0.202007081208/tools/bin/../lib/gcc/arm-none-eabi/7.3.1/../../../../arm-none-eabi/lib/thumb/v7e-m/fpv4-sp/hard/crt0.o (exit)
s:/programs hhd/stm32cubeide_1.4.0/stm32cubeide/plugins/com.st.stm32cube.ide.mcu.externaltools.gnu-tools-for-stm32.7-2018-q2-update.win32_1.4.0.202007081208/tools/bin/../lib/gcc/arm-none-eabi/7.3.1/../../../../arm-none-eabi/lib/thumb/v7e-m/fpv4-sp/hard\libc_nano.a(lib_a-impure.o)
                              s:/programs hhd/stm32cubeide_1.4.0/stm32cubeide/plugins/com.st.stm32cube.ide.mcu.externaltools.gnu-tools-for-stm32.7-2018-q2-update.win32_1.4.0.202007081208/tools/bin/../lib/gcc/arm-none-eabi/7.3.1/../../../../arm-none-eabi/lib/thumb/v7e-m/fpv4-sp/hard\libc_nano.a(lib_a-exit.o) (_global_impure_ptr)
s:/programs hhd/stm32cubeide_1.4.0/stm32cubeide/plugins/com.st.stm32cube.ide.mcu.externaltools.gnu-tools-for-stm32.7-2018-q2-update.win32_1.4.0.202007081208/tools/bin/../lib/gcc/arm-none-eabi/7.3.1/../../../../arm-none-eabi/lib/thumb/v7e-m/fpv4-sp/hard\libc_nano.a(lib_a-init.o)
                              s:/programs hhd/stm32cubeide_1.4.0/stm32cubeide/plugins/com.st.stm32cube.ide.mcu.externaltools.gnu-tools-for-stm32.7-2018-q2-update.win32_1.4.0.202007081208/tools/bin/../lib/gcc/arm-none-eabi/7.3.1/../../../../arm-none-eabi/lib/thumb/v7e-m/fpv4-sp/hard/crt0.o (__libc_init_array)
s:/programs hhd/stm32cubeide_1.4.0/stm32cubeide/plugins/com.st.stm32cube.ide.mcu.externaltools.gnu-tools-for-stm32.7-2018-q2-update.win32_1.4.0.202007081208/tools/bin/../lib/gcc/arm-none-eabi/7.3.1/../../../../arm-none-eabi/lib/thumb/v7e-m/fpv4-sp/hard\libc_nano.a(lib_a-memcpy-stub.o)
                              fm25l16b/FM25V05.o (memcpy)
s:/programs hhd/stm32cubeide_1.4.0/stm32cubeide/plugins/com.st.stm32cube.ide.mcu.externaltools.gnu-tools-for-stm32.7-2018-q2-update.win32_1.4.0.202007081208/tools/bin/../lib/gcc/arm-none-eabi/7.3.1/../../../../arm-none-eabi/lib/thumb/v7e-m/fpv4-sp/hard\libc_nano.a(lib_a-memset.o)
                              s:/programs hhd/stm32cubeide_1.4.0/stm32cubeide/plugins/com.st.stm32cube.ide.mcu.externaltools.gnu-tools-for-stm32.7-2018-q2-update.win32_1.4.0.202007081208/tools/bin/../lib/gcc/arm-none-eabi/7.3.1/../../../../arm-none-eabi/lib/thumb/v7e-m/fpv4-sp/hard/crt0.o (memset)
s:/programs hhd/stm32cubeide_1.4.0/stm32cubeide/plugins/com.st.stm32cube.ide.mcu.externaltools.gnu-tools-for-stm32.7-2018-q2-update.win32_1.4.0.202007081208/tools/bin/../lib/gcc/arm-none-eabi/7.3.1/../../../../arm-none-eabi/lib/thumb/v7e-m/fpv4-sp/hard\libm.a(lib_a-wf_sqrt.o)
                              kalman_filter/AHRS.o (sqrtf)
[...]
Memory Configuration

Name             Origin             Length             Attributes
RAM              0x0000000020000000 0x0000000000008000 xrw
FLASH            0x0000000008000000 0x0000000000020000 xr
*default*        0x0000000000000000 0xffffffffffffffff

Linker script and memory map

LOAD s:/programs hhd/stm32cubeide_1.4.0/stm32cubeide/plugins/com.st.stm32cube.ide.mcu.externaltools.gnu-tools-for-stm32.7-2018-q2-update.win32_1.4.0.202007081208/tools/bin/../lib/gcc/arm-none-eabi/7.3.1/thumb/v7e-m/fpv4-sp/hard/crti.o
LOAD s:/programs hhd/stm32cubeide_1.4.0/stm32cubeide/plugins/com.st.stm32cube.ide.mcu.externaltools.gnu-tools-for-stm32.7-2018-q2-update.win32_1.4.0.202007081208/tools/bin/../lib/gcc/arm-none-eabi/7.3.1/thumb/v7e-m/fpv4-sp/hard/crtbegin.o
LOAD s:/programs hhd/stm32cubeide_1.4.0/stm32cubeide/plugins/com.st.stm32cube.ide.mcu.externaltools.gnu-tools-for-stm32.7-2018-q2-update.win32_1.4.0.202007081208/tools/bin/../lib/gcc/arm-none-eabi/7.3.1/../../../../arm-none-eabi/lib/thumb/v7e-m/fpv4-sp/hard/crt0.o
LOAD Core/Src/dma.o
LOAD Core/Src/gpio.o
LOAD Core/Src/main.o
LOAD Core/Src/spi.o
LOAD Core/Src/stm32g4xx_hal_msp.o
LOAD Core/Src/stm32g4xx_it.o
LOAD Core/Src/syscalls.o
LOAD Core/Src/sysmem.o
LOAD Core/Src/system_stm32g4xx.o
LOAD Core/Src/tim.o
LOAD Core/Src/usart.o
LOAD Core/Startup/startup_stm32g431kbtx.o
LOAD Drivers/STM32G4xx_HAL_Driver/Src/stm32g4xx_hal.o
LOAD Drivers/STM32G4xx_HAL_Driver/Src/stm32g4xx_hal_cortex.o
LOAD Drivers/STM32G4xx_HAL_Driver/Src/stm32g4xx_hal_dma.o
LOAD Drivers/STM32G4xx_HAL_Driver/Src/stm32g4xx_hal_dma_ex.o
LOAD Drivers/STM32G4xx_HAL_Driver/Src/stm32g4xx_hal_exti.o
LOAD Drivers/STM32G4xx_HAL_Driver/Src/stm32g4xx_hal_flash.o
LOAD Drivers/STM32G4xx_HAL_Driver/Src/stm32g4xx_hal_flash_ex.o
LOAD Drivers/STM32G4xx_HAL_Driver/Src/stm32g4xx_hal_flash_ramfunc.o
LOAD Drivers/STM32G4xx_HAL_Driver/Src/stm32g4xx_hal_gpio.o
LOAD Drivers/STM32G4xx_HAL_Driver/Src/stm32g4xx_hal_pcd.o
LOAD Drivers/STM32G4xx_HAL_Driver/Src/stm32g4xx_hal_pcd_ex.o
LOAD Drivers/STM32G4xx_HAL_Driver/Src/stm32g4xx_hal_pwr.o
LOAD Drivers/STM32G4xx_HAL_Driver/Src/stm32g4xx_hal_pwr_ex.o
LOAD Drivers/STM32G4xx_HAL_Driver/Src/stm32g4xx_hal_rcc.o
LOAD Drivers/STM32G4xx_HAL_Driver/Src/stm32g4xx_hal_rcc_ex.o
LOAD Drivers/STM32G4xx_HAL_Driver/Src/stm32g4xx_hal_spi.o
LOAD Drivers/STM32G4xx_HAL_Driver/Src/stm32g4xx_hal_spi_ex.o
LOAD Drivers/STM32G4xx_HAL_Driver/Src/stm32g4xx_hal_tim.o
LOAD Drivers/STM32G4xx_HAL_Driver/Src/stm32g4xx_hal_tim_ex.o
LOAD Drivers/STM32G4xx_HAL_Driver/Src/stm32g4xx_hal_uart.o
LOAD Drivers/STM32G4xx_HAL_Driver/Src/stm32g4xx_hal_uart_ex.o
LOAD Drivers/STM32G4xx_HAL_Driver/Src/stm32g4xx_ll_usb.o
LOAD Middlewares/ST/STM32_USB_Device_Library/Class/CDC/Src/usbd_cdc.o
LOAD Middlewares/ST/STM32_USB_Device_Library/Core/Src/usbd_core.o
LOAD Middlewares/ST/STM32_USB_Device_Library/Core/Src/usbd_ctlreq.o
LOAD Middlewares/ST/STM32_USB_Device_Library/Core/Src/usbd_ioreq.o
LOAD USB_Device/App/usb_device.o
LOAD USB_Device/App/usbd_cdc_if.o
LOAD USB_Device/App/usbd_desc.o
LOAD USB_Device/Target/usbd_conf.o
LOAD fm25l16b/FM25V05.o
LOAD global/global_variables.o
LOAD global/initialize.o
LOAD global/primary_loop.o
LOAD icm20602/hal_ICM20602.o
LOAD kalman_filter/AHRS.o
LOAD math_functions/various_functions.o
LOAD spi_wrapper/spi_wrapper.o
LOAD S:/sourcetree/imu_board/GP_firmware/../CMSIS_DSP/Lib/GCC\libarm_cortexM4lf_math.a
START GROUP
LOAD s:/programs hhd/stm32cubeide_1.4.0/stm32cubeide/plugins/com.st.stm32cube.ide.mcu.externaltools.gnu-tools-for-stm32.7-2018-q2-update.win32_1.4.0.202007081208/tools/bin/../lib/gcc/arm-none-eabi/7.3.1/../../../../arm-none-eabi/lib/thumb/v7e-m/fpv4-sp/hard\libc_nano.a
LOAD s:/programs hhd/stm32cubeide_1.4.0/stm32cubeide/plugins/com.st.stm32cube.ide.mcu.externaltools.gnu-tools-for-stm32.7-2018-q2-update.win32_1.4.0.202007081208/tools/bin/../lib/gcc/arm-none-eabi/7.3.1/../../../../arm-none-eabi/lib/thumb/v7e-m/fpv4-sp/hard\libm.a
END GROUP
START GROUP
LOAD s:/programs hhd/stm32cubeide_1.4.0/stm32cubeide/plugins/com.st.stm32cube.ide.mcu.externaltools.gnu-tools-for-stm32.7-2018-q2-update.win32_1.4.0.202007081208/tools/bin/../lib/gcc/arm-none-eabi/7.3.1/thumb/v7e-m/fpv4-sp/hard\libgcc.a
LOAD s:/programs hhd/stm32cubeide_1.4.0/stm32cubeide/plugins/com.st.stm32cube.ide.mcu.externaltools.gnu-tools-for-stm32.7-2018-q2-update.win32_1.4.0.202007081208/tools/bin/../lib/gcc/arm-none-eabi/7.3.1/../../../../arm-none-eabi/lib/thumb/v7e-m/fpv4-sp/hard\libc_nano.a
END GROUP
START GROUP
LOAD s:/programs hhd/stm32cubeide_1.4.0/stm32cubeide/plugins/com.st.stm32cube.ide.mcu.externaltools.gnu-tools-for-stm32.7-2018-q2-update.win32_1.4.0.202007081208/tools/bin/../lib/gcc/arm-none-eabi/7.3.1/thumb/v7e-m/fpv4-sp/hard\libgcc.a
LOAD s:/programs hhd/stm32cubeide_1.4.0/stm32cubeide/plugins/com.st.stm32cube.ide.mcu.externaltools.gnu-tools-for-stm32.7-2018-q2-update.win32_1.4.0.202007081208/tools/bin/../lib/gcc/arm-none-eabi/7.3.1/../../../../arm-none-eabi/lib/thumb/v7e-m/fpv4-sp/hard\libc_nano.a
LOAD s:/programs hhd/stm32cubeide_1.4.0/stm32cubeide/plugins/com.st.stm32cube.ide.mcu.externaltools.gnu-tools-for-stm32.7-2018-q2-update.win32_1.4.0.202007081208/tools/bin/../lib/gcc/arm-none-eabi/7.3.1/../../../../arm-none-eabi/lib/thumb/v7e-m/fpv4-sp/hard\libnosys.a
END GROUP
START GROUP
LOAD s:/programs hhd/stm32cubeide_1.4.0/stm32cubeide/plugins/com.st.stm32cube.ide.mcu.externaltools.gnu-tools-for-stm32.7-2018-q2-update.win32_1.4.0.202007081208/tools/bin/../lib/gcc/arm-none-eabi/7.3.1/thumb/v7e-m/fpv4-sp/hard\libgcc.a
LOAD s:/programs hhd/stm32cubeide_1.4.0/stm32cubeide/plugins/com.st.stm32cube.ide.mcu.externaltools.gnu-tools-for-stm32.7-2018-q2-update.win32_1.4.0.202007081208/tools/bin/../lib/gcc/arm-none-eabi/7.3.1/../../../../arm-none-eabi/lib/thumb/v7e-m/fpv4-sp/hard\libc_nano.a
LOAD s:/programs hhd/stm32cubeide_1.4.0/stm32cubeide/plugins/com.st.stm32cube.ide.mcu.externaltools.gnu-tools-for-stm32.7-2018-q2-update.win32_1.4.0.202007081208/tools/bin/../lib/gcc/arm-none-eabi/7.3.1/../../../../arm-none-eabi/lib/thumb/v7e-m/fpv4-sp/hard\libnosys.a
END GROUP
LOAD s:/programs hhd/stm32cubeide_1.4.0/stm32cubeide/plugins/com.st.stm32cube.ide.mcu.externaltools.gnu-tools-for-stm32.7-2018-q2-update.win32_1.4.0.202007081208/tools/bin/../lib/gcc/arm-none-eabi/7.3.1/thumb/v7e-m/fpv4-sp/hard/crtend.o
LOAD s:/programs hhd/stm32cubeide_1.4.0/stm32cubeide/plugins/com.st.stm32cube.ide.mcu.externaltools.gnu-tools-for-stm32.7-2018-q2-update.win32_1.4.0.202007081208/tools/bin/../lib/gcc/arm-none-eabi/7.3.1/thumb/v7e-m/fpv4-sp/hard/crtn.o
                0x0000000020008000                _estack = (ORIGIN (RAM) + LENGTH (RAM))
                0x0000000000000200                _Min_Heap_Size = 0x200
                0x0000000000000400                _Min_Stack_Size = 0x400

.isr_vector     0x0000000008000000      0x1d8
                0x0000000008000000                . = ALIGN (0x4)
 *(.isr_vector)
 .isr_vector    0x0000000008000000      0x1d8 Core/Startup/startup_stm32g431kbtx.o
                0x0000000008000000                g_pfnVectors
                0x00000000080001d8                . = ALIGN (0x4)

.text           0x00000000080001d8     0xcc4c
                0x00000000080001d8                . = ALIGN (0x4)
 *(.text)
 .text          0x00000000080001d8       0x40 s:/programs hhd/stm32cubeide_1.4.0/stm32cubeide/plugins/com.st.stm32cube.ide.mcu.externaltools.gnu-tools-for-stm32.7-2018-q2-update.win32_1.4.0.202007081208/tools/bin/../lib/gcc/arm-none-eabi/7.3.1/thumb/v7e-m/fpv4-sp/hard/crtbegin.o
 .text          0x0000000008000218      0x378 s:/programs hhd/stm32cubeide_1.4.0/stm32cubeide/plugins/com.st.stm32cube.ide.mcu.externaltools.gnu-tools-for-stm32.7-2018-q2-update.win32_1.4.0.202007081208/tools/bin/../lib/gcc/arm-none-eabi/7.3.1/thumb/v7e-m/fpv4-sp/hard\libgcc.a(_arm_addsubdf3.o)
                0x0000000008000218                __aeabi_drsub
                0x0000000008000220                __aeabi_dsub
                0x0000000008000220                __subdf3
                0x0000000008000224                __aeabi_dadd
                0x0000000008000224                __adddf3
                0x000000000800049c                __floatunsidf
                0x000000000800049c                __aeabi_ui2d
                0x00000000080004bc                __floatsidf
                0x00000000080004bc                __aeabi_i2d
                0x00000000080004e0                __aeabi_f2d
                0x00000000080004e0                __extendsfdf2
                0x0000000008000524                __floatundidf
                0x0000000008000524                __aeabi_ul2d
                0x0000000008000534                __floatdidf
                0x0000000008000534                __aeabi_l2d
 .text          0x0000000008000590      0x424 s:/programs hhd/stm32cubeide_1.4.0/stm32cubeide/plugins/com.st.stm32cube.ide.mcu.externaltools.gnu-tools-for-stm32.7-2018-q2-update.win32_1.4.0.202007081208/tools/bin/../lib/gcc/arm-none-eabi/7.3.1/thumb/v7e-m/fpv4-sp/hard\libgcc.a(_arm_muldivdf3.o)
                0x0000000008000590                __aeabi_dmul
                0x0000000008000590                __muldf3
                0x00000000080007e4                __divdf3
                0x00000000080007e4                __aeabi_ddiv
 .text          0x00000000080009b4       0xa0 s:/programs hhd/stm32cubeide_1.4.0/stm32cubeide/plugins/com.st.stm32cube.ide.mcu.externaltools.gnu-tools-for-stm32.7-2018-q2-update.win32_1.4.0.202007081208/tools/bin/../lib/gcc/arm-none-eabi/7.3.1/thumb/v7e-m/fpv4-sp/hard\libgcc.a(_arm_truncdfsf2.o)
                0x00000000080009b4                __truncdfsf2
                0x00000000080009b4                __aeabi_d2f
 .text          0x0000000008000a54       0x30 s:/programs hhd/stm32cubeide_1.4.0/stm32cubeide/plugins/com.st.stm32cube.ide.mcu.externaltools.gnu-tools-for-stm32.7-2018-q2-update.win32_1.4.0.202007081208/tools/bin/../lib/gcc/arm-none-eabi/7.3.1/thumb/v7e-m/fpv4-sp/hard\libgcc.a(_aeabi_uldivmod.o)
                0x0000000008000a54                __aeabi_uldivmod
 .text          0x0000000008000a84      0x2cc s:/programs hhd/stm32cubeide_1.4.0/stm32cubeide/plugins/com.st.stm32cube.ide.mcu.externaltools.gnu-tools-for-stm32.7-2018-q2-update.win32_1.4.0.202007081208/tools/bin/../lib/gcc/arm-none-eabi/7.3.1/thumb/v7e-m/fpv4-sp/hard\libgcc.a(_udivmoddi4.o)
                0x0000000008000a84                __udivmoddi4
 .text          0x0000000008000d50        0x4 s:/programs hhd/stm32cubeide_1.4.0/stm32cubeide/plugins/com.st.stm32cube.ide.mcu.externaltools.gnu-tools-for-stm32.7-2018-q2-update.win32_1.4.0.202007081208/tools/bin/../lib/gcc/arm-none-eabi/7.3.1/thumb/v7e-m/fpv4-sp/hard\libgcc.a(_dvmd_tls.o)
                0x0000000008000d50                __aeabi_idiv0
                0x0000000008000d50                __aeabi_ldiv0
 *(.text*)
 .text.MX_DMA_Init
                0x0000000008000d54       0x64 Core/Src/dma.o
                0x0000000008000d54                MX_DMA_Init
 .text.MX_GPIO_Init
                0x0000000008000db8      0x148 Core/Src/gpio.o
                0x0000000008000db8                MX_GPIO_Init
 .text.main     0x0000000008000f00       0x3a Core/Src/main.o
                0x0000000008000f00                main
 .text.SystemClock_Config
                0x0000000008000f3a       0xd2 Core/Src/main.o
                0x0000000008000f3a                SystemClock_Config
 .text.Error_Handler
                0x000000000800100c        0xe Core/Src/main.o
                0x000000000800100c                Error_Handler
 *fill*         0x000000000800101a        0x2 
 .text.MX_SPI1_Init
                0x000000000800101c       0x7c Core/Src/spi.o
                0x000000000800101c                MX_SPI1_Init
 .text.HAL_SPI_MspInit
                0x0000000008001098      0x150 Core/Src/spi.o
                0x0000000008001098                HAL_SPI_MspInit
 .text.HAL_MspInit
                0x00000000080011e8       0x48 Core/Src/stm32g4xx_hal_msp.o
                0x00000000080011e8                HAL_MspInit
 .text.NMI_Handler
                0x0000000008001230        0xe Core/Src/stm32g4xx_it.o
                0x0000000008001230                NMI_Handler
 .text.HardFault_Handler
                0x000000000800123e        0x6 Core/Src/stm32g4xx_it.o
                0x000000000800123e                HardFault_Handler
 .text.MemManage_Handler
                0x0000000008001244        0x6 Core/Src/stm32g4xx_it.o
                0x0000000008001244                MemManage_Handler
 .text.BusFault_Handler
                0x000000000800124a        0x6 Core/Src/stm32g4xx_it.o
                0x000000000800124a                BusFault_Handler
 .text.UsageFault_Handler
                0x0000000008001250        0x6 Core/Src/stm32g4xx_it.o
                0x0000000008001250                UsageFault_Handler
 .text.SVC_Handler
                0x0000000008001256        0xe Core/Src/stm32g4xx_it.o
                0x0000000008001256                SVC_Handler
 .text.DebugMon_Handler
                0x0000000008001264        0xe Core/Src/stm32g4xx_it.o
                0x0000000008001264                DebugMon_Handler
 .text.PendSV_Handler
                0x0000000008001272        0xe Core/Src/stm32g4xx_it.o
                0x0000000008001272                PendSV_Handler
 .text.SysTick_Handler
                0x0000000008001280        0xc Core/Src/stm32g4xx_it.o
                0x0000000008001280                SysTick_Handler
 .text.DMA1_Channel1_IRQHandler
                0x000000000800128c       0x14 Core/Src/stm32g4xx_it.o
                0x000000000800128c                DMA1_Channel1_IRQHandler
 .text.DMA1_Channel2_IRQHandler
                0x00000000080012a0       0x14 Core/Src/stm32g4xx_it.o
                0x00000000080012a0                DMA1_Channel2_IRQHandler
 .text.USB_LP_IRQHandler
                0x00000000080012b4       0x14 Core/Src/stm32g4xx_it.o
                0x00000000080012b4                USB_LP_IRQHandler
 .text.TIM1_UP_TIM16_IRQHandler
                0x00000000080012c8       0x14 Core/Src/stm32g4xx_it.o
                0x00000000080012c8                TIM1_UP_TIM16_IRQHandler
 .text.SPI1_IRQHandler
                0x00000000080012dc       0x14 Core/Src/stm32g4xx_it.o
                0x00000000080012dc                SPI1_IRQHandler
 .text.SystemInit
                0x00000000080012f0       0x2c Core/Src/system_stm32g4xx.o
                0x00000000080012f0                SystemInit
 .text.MX_TIM1_Init
                0x000000000800131c       0xd4 Core/Src/tim.o
                0x000000000800131c                MX_TIM1_Init
 .text.MX_TIM4_Init
                0x00000000080013f0       0xf4 Core/Src/tim.o
                0x00000000080013f0                MX_TIM4_Init
 .text.MX_TIM8_Init
                0x00000000080014e4      0x184 Core/Src/tim.o
                0x00000000080014e4                MX_TIM8_Init
 .text.HAL_TIM_Base_MspInit
                0x0000000008001668       0x9c Core/Src/tim.o
                0x0000000008001668                HAL_TIM_Base_MspInit
 .text.HAL_TIM_MspPostInit
                0x0000000008001704       0xd8 Core/Src/tim.o
                0x0000000008001704                HAL_TIM_MspPostInit
 .text.MX_USART1_UART_Init
                0x00000000080017dc       0x98 Core/Src/usart.o
                0x00000000080017dc                MX_USART1_UART_Init
 .text.MX_USART2_UART_Init
                0x0000000008001874       0x98 Core/Src/usart.o
                0x0000000008001874                MX_USART2_UART_Init
 .text.HAL_UART_MspInit
                0x000000000800190c      0x124 Core/Src/usart.o
                0x000000000800190c                HAL_UART_MspInit
 .text.Reset_Handler
                0x0000000008001a30       0x50 Core/Startup/startup_stm32g431kbtx.o
                0x0000000008001a30                Reset_Handler
 .text.Default_Handler
                0x0000000008001a80        0x2 Core/Startup/startup_stm32g431kbtx.o
                0x0000000008001a80                RTC_Alarm_IRQHandler
                0x0000000008001a80                EXTI2_IRQHandler
                0x0000000008001a80                TIM8_TRG_COM_IRQHandler
                0x0000000008001a80                TIM8_CC_IRQHandler
                0x0000000008001a80                TIM1_CC_IRQHandler
                0x0000000008001a80                USB_HP_IRQHandler
                0x0000000008001a80                CORDIC_IRQHandler
                0x0000000008001a80                EXTI3_IRQHandler
                0x0000000008001a80                I2C3_ER_IRQHandler
                0x0000000008001a80                EXTI0_IRQHandler
                0x0000000008001a80                I2C2_EV_IRQHandler
                0x0000000008001a80                FPU_IRQHandler
                0x0000000008001a80                FDCAN1_IT1_IRQHandler
                0x0000000008001a80                ADC1_2_IRQHandler
                0x0000000008001a80                TIM6_DAC_IRQHandler
                0x0000000008001a80                TIM8_UP_IRQHandler
                0x0000000008001a80                DMA2_Channel2_IRQHandler
                0x0000000008001a80                DMA1_Channel4_IRQHandler
                0x0000000008001a80                USART3_IRQHandler
                0x0000000008001a80                TIM4_IRQHandler
                0x0000000008001a80                DMA2_Channel1_IRQHandler
                0x0000000008001a80                I2C1_EV_IRQHandler
                0x0000000008001a80                DMA1_Channel6_IRQHandler
                0x0000000008001a80                UART4_IRQHandler
                0x0000000008001a80                DMA2_Channel4_IRQHandler
                0x0000000008001a80                TIM3_IRQHandler
                0x0000000008001a80                RCC_IRQHandler
                0x0000000008001a80                Default_Handler
                0x0000000008001a80                RTC_TAMP_LSECSS_IRQHandler
                0x0000000008001a80                FMAC_IRQHandler
                0x0000000008001a80                EXTI15_10_IRQHandler
                0x0000000008001a80                TIM7_IRQHandler
                0x0000000008001a80                UCPD1_IRQHandler
                0x0000000008001a80                I2C3_EV_IRQHandler
                0x0000000008001a80                EXTI9_5_IRQHandler
                0x0000000008001a80                RTC_WKUP_IRQHandler
                0x0000000008001a80                PVD_PVM_IRQHandler
                0x0000000008001a80                SPI2_IRQHandler
                0x0000000008001a80                DMA2_Channel5_IRQHandler
                0x0000000008001a80                CRS_IRQHandler
                0x0000000008001a80                DMA1_Channel5_IRQHandler
                0x0000000008001a80                EXTI4_IRQHandler
                0x0000000008001a80                RNG_IRQHandler
                0x0000000008001a80                TIM1_TRG_COM_TIM17_IRQHandler
                0x0000000008001a80                DMA1_Channel3_IRQHandler
                0x0000000008001a80                WWDG_IRQHandler
                0x0000000008001a80                LPUART1_IRQHandler
                0x0000000008001a80                DMA2_Channel6_IRQHandler
                0x0000000008001a80                FDCAN1_IT0_IRQHandler
                0x0000000008001a80                TIM2_IRQHandler
                0x0000000008001a80                COMP1_2_3_IRQHandler
                0x0000000008001a80                EXTI1_IRQHandler
                0x0000000008001a80                USART2_IRQHandler
                0x0000000008001a80                I2C2_ER_IRQHandler
                0x0000000008001a80                TIM8_BRK_IRQHandler
                0x0000000008001a80                FLASH_IRQHandler
                0x0000000008001a80                USART1_IRQHandler
                0x0000000008001a80                SPI3_IRQHandler
                0x0000000008001a80                I2C1_ER_IRQHandler
                0x0000000008001a80                LPTIM1_IRQHandler
                0x0000000008001a80                DMAMUX_OVR_IRQHandler
                0x0000000008001a80                USBWakeUp_IRQHandler
                0x0000000008001a80                SAI1_IRQHandler
                0x0000000008001a80                DMA2_Channel3_IRQHandler
                0x0000000008001a80                COMP4_IRQHandler
                0x0000000008001a80                TIM1_BRK_TIM15_IRQHandler
 .text.HAL_Init
                0x0000000008001a82       0x30 Drivers/STM32G4xx_HAL_Driver/Src/stm32g4xx_hal.o
                0x0000000008001a82                HAL_Init
 *fill*         0x0000000008001ab2        0x2 
 .text.HAL_InitTick
                0x0000000008001ab4       0x74 Drivers/STM32G4xx_HAL_Driver/Src/stm32g4xx_hal.o
                0x0000000008001ab4                HAL_InitTick
 .text.HAL_IncTick
                0x0000000008001b28       0x24 Drivers/STM32G4xx_HAL_Driver/Src/stm32g4xx_hal.o
                0x0000000008001b28                HAL_IncTick
 .text.HAL_GetTick
                0x0000000008001b4c       0x18 Drivers/STM32G4xx_HAL_Driver/Src/stm32g4xx_hal.o
                0x0000000008001b4c                HAL_GetTick
 .text.HAL_Delay
                0x0000000008001b64       0x44 Drivers/STM32G4xx_HAL_Driver/Src/stm32g4xx_hal.o
                0x0000000008001b64                HAL_Delay
 .text.__NVIC_SetPriorityGrouping
                0x0000000008001ba8       0x48 Drivers/STM32G4xx_HAL_Driver/Src/stm32g4xx_hal_cortex.o
 .text.__NVIC_GetPriorityGrouping
                0x0000000008001bf0       0x1c Drivers/STM32G4xx_HAL_Driver/Src/stm32g4xx_hal_cortex.o
 .text.__NVIC_EnableIRQ
                0x0000000008001c0c       0x3c Drivers/STM32G4xx_HAL_Driver/Src/stm32g4xx_hal_cortex.o
 .text.__NVIC_SetPriority
                0x0000000008001c48       0x54 Drivers/STM32G4xx_HAL_Driver/Src/stm32g4xx_hal_cortex.o
 .text.NVIC_EncodePriority
                0x0000000008001c9c       0x66 Drivers/STM32G4xx_HAL_Driver/Src/stm32g4xx_hal_cortex.o
 *fill*         0x0000000008001d02        0x2 
 .text.SysTick_Config
                0x0000000008001d04       0x44 Drivers/STM32G4xx_HAL_Driver/Src/stm32g4xx_hal_cortex.o
 .text.HAL_NVIC_SetPriorityGrouping
                0x0000000008001d48       0x16 Drivers/STM32G4xx_HAL_Driver/Src/stm32g4xx_hal_cortex.o
                0x0000000008001d48                HAL_NVIC_SetPriorityGrouping
 .text.HAL_NVIC_SetPriority
                0x0000000008001d5e       0x34 Drivers/STM32G4xx_HAL_Driver/Src/stm32g4xx_hal_cortex.o
                0x0000000008001d5e                HAL_NVIC_SetPriority
 .text.HAL_NVIC_EnableIRQ
                0x0000000008001d92       0x1c Drivers/STM32G4xx_HAL_Driver/Src/stm32g4xx_hal_cortex.o
                0x0000000008001d92                HAL_NVIC_EnableIRQ
 .text.HAL_SYSTICK_Config
                0x0000000008001dae       0x18 Drivers/STM32G4xx_HAL_Driver/Src/stm32g4xx_hal_cortex.o
                0x0000000008001dae                HAL_SYSTICK_Config
 *fill*         0x0000000008001dc6        0x2 
 .text.HAL_DMA_Init
                0x0000000008001dc8      0x150 Drivers/STM32G4xx_HAL_Driver/Src/stm32g4xx_hal_dma.o
                0x0000000008001dc8                HAL_DMA_Init
 .text.HAL_DMA_Start_IT
                0x0000000008001f18       0xf6 Drivers/STM32G4xx_HAL_Driver/Src/stm32g4xx_hal_dma.o
                0x0000000008001f18                HAL_DMA_Start_IT
 .text.HAL_DMA_Abort_IT
                0x000000000800200e       0xce Drivers/STM32G4xx_HAL_Driver/Src/stm32g4xx_hal_dma.o
                0x000000000800200e                HAL_DMA_Abort_IT
 .text.HAL_DMA_IRQHandler
                0x00000000080020dc      0x15e Drivers/STM32G4xx_HAL_Driver/Src/stm32g4xx_hal_dma.o
                0x00000000080020dc                HAL_DMA_IRQHandler
 .text.DMA_SetConfig
                0x000000000800223a       0x7c Drivers/STM32G4xx_HAL_Driver/Src/stm32g4xx_hal_dma.o
 *fill*         0x00000000080022b6        0x2 
 .text.DMA_CalcDMAMUXChannelBaseAndMask
                0x00000000080022b8       0x7c Drivers/STM32G4xx_HAL_Driver/Src/stm32g4xx_hal_dma.o
 .text.DMA_CalcDMAMUXRequestGenBaseAndMask
                0x0000000008002334       0x48 Drivers/STM32G4xx_HAL_Driver/Src/stm32g4xx_hal_dma.o
 .text.HAL_GPIO_Init
                0x000000000800237c      0x304 Drivers/STM32G4xx_HAL_Driver/Src/stm32g4xx_hal_gpio.o
                0x000000000800237c                HAL_GPIO_Init
 .text.HAL_GPIO_WritePin
                0x0000000008002680       0x30 Drivers/STM32G4xx_HAL_Driver/Src/stm32g4xx_hal_gpio.o
                0x0000000008002680                HAL_GPIO_WritePin
 .text.HAL_PCD_Init
                0x00000000080026b0      0x1ca Drivers/STM32G4xx_HAL_Driver/Src/stm32g4xx_hal_pcd.o
                0x00000000080026b0                HAL_PCD_Init
 .text.HAL_PCD_Start
                0x000000000800287a       0x44 Drivers/STM32G4xx_HAL_Driver/Src/stm32g4xx_hal_pcd.o
                0x000000000800287a                HAL_PCD_Start
 .text.HAL_PCD_IRQHandler
                0x00000000080028be      0x29c Drivers/STM32G4xx_HAL_Driver/Src/stm32g4xx_hal_pcd.o
                0x00000000080028be                HAL_PCD_IRQHandler
 .text.HAL_PCD_SetAddress
                0x0000000008002b5a       0x4a Drivers/STM32G4xx_HAL_Driver/Src/stm32g4xx_hal_pcd.o
                0x0000000008002b5a                HAL_PCD_SetAddress
 .text.HAL_PCD_EP_Open
                0x0000000008002ba4       0xcc Drivers/STM32G4xx_HAL_Driver/Src/stm32g4xx_hal_pcd.o
                0x0000000008002ba4                HAL_PCD_EP_Open
 .text.HAL_PCD_EP_Close
                0x0000000008002c70       0x90 Drivers/STM32G4xx_HAL_Driver/Src/stm32g4xx_hal_pcd.o
                0x0000000008002c70                HAL_PCD_EP_Close
 .text.HAL_PCD_EP_Receive
                0x0000000008002d00       0x7a Drivers/STM32G4xx_HAL_Driver/Src/stm32g4xx_hal_pcd.o
                0x0000000008002d00                HAL_PCD_EP_Receive
 .text.HAL_PCD_EP_GetRxCount
                0x0000000008002d7a       0x30 Drivers/STM32G4xx_HAL_Driver/Src/stm32g4xx_hal_pcd.o
                0x0000000008002d7a                HAL_PCD_EP_GetRxCount
 .text.HAL_PCD_EP_Transmit
                0x0000000008002daa       0x86 Drivers/STM32G4xx_HAL_Driver/Src/stm32g4xx_hal_pcd.o
                0x0000000008002daa                HAL_PCD_EP_Transmit
 .text.HAL_PCD_EP_SetStall
                0x0000000008002e30       0xc0 Drivers/STM32G4xx_HAL_Driver/Src/stm32g4xx_hal_pcd.o
                0x0000000008002e30                HAL_PCD_EP_SetStall
 .text.HAL_PCD_EP_ClrStall
                0x0000000008002ef0       0xa8 Drivers/STM32G4xx_HAL_Driver/Src/stm32g4xx_hal_pcd.o
                0x0000000008002ef0                HAL_PCD_EP_ClrStall
 .text.PCD_EP_ISR_Handler
                0x0000000008002f98      0x5ca Drivers/STM32G4xx_HAL_Driver/Src/stm32g4xx_hal_pcd.o
 .text.HAL_PCD_EP_DB_Receive
                0x0000000008003562      0x212 Drivers/STM32G4xx_HAL_Driver/Src/stm32g4xx_hal_pcd.o
 .text.HAL_PCD_EP_DB_Transmit
                0x0000000008003774      0x532 Drivers/STM32G4xx_HAL_Driver/Src/stm32g4xx_hal_pcd.o
 .text.HAL_PCDEx_PMAConfig
                0x0000000008003ca6       0x86 Drivers/STM32G4xx_HAL_Driver/Src/stm32g4xx_hal_pcd_ex.o
                0x0000000008003ca6                HAL_PCDEx_PMAConfig
 .text.HAL_PCDEx_ActivateLPM
                0x0000000008003d2c       0x54 Drivers/STM32G4xx_HAL_Driver/Src/stm32g4xx_hal_pcd_ex.o
                0x0000000008003d2c                HAL_PCDEx_ActivateLPM
 .text.HAL_PWREx_ControlVoltageScaling
                0x0000000008003d80      0x148 Drivers/STM32G4xx_HAL_Driver/Src/stm32g4xx_hal_pwr_ex.o
                0x0000000008003d80                HAL_PWREx_ControlVoltageScaling
 .text.HAL_PWREx_DisableUCPDDeadBattery
                0x0000000008003ec8       0x20 Drivers/STM32G4xx_HAL_Driver/Src/stm32g4xx_hal_pwr_ex.o
                0x0000000008003ec8                HAL_PWREx_DisableUCPDDeadBattery
 .text.HAL_RCC_OscConfig
                0x0000000008003ee8      0x630 Drivers/STM32G4xx_HAL_Driver/Src/stm32g4xx_hal_rcc.o
                0x0000000008003ee8                HAL_RCC_OscConfig
 .text.HAL_RCC_ClockConfig
                0x0000000008004518      0x278 Drivers/STM32G4xx_HAL_Driver/Src/stm32g4xx_hal_rcc.o
                0x0000000008004518                HAL_RCC_ClockConfig
 .text.HAL_RCC_GetSysClockFreq
                0x0000000008004790       0xc4 Drivers/STM32G4xx_HAL_Driver/Src/stm32g4xx_hal_rcc.o
                0x0000000008004790                HAL_RCC_GetSysClockFreq
 .text.HAL_RCC_GetHCLKFreq
                0x0000000008004854       0x18 Drivers/STM32G4xx_HAL_Driver/Src/stm32g4xx_hal_rcc.o
                0x0000000008004854                HAL_RCC_GetHCLKFreq
 .text.HAL_RCC_GetPCLK1Freq
                0x000000000800486c       0x2c Drivers/STM32G4xx_HAL_Driver/Src/stm32g4xx_hal_rcc.o
                0x000000000800486c                HAL_RCC_GetPCLK1Freq
 .text.HAL_RCC_GetPCLK2Freq
                0x0000000008004898       0x2c Drivers/STM32G4xx_HAL_Driver/Src/stm32g4xx_hal_rcc.o
                0x0000000008004898                HAL_RCC_GetPCLK2Freq
 .text.RCC_GetSysClockFreqFromPLLSource
                0x00000000080048c4       0x8c Drivers/STM32G4xx_HAL_Driver/Src/stm32g4xx_hal_rcc.o
 .text.HAL_RCCEx_PeriphCLKConfig
                0x0000000008004950      0x3e0 Drivers/STM32G4xx_HAL_Driver/Src/stm32g4xx_hal_rcc_ex.o
                0x0000000008004950                HAL_RCCEx_PeriphCLKConfig
 .text.HAL_SPI_Init
                0x0000000008004d30      0x156 Drivers/STM32G4xx_HAL_Driver/Src/stm32g4xx_hal_spi.o
                0x0000000008004d30                HAL_SPI_Init
 .text.HAL_SPI_TransmitReceive
                0x0000000008004e86      0x426 Drivers/STM32G4xx_HAL_Driver/Src/stm32g4xx_hal_spi.o
                0x0000000008004e86                HAL_SPI_TransmitReceive
 .text.HAL_SPI_TransmitReceive_DMA
                0x00000000080052ac      0x318 Drivers/STM32G4xx_HAL_Driver/Src/stm32g4xx_hal_spi.o
                0x00000000080052ac                HAL_SPI_TransmitReceive_DMA
 .text.HAL_SPI_IRQHandler
                0x00000000080055c4      0x200 Drivers/STM32G4xx_HAL_Driver/Src/stm32g4xx_hal_spi.o
                0x00000000080055c4                HAL_SPI_IRQHandler
 .text.HAL_SPI_RxCpltCallback
                0x00000000080057c4       0x14 Drivers/STM32G4xx_HAL_Driver/Src/stm32g4xx_hal_spi.o
                0x00000000080057c4                HAL_SPI_RxCpltCallback
 .text.HAL_SPI_RxHalfCpltCallback
                0x00000000080057d8       0x14 Drivers/STM32G4xx_HAL_Driver/Src/stm32g4xx_hal_spi.o
                0x00000000080057d8                HAL_SPI_RxHalfCpltCallback
 .text.HAL_SPI_TxRxHalfCpltCallback
                0x00000000080057ec       0x14 Drivers/STM32G4xx_HAL_Driver/Src/stm32g4xx_hal_spi.o
                0x00000000080057ec                HAL_SPI_TxRxHalfCpltCallback
 .text.HAL_SPI_ErrorCallback
                0x0000000008005800       0x14 Drivers/STM32G4xx_HAL_Driver/Src/stm32g4xx_hal_spi.o
                0x0000000008005800                HAL_SPI_ErrorCallback
 .text.SPI_DMAReceiveCplt
                0x0000000008005814       0xa8 Drivers/STM32G4xx_HAL_Driver/Src/stm32g4xx_hal_spi.o
 .text.SPI_DMATransmitReceiveCplt
                0x00000000080058bc       0x90 Drivers/STM32G4xx_HAL_Driver/Src/stm32g4xx_hal_spi.o
 .text.SPI_DMAHalfReceiveCplt
                0x000000000800594c       0x1c Drivers/STM32G4xx_HAL_Driver/Src/stm32g4xx_hal_spi.o
 .text.SPI_DMAHalfTransmitReceiveCplt
                0x0000000008005968       0x1c Drivers/STM32G4xx_HAL_Driver/Src/stm32g4xx_hal_spi.o
 .text.SPI_DMAError
                0x0000000008005984       0x40 Drivers/STM32G4xx_HAL_Driver/Src/stm32g4xx_hal_spi.o
 .text.SPI_DMAAbortOnError
                0x00000000080059c4       0x2a Drivers/STM32G4xx_HAL_Driver/Src/stm32g4xx_hal_spi.o
 *fill*         0x00000000080059ee        0x2 
 .text.SPI_WaitFlagStateUntilTimeout
                0x00000000080059f0      0x110 Drivers/STM32G4xx_HAL_Driver/Src/stm32g4xx_hal_spi.o
 .text.SPI_WaitFifoStateUntilTimeout
                0x0000000008005b00      0x11c Drivers/STM32G4xx_HAL_Driver/Src/stm32g4xx_hal_spi.o
 .text.SPI_EndRxTransaction
                0x0000000008005c1c       0xb0 Drivers/STM32G4xx_HAL_Driver/Src/stm32g4xx_hal_spi.o
 .text.SPI_EndRxTxTransaction
                0x0000000008005ccc       0x8c Drivers/STM32G4xx_HAL_Driver/Src/stm32g4xx_hal_spi.o
 .text.HAL_TIM_Base_Init
                0x0000000008005d58       0xae Drivers/STM32G4xx_HAL_Driver/Src/stm32g4xx_hal_tim.o
                0x0000000008005d58                HAL_TIM_Base_Init
 *fill*         0x0000000008005e06        0x2 
 .text.HAL_TIM_Base_Start_IT
                0x0000000008005e08       0xd4 Drivers/STM32G4xx_HAL_Driver/Src/stm32g4xx_hal_tim.o
                0x0000000008005e08                HAL_TIM_Base_Start_IT
 .text.HAL_TIM_PWM_Init
                0x0000000008005edc       0xae Drivers/STM32G4xx_HAL_Driver/Src/stm32g4xx_hal_tim.o
                0x0000000008005edc                HAL_TIM_PWM_Init
 .text.HAL_TIM_PWM_MspInit
                0x0000000008005f8a       0x14 Drivers/STM32G4xx_HAL_Driver/Src/stm32g4xx_hal_tim.o
                0x0000000008005f8a                HAL_TIM_PWM_MspInit
 *fill*         0x0000000008005f9e        0x2 
 .text.HAL_TIM_PWM_Start
                0x0000000008005fa0      0x200 Drivers/STM32G4xx_HAL_Driver/Src/stm32g4xx_hal_tim.o
                0x0000000008005fa0                HAL_TIM_PWM_Start
 .text.HAL_TIM_IRQHandler
                0x00000000080061a0      0x2fe Drivers/STM32G4xx_HAL_Driver/Src/stm32g4xx_hal_tim.o
                0x00000000080061a0                HAL_TIM_IRQHandler
 *fill*         0x000000000800649e        0x2 
 .text.HAL_TIM_PWM_ConfigChannel
                0x00000000080064a0      0x220 Drivers/STM32G4xx_HAL_Driver/Src/stm32g4xx_hal_tim.o
                0x00000000080064a0                HAL_TIM_PWM_ConfigChannel
 .text.HAL_TIM_ConfigClockSource
                0x00000000080066c0      0x1a4 Drivers/STM32G4xx_HAL_Driver/Src/stm32g4xx_hal_tim.o
                0x00000000080066c0                HAL_TIM_ConfigClockSource
 .text.HAL_TIM_OC_DelayElapsedCallback
                0x0000000008006864       0x14 Drivers/STM32G4xx_HAL_Driver/Src/stm32g4xx_hal_tim.o
                0x0000000008006864                HAL_TIM_OC_DelayElapsedCallback
 .text.HAL_TIM_IC_CaptureCallback
                0x0000000008006878       0x14 Drivers/STM32G4xx_HAL_Driver/Src/stm32g4xx_hal_tim.o
                0x0000000008006878                HAL_TIM_IC_CaptureCallback
 .text.HAL_TIM_PWM_PulseFinishedCallback
                0x000000000800688c       0x14 Drivers/STM32G4xx_HAL_Driver/Src/stm32g4xx_hal_tim.o
                0x000000000800688c                HAL_TIM_PWM_PulseFinishedCallback
 .text.HAL_TIM_TriggerCallback
                0x00000000080068a0       0x14 Drivers/STM32G4xx_HAL_Driver/Src/stm32g4xx_hal_tim.o
                0x00000000080068a0                HAL_TIM_TriggerCallback
 .text.TIM_Base_SetConfig
                0x00000000080068b4      0x120 Drivers/STM32G4xx_HAL_Driver/Src/stm32g4xx_hal_tim.o
                0x00000000080068b4                TIM_Base_SetConfig
 .text.TIM_OC1_SetConfig
                0x00000000080069d4      0x120 Drivers/STM32G4xx_HAL_Driver/Src/stm32g4xx_hal_tim.o
 .text.TIM_OC2_SetConfig
                0x0000000008006af4      0x114 Drivers/STM32G4xx_HAL_Driver/Src/stm32g4xx_hal_tim.o
                0x0000000008006af4                TIM_OC2_SetConfig
 .text.TIM_OC3_SetConfig
                0x0000000008006c08      0x110 Drivers/STM32G4xx_HAL_Driver/Src/stm32g4xx_hal_tim.o
 .text.TIM_OC4_SetConfig
                0x0000000008006d18      0x114 Drivers/STM32G4xx_HAL_Driver/Src/stm32g4xx_hal_tim.o
 .text.TIM_OC5_SetConfig
                0x0000000008006e2c       0xc8 Drivers/STM32G4xx_HAL_Driver/Src/stm32g4xx_hal_tim.o
 .text.TIM_OC6_SetConfig
                0x0000000008006ef4       0xcc Drivers/STM32G4xx_HAL_Driver/Src/stm32g4xx_hal_tim.o
 .text.TIM_TI1_ConfigInputStage
                0x0000000008006fc0       0x5e Drivers/STM32G4xx_HAL_Driver/Src/stm32g4xx_hal_tim.o
 .text.TIM_TI2_ConfigInputStage
                0x000000000800701e       0x60 Drivers/STM32G4xx_HAL_Driver/Src/stm32g4xx_hal_tim.o
 .text.TIM_ITRx_SetConfig
                0x000000000800707e       0x3a Drivers/STM32G4xx_HAL_Driver/Src/stm32g4xx_hal_tim.o
 .text.TIM_ETR_SetConfig
                0x00000000080070b8       0x40 Drivers/STM32G4xx_HAL_Driver/Src/stm32g4xx_hal_tim.o
                0x00000000080070b8                TIM_ETR_SetConfig
 .text.TIM_CCxChannelCmd
                0x00000000080070f8       0x4a Drivers/STM32G4xx_HAL_Driver/Src/stm32g4xx_hal_tim.o
                0x00000000080070f8                TIM_CCxChannelCmd
 *fill*         0x0000000008007142        0x2 
 .text.HAL_TIMEx_PWMN_Start
                0x0000000008007144      0x168 Drivers/STM32G4xx_HAL_Driver/Src/stm32g4xx_hal_tim_ex.o
                0x0000000008007144                HAL_TIMEx_PWMN_Start
 .text.HAL_TIMEx_MasterConfigSynchronization
                0x00000000080072ac      0x104 Drivers/STM32G4xx_HAL_Driver/Src/stm32g4xx_hal_tim_ex.o
                0x00000000080072ac                HAL_TIMEx_MasterConfigSynchronization
 .text.HAL_TIMEx_ConfigBreakDeadTime
                0x00000000080073b0      0x140 Drivers/STM32G4xx_HAL_Driver/Src/stm32g4xx_hal_tim_ex.o
                0x00000000080073b0                HAL_TIMEx_ConfigBreakDeadTime
 .text.HAL_TIMEx_CommutCallback
                0x00000000080074f0       0x14 Drivers/STM32G4xx_HAL_Driver/Src/stm32g4xx_hal_tim_ex.o
                0x00000000080074f0                HAL_TIMEx_CommutCallback
 .text.HAL_TIMEx_BreakCallback
                0x0000000008007504       0x14 Drivers/STM32G4xx_HAL_Driver/Src/stm32g4xx_hal_tim_ex.o
                0x0000000008007504                HAL_TIMEx_BreakCallback
 .text.HAL_TIMEx_Break2Callback
                0x0000000008007518       0x14 Drivers/STM32G4xx_HAL_Driver/Src/stm32g4xx_hal_tim_ex.o
                0x0000000008007518                HAL_TIMEx_Break2Callback
 .text.HAL_TIMEx_EncoderIndexCallback
                0x000000000800752c       0x14 Drivers/STM32G4xx_HAL_Driver/Src/stm32g4xx_hal_tim_ex.o
                0x000000000800752c                HAL_TIMEx_EncoderIndexCallback
 .text.HAL_TIMEx_DirectionChangeCallback
                0x0000000008007540       0x14 Drivers/STM32G4xx_HAL_Driver/Src/stm32g4xx_hal_tim_ex.o
                0x0000000008007540                HAL_TIMEx_DirectionChangeCallback
 .text.HAL_TIMEx_IndexErrorCallback
                0x0000000008007554       0x14 Drivers/STM32G4xx_HAL_Driver/Src/stm32g4xx_hal_tim_ex.o
                0x0000000008007554                HAL_TIMEx_IndexErrorCallback
 .text.HAL_TIMEx_TransitionErrorCallback
                0x0000000008007568       0x14 Drivers/STM32G4xx_HAL_Driver/Src/stm32g4xx_hal_tim_ex.o
                0x0000000008007568                HAL_TIMEx_TransitionErrorCallback
 .text.TIM_CCxNChannelCmd
                0x000000000800757c       0x4a Drivers/STM32G4xx_HAL_Driver/Src/stm32g4xx_hal_tim_ex.o
 .text.HAL_UART_Init
                0x00000000080075c6       0xa0 Drivers/STM32G4xx_HAL_Driver/Src/stm32g4xx_hal_uart.o
                0x00000000080075c6                HAL_UART_Init
 *fill*         0x0000000008007666        0x2 
 .text.UART_SetConfig
                0x0000000008007668      0x550 Drivers/STM32G4xx_HAL_Driver/Src/stm32g4xx_hal_uart.o
                0x0000000008007668                UART_SetConfig
 .text.UART_AdvFeatureConfig
                0x0000000008007bb8      0x144 Drivers/STM32G4xx_HAL_Driver/Src/stm32g4xx_hal_uart.o
                0x0000000008007bb8                UART_AdvFeatureConfig
 .text.UART_CheckIdleState
                0x0000000008007cfc       0x90 Drivers/STM32G4xx_HAL_Driver/Src/stm32g4xx_hal_uart.o
                0x0000000008007cfc                UART_CheckIdleState
 .text.UART_WaitOnFlagUntilTimeout
                0x0000000008007d8c      0x100 Drivers/STM32G4xx_HAL_Driver/Src/stm32g4xx_hal_uart.o
                0x0000000008007d8c                UART_WaitOnFlagUntilTimeout
 .text.HAL_UARTEx_DisableFifoMode
                0x0000000008007e8c       0x72 Drivers/STM32G4xx_HAL_Driver/Src/stm32g4xx_hal_uart_ex.o
                0x0000000008007e8c                HAL_UARTEx_DisableFifoMode
 .text.HAL_UARTEx_SetTxFifoThreshold
                0x0000000008007efe       0x7c Drivers/STM32G4xx_HAL_Driver/Src/stm32g4xx_hal_uart_ex.o
                0x0000000008007efe                HAL_UARTEx_SetTxFifoThreshold
 .text.HAL_UARTEx_SetRxFifoThreshold
                0x0000000008007f7a       0x7c Drivers/STM32G4xx_HAL_Driver/Src/stm32g4xx_hal_uart_ex.o
                0x0000000008007f7a                HAL_UARTEx_SetRxFifoThreshold
 *fill*         0x0000000008007ff6        0x2 
 .text.UARTEx_SetNbDataToProcess
                0x0000000008007ff8       0xd0 Drivers/STM32G4xx_HAL_Driver/Src/stm32g4xx_hal_uart_ex.o
 .text.USB_EnableGlobalInt
                0x00000000080080c8       0x2e Drivers/STM32G4xx_HAL_Driver/Src/stm32g4xx_ll_usb.o
                0x00000000080080c8                USB_EnableGlobalInt
 .text.USB_DisableGlobalInt
                0x00000000080080f6       0x36 Drivers/STM32G4xx_HAL_Driver/Src/stm32g4xx_ll_usb.o
                0x00000000080080f6                USB_DisableGlobalInt
 .text.USB_DevInit
                0x000000000800812c       0x42 Drivers/STM32G4xx_HAL_Driver/Src/stm32g4xx_ll_usb.o
                0x000000000800812c                USB_DevInit
 *fill*         0x000000000800816e        0x2 
 .text.USB_ActivateEndpoint
                0x0000000008008170      0x6dc Drivers/STM32G4xx_HAL_Driver/Src/stm32g4xx_ll_usb.o
                0x0000000008008170                USB_ActivateEndpoint
 .text.USB_DeactivateEndpoint
                0x000000000800884c      0x3da Drivers/STM32G4xx_HAL_Driver/Src/stm32g4xx_ll_usb.o
                0x000000000800884c                USB_DeactivateEndpoint
 .text.USB_EPStartXfer
                0x0000000008008c26     0x125e Drivers/STM32G4xx_HAL_Driver/Src/stm32g4xx_ll_usb.o
                0x0000000008008c26                USB_EPStartXfer
 .text.USB_EPSetStall
                0x0000000008009e84       0xa2 Drivers/STM32G4xx_HAL_Driver/Src/stm32g4xx_ll_usb.o
                0x0000000008009e84                USB_EPSetStall
 .text.USB_EPClearStall
                0x0000000008009f26      0x15c Drivers/STM32G4xx_HAL_Driver/Src/stm32g4xx_ll_usb.o
                0x0000000008009f26                USB_EPClearStall
 .text.USB_SetDevAddress
                0x000000000800a082       0x28 Drivers/STM32G4xx_HAL_Driver/Src/stm32g4xx_ll_usb.o
                0x000000000800a082                USB_SetDevAddress
 .text.USB_DevConnect
                0x000000000800a0aa       0x2e Drivers/STM32G4xx_HAL_Driver/Src/stm32g4xx_ll_usb.o
                0x000000000800a0aa                USB_DevConnect
 .text.USB_ReadInterrupts
                0x000000000800a0d8       0x20 Drivers/STM32G4xx_HAL_Driver/Src/stm32g4xx_ll_usb.o
                0x000000000800a0d8                USB_ReadInterrupts
 .text.USB_EP0_OutStart
                0x000000000800a0f8       0x18 Drivers/STM32G4xx_HAL_Driver/Src/stm32g4xx_ll_usb.o
                0x000000000800a0f8                USB_EP0_OutStart
 .text.USB_WritePMA
                0x000000000800a110       0x82 Drivers/STM32G4xx_HAL_Driver/Src/stm32g4xx_ll_usb.o
                0x000000000800a110                USB_WritePMA
 .text.USB_ReadPMA
                0x000000000800a192       0x98 Drivers/STM32G4xx_HAL_Driver/Src/stm32g4xx_ll_usb.o
                0x000000000800a192                USB_ReadPMA
 .text.USBD_CDC_Init
                0x000000000800a22a       0xfe Middlewares/ST/STM32_USB_Device_Library/Class/CDC/Src/usbd_cdc.o
 .text.USBD_CDC_DeInit
                0x000000000800a328       0x74 Middlewares/ST/STM32_USB_Device_Library/Class/CDC/Src/usbd_cdc.o
 .text.USBD_CDC_Setup
                0x000000000800a39c      0x178 Middlewares/ST/STM32_USB_Device_Library/Class/CDC/Src/usbd_cdc.o
 .text.USBD_CDC_DataIn
                0x000000000800a514       0xca Middlewares/ST/STM32_USB_Device_Library/Class/CDC/Src/usbd_cdc.o
 .text.USBD_CDC_DataOut
                0x000000000800a5de       0x56 Middlewares/ST/STM32_USB_Device_Library/Class/CDC/Src/usbd_cdc.o
 .text.USBD_CDC_EP0_RxReady
                0x000000000800a634       0x50 Middlewares/ST/STM32_USB_Device_Library/Class/CDC/Src/usbd_cdc.o
 .text.USBD_CDC_GetFSCfgDesc
                0x000000000800a684       0x20 Middlewares/ST/STM32_USB_Device_Library/Class/CDC/Src/usbd_cdc.o
 .text.USBD_CDC_GetHSCfgDesc
                0x000000000800a6a4       0x20 Middlewares/ST/STM32_USB_Device_Library/Class/CDC/Src/usbd_cdc.o
 .text.USBD_CDC_GetOtherSpeedCfgDesc
                0x000000000800a6c4       0x20 Middlewares/ST/STM32_USB_Device_Library/Class/CDC/Src/usbd_cdc.o
 .text.USBD_CDC_GetDeviceQualifierDescriptor
                0x000000000800a6e4       0x20 Middlewares/ST/STM32_USB_Device_Library/Class/CDC/Src/usbd_cdc.o
                0x000000000800a6e4                USBD_CDC_GetDeviceQualifierDescriptor
 .text.USBD_CDC_RegisterInterface
                0x000000000800a704       0x2a Middlewares/ST/STM32_USB_Device_Library/Class/CDC/Src/usbd_cdc.o
                0x000000000800a704                USBD_CDC_RegisterInterface
 .text.USBD_CDC_SetTxBuffer
                0x000000000800a72e       0x32 Middlewares/ST/STM32_USB_Device_Library/Class/CDC/Src/usbd_cdc.o
                0x000000000800a72e                USBD_CDC_SetTxBuffer
 .text.USBD_CDC_SetRxBuffer
                0x000000000800a760       0x28 Middlewares/ST/STM32_USB_Device_Library/Class/CDC/Src/usbd_cdc.o
                0x000000000800a760                USBD_CDC_SetRxBuffer
 .text.USBD_CDC_ReceivePacket
                0x000000000800a788       0x54 Middlewares/ST/STM32_USB_Device_Library/Class/CDC/Src/usbd_cdc.o
                0x000000000800a788                USBD_CDC_ReceivePacket
 .text.USBD_Init
                0x000000000800a7dc       0x60 Middlewares/ST/STM32_USB_Device_Library/Core/Src/usbd_core.o
                0x000000000800a7dc                USBD_Init
 .text.USBD_RegisterClass
                0x000000000800a83c       0x4e Middlewares/ST/STM32_USB_Device_Library/Core/Src/usbd_core.o
                0x000000000800a83c                USBD_RegisterClass
 .text.USBD_Start
                0x000000000800a88a       0x18 Middlewares/ST/STM32_USB_Device_Library/Core/Src/usbd_core.o
                0x000000000800a88a                USBD_Start
 .text.USBD_RunTestMode
                0x000000000800a8a2       0x16 Middlewares/ST/STM32_USB_Device_Library/Core/Src/usbd_core.o
                0x000000000800a8a2                USBD_RunTestMode
 .text.USBD_SetClassConfig
                0x000000000800a8b8       0x38 Middlewares/ST/STM32_USB_Device_Library/Core/Src/usbd_core.o
                0x000000000800a8b8                USBD_SetClassConfig
 .text.USBD_ClrClassConfig
                0x000000000800a8f0       0x30 Middlewares/ST/STM32_USB_Device_Library/Core/Src/usbd_core.o
                0x000000000800a8f0                USBD_ClrClassConfig
 .text.USBD_LL_SetupStage
                0x000000000800a920       0xa6 Middlewares/ST/STM32_USB_Device_Library/Core/Src/usbd_core.o
                0x000000000800a920                USBD_LL_SetupStage
 .text.USBD_LL_DataOutStage
                0x000000000800a9c6       0xc6 Middlewares/ST/STM32_USB_Device_Library/Core/Src/usbd_core.o
                0x000000000800a9c6                USBD_LL_DataOutStage
 .text.USBD_LL_DataInStage
                0x000000000800aa8c      0x12c Middlewares/ST/STM32_USB_Device_Library/Core/Src/usbd_core.o
                0x000000000800aa8c                USBD_LL_DataInStage
 .text.USBD_LL_Reset
                0x000000000800abb8       0x82 Middlewares/ST/STM32_USB_Device_Library/Core/Src/usbd_core.o
                0x000000000800abb8                USBD_LL_Reset
 .text.USBD_LL_SetSpeed
                0x000000000800ac3a       0x20 Middlewares/ST/STM32_USB_Device_Library/Core/Src/usbd_core.o
                0x000000000800ac3a                USBD_LL_SetSpeed
 .text.USBD_LL_Suspend
                0x000000000800ac5a       0x2a Middlewares/ST/STM32_USB_Device_Library/Core/Src/usbd_core.o
                0x000000000800ac5a                USBD_LL_Suspend
 .text.USBD_LL_Resume
                0x000000000800ac84       0x2c Middlewares/ST/STM32_USB_Device_Library/Core/Src/usbd_core.o
                0x000000000800ac84                USBD_LL_Resume
 .text.USBD_LL_SOF
                0x000000000800acb0       0x34 Middlewares/ST/STM32_USB_Device_Library/Core/Src/usbd_core.o
                0x000000000800acb0                USBD_LL_SOF
 .text.SWAPBYTE
                0x000000000800ace4       0x3c Middlewares/ST/STM32_USB_Device_Library/Core/Src/usbd_ctlreq.o
 .text.USBD_StdDevReq
                0x000000000800ad20       0xdc Middlewares/ST/STM32_USB_Device_Library/Core/Src/usbd_ctlreq.o
                0x000000000800ad20                USBD_StdDevReq
 .text.USBD_StdItfReq
                0x000000000800adfc       0x8c Middlewares/ST/STM32_USB_Device_Library/Core/Src/usbd_ctlreq.o
                0x000000000800adfc                USBD_StdItfReq
 .text.USBD_StdEPReq
                0x000000000800ae88      0x2ae Middlewares/ST/STM32_USB_Device_Library/Core/Src/usbd_ctlreq.o
                0x000000000800ae88                USBD_StdEPReq
 *fill*         0x000000000800b136        0x2 
 .text.USBD_GetDescriptor
                0x000000000800b138      0x328 Middlewares/ST/STM32_USB_Device_Library/Core/Src/usbd_ctlreq.o
 .text.USBD_SetAddress
                0x000000000800b460       0x84 Middlewares/ST/STM32_USB_Device_Library/Core/Src/usbd_ctlreq.o
 .text.USBD_SetConfig
                0x000000000800b4e4      0x148 Middlewares/ST/STM32_USB_Device_Library/Core/Src/usbd_ctlreq.o
 .text.USBD_GetConfig
                0x000000000800b62c       0x68 Middlewares/ST/STM32_USB_Device_Library/Core/Src/usbd_ctlreq.o
 .text.USBD_GetStatus
                0x000000000800b694       0x66 Middlewares/ST/STM32_USB_Device_Library/Core/Src/usbd_ctlreq.o
 .text.USBD_SetFeature
                0x000000000800b6fa       0x28 Middlewares/ST/STM32_USB_Device_Library/Core/Src/usbd_ctlreq.o
 .text.USBD_ClrFeature
                0x000000000800b722       0x42 Middlewares/ST/STM32_USB_Device_Library/Core/Src/usbd_ctlreq.o
 .text.USBD_ParseSetupRequest
                0x000000000800b764       0x74 Middlewares/ST/STM32_USB_Device_Library/Core/Src/usbd_ctlreq.o
                0x000000000800b764                USBD_ParseSetupRequest
 .text.USBD_CtlError
                0x000000000800b7d8       0x22 Middlewares/ST/STM32_USB_Device_Library/Core/Src/usbd_ctlreq.o
                0x000000000800b7d8                USBD_CtlError
 .text.USBD_GetString
                0x000000000800b7fa       0x8c Middlewares/ST/STM32_USB_Device_Library/Core/Src/usbd_ctlreq.o
                0x000000000800b7fa                USBD_GetString
 .text.USBD_GetLen
                0x000000000800b886       0x34 Middlewares/ST/STM32_USB_Device_Library/Core/Src/usbd_ctlreq.o
 .text.USBD_CtlSendData
                0x000000000800b8ba       0x36 Middlewares/ST/STM32_USB_Device_Library/Core/Src/usbd_ioreq.o
                0x000000000800b8ba                USBD_CtlSendData
 .text.USBD_CtlContinueSendData
                0x000000000800b8f0       0x22 Middlewares/ST/STM32_USB_Device_Library/Core/Src/usbd_ioreq.o
                0x000000000800b8f0                USBD_CtlContinueSendData
 .text.USBD_CtlPrepareRx
                0x000000000800b912       0x3a Middlewares/ST/STM32_USB_Device_Library/Core/Src/usbd_ioreq.o
                0x000000000800b912                USBD_CtlPrepareRx
 .text.USBD_CtlContinueRx
                0x000000000800b94c       0x22 Middlewares/ST/STM32_USB_Device_Library/Core/Src/usbd_ioreq.o
                0x000000000800b94c                USBD_CtlContinueRx
 .text.USBD_CtlSendStatus
                0x000000000800b96e       0x26 Middlewares/ST/STM32_USB_Device_Library/Core/Src/usbd_ioreq.o
                0x000000000800b96e                USBD_CtlSendStatus
 .text.USBD_CtlReceiveStatus
                0x000000000800b994       0x26 Middlewares/ST/STM32_USB_Device_Library/Core/Src/usbd_ioreq.o
                0x000000000800b994                USBD_CtlReceiveStatus
 *fill*         0x000000000800b9ba        0x2 
 .text.MX_USB_Device_Init
                0x000000000800b9bc       0x60 USB_Device/App/usb_device.o
                0x000000000800b9bc                MX_USB_Device_Init
 .text.CDC_Init_FS
                0x000000000800ba1c       0x28 USB_Device/App/usbd_cdc_if.o
 .text.CDC_DeInit_FS
                0x000000000800ba44       0x10 USB_Device/App/usbd_cdc_if.o
 .text.CDC_Control_FS
                0x000000000800ba54       0xbc USB_Device/App/usbd_cdc_if.o
 .text.CDC_Receive_FS
                0x000000000800bb10       0x28 USB_Device/App/usbd_cdc_if.o
 .text.CDC_TransmitCplt_FS
                0x000000000800bb38       0x22 USB_Device/App/usbd_cdc_if.o
 *fill*         0x000000000800bb5a        0x2 
 .text.USBD_CDC_DeviceDescriptor
                0x000000000800bb5c       0x24 USB_Device/App/usbd_desc.o
                0x000000000800bb5c                USBD_CDC_DeviceDescriptor
 .text.USBD_CDC_LangIDStrDescriptor
                0x000000000800bb80       0x24 USB_Device/App/usbd_desc.o
                0x000000000800bb80                USBD_CDC_LangIDStrDescriptor
 .text.USBD_CDC_ProductStrDescriptor
                0x000000000800bba4       0x3c USB_Device/App/usbd_desc.o
                0x000000000800bba4                USBD_CDC_ProductStrDescriptor
 .text.USBD_CDC_ManufacturerStrDescriptor
                0x000000000800bbe0       0x28 USB_Device/App/usbd_desc.o
                0x000000000800bbe0                USBD_CDC_ManufacturerStrDescriptor
 .text.USBD_CDC_SerialStrDescriptor
                0x000000000800bc08       0x24 USB_Device/App/usbd_desc.o
                0x000000000800bc08                USBD_CDC_SerialStrDescriptor
 .text.USBD_CDC_ConfigStrDescriptor
                0x000000000800bc2c       0x3c USB_Device/App/usbd_desc.o
                0x000000000800bc2c                USBD_CDC_ConfigStrDescriptor
 .text.USBD_CDC_InterfaceStrDescriptor
                0x000000000800bc68       0x3c USB_Device/App/usbd_desc.o
                0x000000000800bc68                USBD_CDC_InterfaceStrDescriptor
 .text.Get_SerialNum
                0x000000000800bca4       0x58 USB_Device/App/usbd_desc.o
 .text.IntToUnicode
                0x000000000800bcfc       0x7c USB_Device/App/usbd_desc.o
 .text.HAL_PCD_MspInit
                0x000000000800bd78       0x4c USB_Device/Target/usbd_conf.o
                0x000000000800bd78                HAL_PCD_MspInit
 .text.HAL_PCD_SetupStageCallback
                0x000000000800bdc4       0x24 USB_Device/Target/usbd_conf.o
                0x000000000800bdc4                HAL_PCD_SetupStageCallback
 .text.HAL_PCD_DataOutStageCallback
                0x000000000800bde8       0x36 USB_Device/Target/usbd_conf.o
                0x000000000800bde8                HAL_PCD_DataOutStageCallback
 .text.HAL_PCD_DataInStageCallback
                0x000000000800be1e       0x34 USB_Device/Target/usbd_conf.o
                0x000000000800be1e                HAL_PCD_DataInStageCallback
 .text.HAL_PCD_SOFCallback
                0x000000000800be52       0x1c USB_Device/Target/usbd_conf.o
                0x000000000800be52                HAL_PCD_SOFCallback
 .text.HAL_PCD_ResetCallback
                0x000000000800be6e       0x3c USB_Device/Target/usbd_conf.o
                0x000000000800be6e                HAL_PCD_ResetCallback
 *fill*         0x000000000800beaa        0x2 
 .text.HAL_PCD_SuspendCallback
                0x000000000800beac       0x34 USB_Device/Target/usbd_conf.o
                0x000000000800beac                HAL_PCD_SuspendCallback
 .text.HAL_PCD_ResumeCallback
                0x000000000800bee0       0x38 USB_Device/Target/usbd_conf.o
                0x000000000800bee0                HAL_PCD_ResumeCallback
 .text.USBD_LL_Init
                0x000000000800bf18       0xc0 USB_Device/Target/usbd_conf.o
                0x000000000800bf18                USBD_LL_Init
 .text.USBD_LL_Start
                0x000000000800bfd8       0x36 USB_Device/Target/usbd_conf.o
                0x000000000800bfd8                USBD_LL_Start
 .text.USBD_LL_OpenEP
                0x000000000800c00e       0x4c USB_Device/Target/usbd_conf.o
                0x000000000800c00e                USBD_LL_OpenEP
 .text.USBD_LL_CloseEP
                0x000000000800c05a       0x3e USB_Device/Target/usbd_conf.o
                0x000000000800c05a                USBD_LL_CloseEP
 .text.USBD_LL_StallEP
                0x000000000800c098       0x3e USB_Device/Target/usbd_conf.o
                0x000000000800c098                USBD_LL_StallEP
 .text.USBD_LL_ClearStallEP
                0x000000000800c0d6       0x3e USB_Device/Target/usbd_conf.o
                0x000000000800c0d6                USBD_LL_ClearStallEP
 .text.USBD_LL_IsStallEP
                0x000000000800c114       0x5a USB_Device/Target/usbd_conf.o
                0x000000000800c114                USBD_LL_IsStallEP
 .text.USBD_LL_SetUSBAddress
                0x000000000800c16e       0x3e USB_Device/Target/usbd_conf.o
                0x000000000800c16e                USBD_LL_SetUSBAddress
 .text.USBD_LL_Transmit
                0x000000000800c1ac       0x42 USB_Device/Target/usbd_conf.o
                0x000000000800c1ac                USBD_LL_Transmit
 .text.USBD_LL_PrepareReceive
                0x000000000800c1ee       0x42 USB_Device/Target/usbd_conf.o
                0x000000000800c1ee                USBD_LL_PrepareReceive
 .text.USBD_LL_GetRxDataSize
                0x000000000800c230       0x26 USB_Device/Target/usbd_conf.o
                0x000000000800c230                USBD_LL_GetRxDataSize
 *fill*         0x000000000800c256        0x2 
 .text.HAL_PCDEx_LPM_Callback
                0x000000000800c258       0x6c USB_Device/Target/usbd_conf.o
                0x000000000800c258                HAL_PCDEx_LPM_Callback
 .text.USBD_static_malloc
                0x000000000800c2c4       0x1c USB_Device/Target/usbd_conf.o
                0x000000000800c2c4                USBD_static_malloc
 .text.USBD_static_free
                0x000000000800c2e0       0x14 USB_Device/Target/usbd_conf.o
                0x000000000800c2e0                USBD_static_free
 .text.SystemClockConfig_Resume
                0x000000000800c2f4        0xc USB_Device/Target/usbd_conf.o
 .text.USBD_Get_USB_Status
                0x000000000800c300       0x58 USB_Device/Target/usbd_conf.o
 .text.Init     0x000000000800c358      0x21c global/initialize.o
                0x000000000800c358                Init
 .text.HAL_TIM_PeriodElapsedCallback
                0x000000000800c574       0x2c global/primary_loop.o
                0x000000000800c574                HAL_TIM_PeriodElapsedCallback
 .text.primary_loop
                0x000000000800c5a0       0x30 global/primary_loop.o
                0x000000000800c5a0                primary_loop
 .text.ICM20602_Init
                0x000000000800c5d0      0x2e4 icm20602/hal_ICM20602.o
                0x000000000800c5d0                ICM20602_Init
 .text.imu_reading_to_data
                0x000000000800c8b4       0x54 icm20602/hal_ICM20602.o
 .text.imu_int_to_norm_float
                0x000000000800c908      0x144 icm20602/hal_ICM20602.o
 .text.ICM20602_Read
                0x000000000800ca4c       0x78 icm20602/hal_ICM20602.o
                0x000000000800ca4c                ICM20602_Read
 .text.KalmanFilter_init
                0x000000000800cac4       0xa8 kalman_filter/AHRS.o
                0x000000000800cac4                KalmanFilter_init
 .text.vectMag  0x000000000800cb6c       0x90 math_functions/various_functions.o
                0x000000000800cb6c                vectMag
 .text.vectNormalize
                0x000000000800cbfc       0x52 math_functions/various_functions.o
                0x000000000800cbfc                vectNormalize
 *fill*         0x000000000800cc4e        0x2 
 .text.HAL_SPI_TxRxCpltCallback
                0x000000000800cc50       0x4c spi_wrapper/spi_wrapper.o
                0x000000000800cc50                HAL_SPI_TxRxCpltCallback
 .text.SPI_TransmitReceive_DMA_Blocking
                0x000000000800cc9c       0x58 spi_wrapper/spi_wrapper.o
                0x000000000800cc9c                SPI_TransmitReceive_DMA_Blocking
 .text.arm_mat_init_f32
                0x000000000800ccf4        0x8 S:/sourcetree/imu_board/GP_firmware/../CMSIS_DSP/Lib/GCC\libarm_cortexM4lf_math.a(arm_mat_init_f32.o)
                0x000000000800ccf4                arm_mat_init_f32
 .text.__errno  0x000000000800ccfc        0xc s:/programs hhd/stm32cubeide_1.4.0/stm32cubeide/plugins/com.st.stm32cube.ide.mcu.externaltools.gnu-tools-for-stm32.7-2018-q2-update.win32_1.4.0.202007081208/tools/bin/../lib/gcc/arm-none-eabi/7.3.1/../../../../arm-none-eabi/lib/thumb/v7e-m/fpv4-sp/hard\libc_nano.a(lib_a-errno.o)
                0x000000000800ccfc                __errno
 .text.__libc_init_array
                0x000000000800cd08       0x48 s:/programs hhd/stm32cubeide_1.4.0/stm32cubeide/plugins/com.st.stm32cube.ide.mcu.externaltools.gnu-tools-for-stm32.7-2018-q2-update.win32_1.4.0.202007081208/tools/bin/../lib/gcc/arm-none-eabi/7.3.1/../../../../arm-none-eabi/lib/thumb/v7e-m/fpv4-sp/hard\libc_nano.a(lib_a-init.o)
                0x000000000800cd08                __libc_init_array
 .text.memset   0x000000000800cd50       0x10 s:/programs hhd/stm32cubeide_1.4.0/stm32cubeide/plugins/com.st.stm32cube.ide.mcu.externaltools.gnu-tools-for-stm32.7-2018-q2-update.win32_1.4.0.202007081208/tools/bin/../lib/gcc/arm-none-eabi/7.3.1/../../../../arm-none-eabi/lib/thumb/v7e-m/fpv4-sp/hard\libc_nano.a(lib_a-memset.o)
                0x000000000800cd50                memset
 .text.sqrtf    0x000000000800cd60       0xa0 s:/programs hhd/stm32cubeide_1.4.0/stm32cubeide/plugins/com.st.stm32cube.ide.mcu.externaltools.gnu-tools-for-stm32.7-2018-q2-update.win32_1.4.0.202007081208/tools/bin/../lib/gcc/arm-none-eabi/7.3.1/../../../../arm-none-eabi/lib/thumb/v7e-m/fpv4-sp/hard\libm.a(lib_a-wf_sqrt.o)
                0x000000000800cd60                sqrtf
 .text.__ieee754_sqrtf
                0x000000000800ce00        0x6 s:/programs hhd/stm32cubeide_1.4.0/stm32cubeide/plugins/com.st.stm32cube.ide.mcu.externaltools.gnu-tools-for-stm32.7-2018-q2-update.win32_1.4.0.202007081208/tools/bin/../lib/gcc/arm-none-eabi/7.3.1/../../../../arm-none-eabi/lib/thumb/v7e-m/fpv4-sp/hard\libm.a(lib_a-ef_sqrt.o)
                0x000000000800ce00                __ieee754_sqrtf
 .text.matherr  0x000000000800ce06        0x4 s:/programs hhd/stm32cubeide_1.4.0/stm32cubeide/plugins/com.st.stm32cube.ide.mcu.externaltools.gnu-tools-for-stm32.7-2018-q2-update.win32_1.4.0.202007081208/tools/bin/../lib/gcc/arm-none-eabi/7.3.1/../../../../arm-none-eabi/lib/thumb/v7e-m/fpv4-sp/hard\libm.a(lib_a-s_matherr.o)
                0x000000000800ce06                matherr
 *(.glue_7)
 .glue_7        0x000000000800ce0a        0x0 linker stubs
 *(.glue_7t)
 .glue_7t       0x000000000800ce0a        0x0 linker stubs
 *(.eh_frame)
 *fill*         0x000000000800ce0a        0x2 
 .eh_frame      0x000000000800ce0c        0x0 s:/programs hhd/stm32cubeide_1.4.0/stm32cubeide/plugins/com.st.stm32cube.ide.mcu.externaltools.gnu-tools-for-stm32.7-2018-q2-update.win32_1.4.0.202007081208/tools/bin/../lib/gcc/arm-none-eabi/7.3.1/thumb/v7e-m/fpv4-sp/hard/crtbegin.o
 *(.init)
 .init          0x000000000800ce0c        0x4 s:/programs hhd/stm32cubeide_1.4.0/stm32cubeide/plugins/com.st.stm32cube.ide.mcu.externaltools.gnu-tools-for-stm32.7-2018-q2-update.win32_1.4.0.202007081208/tools/bin/../lib/gcc/arm-none-eabi/7.3.1/thumb/v7e-m/fpv4-sp/hard/crti.o
                0x000000000800ce0c                _init
 .init          0x000000000800ce10        0x8 s:/programs hhd/stm32cubeide_1.4.0/stm32cubeide/plugins/com.st.stm32cube.ide.mcu.externaltools.gnu-tools-for-stm32.7-2018-q2-update.win32_1.4.0.202007081208/tools/bin/../lib/gcc/arm-none-eabi/7.3.1/thumb/v7e-m/fpv4-sp/hard/crtn.o
 *(.fini)
 .fini          0x000000000800ce18        0x4 s:/programs hhd/stm32cubeide_1.4.0/stm32cubeide/plugins/com.st.stm32cube.ide.mcu.externaltools.gnu-tools-for-stm32.7-2018-q2-update.win32_1.4.0.202007081208/tools/bin/../lib/gcc/arm-none-eabi/7.3.1/thumb/v7e-m/fpv4-sp/hard/crti.o
                0x000000000800ce18                _fini
 .fini          0x000000000800ce1c        0x8 s:/programs hhd/stm32cubeide_1.4.0/stm32cubeide/plugins/com.st.stm32cube.ide.mcu.externaltools.gnu-tools-for-stm32.7-2018-q2-update.win32_1.4.0.202007081208/tools/bin/../lib/gcc/arm-none-eabi/7.3.1/thumb/v7e-m/fpv4-sp/hard/crtn.o
                0x000000000800ce24                . = ALIGN (0x4)
                0x000000000800ce24                _etext = .

.vfp11_veneer   0x000000000800ce24        0x0
 .vfp11_veneer  0x000000000800ce24        0x0 linker stubs

.v4_bx          0x000000000800ce24        0x0
 .v4_bx         0x000000000800ce24        0x0 linker stubs

.iplt           0x000000000800ce24        0x0
 .iplt          0x000000000800ce24        0x0 s:/programs hhd/stm32cubeide_1.4.0/stm32cubeide/plugins/com.st.stm32cube.ide.mcu.externaltools.gnu-tools-for-stm32.7-2018-q2-update.win32_1.4.0.202007081208/tools/bin/../lib/gcc/arm-none-eabi/7.3.1/thumb/v7e-m/fpv4-sp/hard/crtbegin.o

.rodata         0x000000000800ce24      0x140
                0x000000000800ce24                . = ALIGN (0x4)
 *(.rodata)
 .rodata        0x000000000800ce24       0x10 Drivers/STM32G4xx_HAL_Driver/Src/stm32g4xx_hal_uart_ex.o
 .rodata        0x000000000800ce34       0x46 USB_Device/App/usbd_desc.o
 *fill*         0x000000000800ce7a        0x2 
 .rodata        0x000000000800ce7c       0xb0 global/initialize.o
 *(.rodata*)
 .rodata.AHBPrescTable
                0x000000000800cf2c       0x10 Core/Src/system_stm32g4xx.o
                0x000000000800cf2c                AHBPrescTable
 .rodata.APBPrescTable
                0x000000000800cf3c        0x8 Core/Src/system_stm32g4xx.o
                0x000000000800cf3c                APBPrescTable
 .rodata.UARTPrescTable
                0x000000000800cf44       0x18 Drivers/STM32G4xx_HAL_Driver/Src/stm32g4xx_hal_uart.o
                0x000000000800cf44                UARTPrescTable
 .rodata.sqrtf.str1.1
                0x000000000800cf5c        0x6 s:/programs hhd/stm32cubeide_1.4.0/stm32cubeide/plugins/com.st.stm32cube.ide.mcu.externaltools.gnu-tools-for-stm32.7-2018-q2-update.win32_1.4.0.202007081208/tools/bin/../lib/gcc/arm-none-eabi/7.3.1/../../../../arm-none-eabi/lib/thumb/v7e-m/fpv4-sp/hard\libm.a(lib_a-wf_sqrt.o)
                0x000000000800cf64                . = ALIGN (0x4)
 *fill*         0x000000000800cf62        0x2 

.ARM.extab      0x000000000800cf64        0x0
                0x000000000800cf64                . = ALIGN (0x4)
 *(.ARM.extab* .gnu.linkonce.armextab.*)
                0x000000000800cf64                . = ALIGN (0x4)

.ARM            0x000000000800cf64        0x8
                0x000000000800cf64                . = ALIGN (0x4)
                0x000000000800cf64                __exidx_start = .
 *(.ARM.exidx*)
 .ARM.exidx     0x000000000800cf64        0x8 s:/programs hhd/stm32cubeide_1.4.0/stm32cubeide/plugins/com.st.stm32cube.ide.mcu.externaltools.gnu-tools-for-stm32.7-2018-q2-update.win32_1.4.0.202007081208/tools/bin/../lib/gcc/arm-none-eabi/7.3.1/thumb/v7e-m/fpv4-sp/hard\libgcc.a(_udivmoddi4.o)
                0x000000000800cf6c                __exidx_end = .
                0x000000000800cf6c                . = ALIGN (0x4)

.rel.dyn        0x000000000800cf6c        0x0
 .rel.iplt      0x000000000800cf6c        0x0 s:/programs hhd/stm32cubeide_1.4.0/stm32cubeide/plugins/com.st.stm32cube.ide.mcu.externaltools.gnu-tools-for-stm32.7-2018-q2-update.win32_1.4.0.202007081208/tools/bin/../lib/gcc/arm-none-eabi/7.3.1/thumb/v7e-m/fpv4-sp/hard/crtbegin.o

.preinit_array  0x000000000800cf6c        0x0
                0x000000000800cf6c                . = ALIGN (0x4)
                0x000000000800cf6c                PROVIDE (__preinit_array_start = .)
 *(.preinit_array*)
                0x000000000800cf6c                PROVIDE (__preinit_array_end = .)
                0x000000000800cf6c                . = ALIGN (0x4)

.init_array     0x000000000800cf6c        0x4
                0x000000000800cf6c                . = ALIGN (0x4)
                0x000000000800cf6c                PROVIDE (__init_array_start = .)
 *(SORT_BY_NAME(.init_array.*))
 *(.init_array*)
 .init_array    0x000000000800cf6c        0x4 s:/programs hhd/stm32cubeide_1.4.0/stm32cubeide/plugins/com.st.stm32cube.ide.mcu.externaltools.gnu-tools-for-stm32.7-2018-q2-update.win32_1.4.0.202007081208/tools/bin/../lib/gcc/arm-none-eabi/7.3.1/thumb/v7e-m/fpv4-sp/hard/crtbegin.o
                0x000000000800cf70                PROVIDE (__init_array_end = .)
                0x000000000800cf70                . = ALIGN (0x4)

.fini_array     0x000000000800cf70        0x4
                0x000000000800cf70                . = ALIGN (0x4)
                [!provide]                        PROVIDE (__fini_array_start = .)
 *(SORT_BY_NAME(.fini_array.*))
 *(.fini_array*)
 .fini_array    0x000000000800cf70        0x4 s:/programs hhd/stm32cubeide_1.4.0/stm32cubeide/plugins/com.st.stm32cube.ide.mcu.externaltools.gnu-tools-for-stm32.7-2018-q2-update.win32_1.4.0.202007081208/tools/bin/../lib/gcc/arm-none-eabi/7.3.1/thumb/v7e-m/fpv4-sp/hard/crtbegin.o
                [!provide]                        PROVIDE (__fini_array_end = .)
                0x000000000800cf74                . = ALIGN (0x4)
                0x000000000800cf74                _sidata = LOADADDR (.data)

.data           0x0000000020000000      0x1f0 load address 0x000000000800cf74
                0x0000000020000000                . = ALIGN (0x4)
                0x0000000020000000                _sdata = .
 *(.data)
 *(.data*)
 .data.SystemCoreClock
                0x0000000020000000        0x4 Core/Src/system_stm32g4xx.o
                0x0000000020000000                SystemCoreClock
 .data.uwTickPrio
                0x0000000020000004        0x4 Drivers/STM32G4xx_HAL_Driver/Src/stm32g4xx_hal.o
                0x0000000020000004                uwTickPrio
 .data.uwTickFreq
                0x0000000020000008        0x4 Drivers/STM32G4xx_HAL_Driver/Src/stm32g4xx_hal.o
                0x0000000020000008                uwTickFreq
 .data.USBD_CDC_DeviceQualifierDesc
                0x000000002000000c        0xa Middlewares/ST/STM32_USB_Device_Library/Class/CDC/Src/usbd_cdc.o
 *fill*         0x0000000020000016        0x2 
 .data.USBD_CDC
                0x0000000020000018       0x38 Middlewares/ST/STM32_USB_Device_Library/Class/CDC/Src/usbd_cdc.o
                0x0000000020000018                USBD_CDC
 .data.USBD_CDC_CfgHSDesc
                0x0000000020000050       0x43 Middlewares/ST/STM32_USB_Device_Library/Class/CDC/Src/usbd_cdc.o
 *fill*         0x0000000020000093        0x1 
 .data.USBD_CDC_CfgFSDesc
                0x0000000020000094       0x43 Middlewares/ST/STM32_USB_Device_Library/Class/CDC/Src/usbd_cdc.o
 *fill*         0x00000000200000d7        0x1 
 .data.USBD_CDC_OtherSpeedCfgDesc
                0x00000000200000d8       0x43 Middlewares/ST/STM32_USB_Device_Library/Class/CDC/Src/usbd_cdc.o
 *fill*         0x000000002000011b        0x1 
 .data.USBD_Interface_fops_FS
                0x000000002000011c       0x14 USB_Device/App/usbd_cdc_if.o
                0x000000002000011c                USBD_Interface_fops_FS
 .data.CDC_Desc
                0x0000000020000130       0x20 USB_Device/App/usbd_desc.o
                0x0000000020000130                CDC_Desc
 .data.USBD_CDC_DeviceDesc
                0x0000000020000150       0x12 USB_Device/App/usbd_desc.o
                0x0000000020000150                USBD_CDC_DeviceDesc
 *fill*         0x0000000020000162        0x2 
 .data.USBD_LangIDDesc
                0x0000000020000164        0x4 USB_Device/App/usbd_desc.o
                0x0000000020000164                USBD_LangIDDesc
 .data.USBD_StringSerial
                0x0000000020000168       0x1a USB_Device/App/usbd_desc.o
                0x0000000020000168                USBD_StringSerial
 *fill*         0x0000000020000182        0x2 
 .data.dt       0x0000000020000184        0x4 global/global_variables.o
                0x0000000020000184                dt
 .data._impure_ptr
                0x0000000020000188        0x4 s:/programs hhd/stm32cubeide_1.4.0/stm32cubeide/plugins/com.st.stm32cube.ide.mcu.externaltools.gnu-tools-for-stm32.7-2018-q2-update.win32_1.4.0.202007081208/tools/bin/../lib/gcc/arm-none-eabi/7.3.1/../../../../arm-none-eabi/lib/thumb/v7e-m/fpv4-sp/hard\libc_nano.a(lib_a-impure.o)
                0x0000000020000188                _impure_ptr
 .data.impure_data
                0x000000002000018c       0x60 s:/programs hhd/stm32cubeide_1.4.0/stm32cubeide/plugins/com.st.stm32cube.ide.mcu.externaltools.gnu-tools-for-stm32.7-2018-q2-update.win32_1.4.0.202007081208/tools/bin/../lib/gcc/arm-none-eabi/7.3.1/../../../../arm-none-eabi/lib/thumb/v7e-m/fpv4-sp/hard\libc_nano.a(lib_a-impure.o)
 .data.__fdlib_version
                0x00000000200001ec        0x1 s:/programs hhd/stm32cubeide_1.4.0/stm32cubeide/plugins/com.st.stm32cube.ide.mcu.externaltools.gnu-tools-for-stm32.7-2018-q2-update.win32_1.4.0.202007081208/tools/bin/../lib/gcc/arm-none-eabi/7.3.1/../../../../arm-none-eabi/lib/thumb/v7e-m/fpv4-sp/hard\libm.a(lib_a-s_lib_ver.o)
                0x00000000200001ec                __fdlib_version
                0x00000000200001f0                . = ALIGN (0x4)
 *fill*         0x00000000200001ed        0x3 
                0x00000000200001f0                _edata = .

.igot.plt       0x00000000200001f0        0x0 load address 0x000000000800d164
 .igot.plt      0x00000000200001f0        0x0 s:/programs hhd/stm32cubeide_1.4.0/stm32cubeide/plugins/com.st.stm32cube.ide.mcu.externaltools.gnu-tools-for-stm32.7-2018-q2-update.win32_1.4.0.202007081208/tools/bin/../lib/gcc/arm-none-eabi/7.3.1/thumb/v7e-m/fpv4-sp/hard/crtbegin.o
                0x00000000200001f0                . = ALIGN (0x4)

.bss            0x00000000200001f0     0x1774 load address 0x000000000800d164
                0x00000000200001f0                _sbss = .
                0x00000000200001f0                __bss_start__ = _sbss
 *(.bss)
 .bss           0x00000000200001f0       0x1c s:/programs hhd/stm32cubeide_1.4.0/stm32cubeide/plugins/com.st.stm32cube.ide.mcu.externaltools.gnu-tools-for-stm32.7-2018-q2-update.win32_1.4.0.202007081208/tools/bin/../lib/gcc/arm-none-eabi/7.3.1/thumb/v7e-m/fpv4-sp/hard/crtbegin.o
 *(.bss*)
 .bss.cfgidx.10828
                0x000000002000020c        0x1 Middlewares/ST/STM32_USB_Device_Library/Core/Src/usbd_ctlreq.o
 *fill*         0x000000002000020d        0x3 
 .bss.mem.10906
                0x0000000020000210      0x220 USB_Device/Target/usbd_conf.o
 .bss.tim1_int  0x0000000020000430        0x1 global/primary_loop.o
                0x0000000020000430                tim1_int
 .bss.SPI1_busy
                0x0000000020000431        0x1 spi_wrapper/spi_wrapper.o
                0x0000000020000431                SPI1_busy
 *(COMMON)
 *fill*         0x0000000020000432        0x2 
 COMMON         0x0000000020000434      0x124 Core/Src/spi.o
                0x0000000020000434                hspi1
                0x0000000020000498                hdma_spi1_rx
                0x00000000200004f8                hdma_spi1_tx
 COMMON         0x0000000020000558       0xe4 Core/Src/tim.o
                0x0000000020000558                htim8
                0x00000000200005a4                htim4
                0x00000000200005f0                htim1
 COMMON         0x000000002000063c      0x118 Core/Src/usart.o
                0x000000002000063c                huart1
                0x00000000200006c8                huart2
 COMMON         0x0000000020000754        0x4 Drivers/STM32G4xx_HAL_Driver/Src/stm32g4xx_hal.o
                0x0000000020000754                uwTick
 COMMON         0x0000000020000758      0x2d0 USB_Device/App/usb_device.o
                0x0000000020000758                hUsbDeviceFS
 COMMON         0x0000000020000a28      0x7d0 USB_Device/App/usbd_cdc_if.o
                0x0000000020000a28                UserRxBufferFS
                0x0000000020000e10                UserTxBufferFS
 COMMON         0x00000000200011f8      0x200 USB_Device/App/usbd_desc.o
                0x00000000200011f8                USBD_StrDesc
 COMMON         0x00000000200013f8      0x2f4 USB_Device/Target/usbd_conf.o
                0x00000000200013f8                hpcd_USB_FS
 COMMON         0x00000000200016ec      0x278 global/global_variables.o
                0x00000000200016ec                gyro0data20
                0x0000000020001764                KF0
                0x0000000020001840                ICM0
                0x0000000020001874                acc0data20
                0x00000000200018ec                mag0data20
                0x0000000020001964                . = ALIGN (0x4)
                0x0000000020001964                _ebss = .
                0x0000000020001964                __bss_end__ = _ebss

._user_heap_stack
                0x0000000020001964      0x604 load address 0x000000000800d164
                0x0000000020001968                . = ALIGN (0x8)
 *fill*         0x0000000020001964        0x4 
                [!provide]                        PROVIDE (end = .)
                0x0000000020001968                PROVIDE (_end = .)
                0x0000000020001b68                . = (. + _Min_Heap_Size)
 *fill*         0x0000000020001968      0x200 
                0x0000000020001f68                . = (. + _Min_Stack_Size)
 *fill*         0x0000000020001b68      0x400 
                0x0000000020001f68                . = ALIGN (0x8)

/DISCARD/
 libc.a(*)
 libm.a(*)
 libgcc.a(*)

.ARM.attributes
                0x0000000000000000       0x30
 *(.ARM.attributes)
 .ARM.attributes
                0x0000000000000000       0x22 s:/programs hhd/stm32cubeide_1.4.0/stm32cubeide/plugins/com.st.stm32cube.ide.mcu.externaltools.gnu-tools-for-stm32.7-2018-q2-update.win32_1.4.0.202007081208/tools/bin/../lib/gcc/arm-none-eabi/7.3.1/thumb/v7e-m/fpv4-sp/hard/crti.o
 .ARM.attributes
                0x0000000000000022       0x34 s:/programs hhd/stm32cubeide_1.4.0/stm32cubeide/plugins/com.st.stm32cube.ide.mcu.externaltools.gnu-tools-for-stm32.7-2018-q2-update.win32_1.4.0.202007081208/tools/bin/../lib/gcc/arm-none-eabi/7.3.1/thumb/v7e-m/fpv4-sp/hard/crtbegin.o
 .ARM.attributes
                0x0000000000000056       0x39 Core/Src/dma.o
 .ARM.attributes
                0x000000000000008f       0x39 Core/Src/gpio.o
 .ARM.attributes
                0x00000000000000c8       0x39 Core/Src/main.o
 .ARM.attributes
                0x0000000000000101       0x39 Core/Src/spi.o
 .ARM.attributes
                0x000000000000013a       0x39 Core/Src/stm32g4xx_hal_msp.o
 .ARM.attributes
                0x0000000000000173       0x39 Core/Src/stm32g4xx_it.o
 .ARM.attributes
                0x00000000000001ac       0x39 Core/Src/system_stm32g4xx.o
 .ARM.attributes
                0x00000000000001e5       0x39 Core/Src/tim.o
 .ARM.attributes
                0x000000000000021e       0x39 Core/Src/usart.o
 .ARM.attributes
                0x0000000000000257       0x21 Core/Startup/startup_stm32g431kbtx.o
 .ARM.attributes
                0x0000000000000278       0x39 Drivers/STM32G4xx_HAL_Driver/Src/stm32g4xx_hal.o
 .ARM.attributes
                0x00000000000002b1       0x39 Drivers/STM32G4xx_HAL_Driver/Src/stm32g4xx_hal_cortex.o
 .ARM.attributes
                0x00000000000002ea       0x39 Drivers/STM32G4xx_HAL_Driver/Src/stm32g4xx_hal_dma.o
 .ARM.attributes
                0x0000000000000323       0x39 Drivers/STM32G4xx_HAL_Driver/Src/stm32g4xx_hal_gpio.o
 .ARM.attributes
                0x000000000000035c       0x39 Drivers/STM32G4xx_HAL_Driver/Src/stm32g4xx_hal_pcd.o
 .ARM.attributes
                0x0000000000000395       0x39 Drivers/STM32G4xx_HAL_Driver/Src/stm32g4xx_hal_pcd_ex.o
 .ARM.attributes
                0x00000000000003ce       0x39 Drivers/STM32G4xx_HAL_Driver/Src/stm32g4xx_hal_pwr_ex.o
 .ARM.attributes
                0x0000000000000407       0x39 Drivers/STM32G4xx_HAL_Driver/Src/stm32g4xx_hal_rcc.o
 .ARM.attributes
                0x0000000000000440       0x39 Drivers/STM32G4xx_HAL_Driver/Src/stm32g4xx_hal_rcc_ex.o
 .ARM.attributes
                0x0000000000000479       0x39 Drivers/STM32G4xx_HAL_Driver/Src/stm32g4xx_hal_spi.o
 .ARM.attributes
                0x00000000000004b2       0x39 Drivers/STM32G4xx_HAL_Driver/Src/stm32g4xx_hal_tim.o
 .ARM.attributes
                0x00000000000004eb       0x39 Drivers/STM32G4xx_HAL_Driver/Src/stm32g4xx_hal_tim_ex.o
 .ARM.attributes
                0x0000000000000524       0x39 Drivers/STM32G4xx_HAL_Driver/Src/stm32g4xx_hal_uart.o
 .ARM.attributes
                0x000000000000055d       0x39 Drivers/STM32G4xx_HAL_Driver/Src/stm32g4xx_hal_uart_ex.o
 .ARM.attributes
                0x0000000000000596       0x39 Drivers/STM32G4xx_HAL_Driver/Src/stm32g4xx_ll_usb.o
 .ARM.attributes
                0x00000000000005cf       0x39 Middlewares/ST/STM32_USB_Device_Library/Class/CDC/Src/usbd_cdc.o
 .ARM.attributes
                0x0000000000000608       0x39 Middlewares/ST/STM32_USB_Device_Library/Core/Src/usbd_core.o
 .ARM.attributes
                0x0000000000000641       0x39 Middlewares/ST/STM32_USB_Device_Library/Core/Src/usbd_ctlreq.o
 .ARM.attributes
                0x000000000000067a       0x39 Middlewares/ST/STM32_USB_Device_Library/Core/Src/usbd_ioreq.o
 .ARM.attributes
                0x00000000000006b3       0x39 USB_Device/App/usb_device.o
 .ARM.attributes
                0x00000000000006ec       0x39 USB_Device/App/usbd_cdc_if.o
 .ARM.attributes
                0x0000000000000725       0x39 USB_Device/App/usbd_desc.o
 .ARM.attributes
                0x000000000000075e       0x39 USB_Device/Target/usbd_conf.o
 .ARM.attributes
                0x0000000000000797       0x39 global/global_variables.o
 .ARM.attributes
                0x00000000000007d0       0x39 global/initialize.o
 .ARM.attributes
                0x0000000000000809       0x39 global/primary_loop.o
 .ARM.attributes
                0x0000000000000842       0x39 icm20602/hal_ICM20602.o
 .ARM.attributes
                0x000000000000087b       0x39 kalman_filter/AHRS.o
 .ARM.attributes
                0x00000000000008b4       0x39 math_functions/various_functions.o
 .ARM.attributes
                0x00000000000008ed       0x39 spi_wrapper/spi_wrapper.o
 .ARM.attributes
                0x0000000000000926       0x34 S:/sourcetree/imu_board/GP_firmware/../CMSIS_DSP/Lib/GCC\libarm_cortexM4lf_math.a(arm_mat_init_f32.o)
 .ARM.attributes
                0x000000000000095a       0x34 s:/programs hhd/stm32cubeide_1.4.0/stm32cubeide/plugins/com.st.stm32cube.ide.mcu.externaltools.gnu-tools-for-stm32.7-2018-q2-update.win32_1.4.0.202007081208/tools/bin/../lib/gcc/arm-none-eabi/7.3.1/../../../../arm-none-eabi/lib/thumb/v7e-m/fpv4-sp/hard\libc_nano.a(lib_a-errno.o)
 .ARM.attributes
                0x000000000000098e       0x34 s:/programs hhd/stm32cubeide_1.4.0/stm32cubeide/plugins/com.st.stm32cube.ide.mcu.externaltools.gnu-tools-for-stm32.7-2018-q2-update.win32_1.4.0.202007081208/tools/bin/../lib/gcc/arm-none-eabi/7.3.1/../../../../arm-none-eabi/lib/thumb/v7e-m/fpv4-sp/hard\libc_nano.a(lib_a-impure.o)
 .ARM.attributes
                0x00000000000009c2       0x34 s:/programs hhd/stm32cubeide_1.4.0/stm32cubeide/plugins/com.st.stm32cube.ide.mcu.externaltools.gnu-tools-for-stm32.7-2018-q2-update.win32_1.4.0.202007081208/tools/bin/../lib/gcc/arm-none-eabi/7.3.1/../../../../arm-none-eabi/lib/thumb/v7e-m/fpv4-sp/hard\libc_nano.a(lib_a-init.o)
 .ARM.attributes
                0x00000000000009f6       0x34 s:/programs hhd/stm32cubeide_1.4.0/stm32cubeide/plugins/com.st.stm32cube.ide.mcu.externaltools.gnu-tools-for-stm32.7-2018-q2-update.win32_1.4.0.202007081208/tools/bin/../lib/gcc/arm-none-eabi/7.3.1/../../../../arm-none-eabi/lib/thumb/v7e-m/fpv4-sp/hard\libc_nano.a(lib_a-memset.o)
 .ARM.attributes
                0x0000000000000a2a       0x34 s:/programs hhd/stm32cubeide_1.4.0/stm32cubeide/plugins/com.st.stm32cube.ide.mcu.externaltools.gnu-tools-for-stm32.7-2018-q2-update.win32_1.4.0.202007081208/tools/bin/../lib/gcc/arm-none-eabi/7.3.1/../../../../arm-none-eabi/lib/thumb/v7e-m/fpv4-sp/hard\libm.a(lib_a-wf_sqrt.o)
 .ARM.attributes
                0x0000000000000a5e       0x34 s:/programs hhd/stm32cubeide_1.4.0/stm32cubeide/plugins/com.st.stm32cube.ide.mcu.externaltools.gnu-tools-for-stm32.7-2018-q2-update.win32_1.4.0.202007081208/tools/bin/../lib/gcc/arm-none-eabi/7.3.1/../../../../arm-none-eabi/lib/thumb/v7e-m/fpv4-sp/hard\libm.a(lib_a-ef_sqrt.o)
 .ARM.attributes
                0x0000000000000a92       0x34 s:/programs hhd/stm32cubeide_1.4.0/stm32cubeide/plugins/com.st.stm32cube.ide.mcu.externaltools.gnu-tools-for-stm32.7-2018-q2-update.win32_1.4.0.202007081208/tools/bin/../lib/gcc/arm-none-eabi/7.3.1/../../../../arm-none-eabi/lib/thumb/v7e-m/fpv4-sp/hard\libm.a(lib_a-s_lib_ver.o)
 .ARM.attributes
                0x0000000000000ac6       0x34 s:/programs hhd/stm32cubeide_1.4.0/stm32cubeide/plugins/com.st.stm32cube.ide.mcu.externaltools.gnu-tools-for-stm32.7-2018-q2-update.win32_1.4.0.202007081208/tools/bin/../lib/gcc/arm-none-eabi/7.3.1/../../../../arm-none-eabi/lib/thumb/v7e-m/fpv4-sp/hard\libm.a(lib_a-s_matherr.o)
 .ARM.attributes
                0x0000000000000afa       0x22 s:/programs hhd/stm32cubeide_1.4.0/stm32cubeide/plugins/com.st.stm32cube.ide.mcu.externaltools.gnu-tools-for-stm32.7-2018-q2-update.win32_1.4.0.202007081208/tools/bin/../lib/gcc/arm-none-eabi/7.3.1/thumb/v7e-m/fpv4-sp/hard\libgcc.a(_arm_addsubdf3.o)
 .ARM.attributes
                0x0000000000000b1c       0x22 s:/programs hhd/stm32cubeide_1.4.0/stm32cubeide/plugins/com.st.stm32cube.ide.mcu.externaltools.gnu-tools-for-stm32.7-2018-q2-update.win32_1.4.0.202007081208/tools/bin/../lib/gcc/arm-none-eabi/7.3.1/thumb/v7e-m/fpv4-sp/hard\libgcc.a(_arm_muldivdf3.o)
 .ARM.attributes
                0x0000000000000b3e       0x22 s:/programs hhd/stm32cubeide_1.4.0/stm32cubeide/plugins/com.st.stm32cube.ide.mcu.externaltools.gnu-tools-for-stm32.7-2018-q2-update.win32_1.4.0.202007081208/tools/bin/../lib/gcc/arm-none-eabi/7.3.1/thumb/v7e-m/fpv4-sp/hard\libgcc.a(_arm_truncdfsf2.o)
 .ARM.attributes
                0x0000000000000b60       0x22 s:/programs hhd/stm32cubeide_1.4.0/stm32cubeide/plugins/com.st.stm32cube.ide.mcu.externaltools.gnu-tools-for-stm32.7-2018-q2-update.win32_1.4.0.202007081208/tools/bin/../lib/gcc/arm-none-eabi/7.3.1/thumb/v7e-m/fpv4-sp/hard\libgcc.a(_aeabi_uldivmod.o)
 .ARM.attributes
                0x0000000000000b82       0x34 s:/programs hhd/stm32cubeide_1.4.0/stm32cubeide/plugins/com.st.stm32cube.ide.mcu.externaltools.gnu-tools-for-stm32.7-2018-q2-update.win32_1.4.0.202007081208/tools/bin/../lib/gcc/arm-none-eabi/7.3.1/thumb/v7e-m/fpv4-sp/hard\libgcc.a(_udivmoddi4.o)
 .ARM.attributes
                0x0000000000000bb6       0x22 s:/programs hhd/stm32cubeide_1.4.0/stm32cubeide/plugins/com.st.stm32cube.ide.mcu.externaltools.gnu-tools-for-stm32.7-2018-q2-update.win32_1.4.0.202007081208/tools/bin/../lib/gcc/arm-none-eabi/7.3.1/thumb/v7e-m/fpv4-sp/hard\libgcc.a(_dvmd_tls.o)
 .ARM.attributes
                0x0000000000000bd8       0x22 s:/programs hhd/stm32cubeide_1.4.0/stm32cubeide/plugins/com.st.stm32cube.ide.mcu.externaltools.gnu-tools-for-stm32.7-2018-q2-update.win32_1.4.0.202007081208/tools/bin/../lib/gcc/arm-none-eabi/7.3.1/thumb/v7e-m/fpv4-sp/hard/crtn.o
OUTPUT(GP_firmware.elf elf32-littlearm)

.debug_info     0x0000000000000000    0x2cced
 .debug_info    0x0000000000000000      0x6e1 Core/Src/dma.o
 .debug_info    0x00000000000006e1      0x656 Core/Src/gpio.o
 .debug_info    0x0000000000000d37     0x214e Core/Src/main.o
 .debug_info    0x0000000000002e85      0xe1d Core/Src/spi.o
 .debug_info    0x0000000000003ca2      0x4f9 Core/Src/stm32g4xx_hal_msp.o
 .debug_info    0x000000000000419b     0x1174 Core/Src/stm32g4xx_it.o
 .debug_info    0x000000000000530f      0x6eb Core/Src/system_stm32g4xx.o
 .debug_info    0x00000000000059fa     0x1233 Core/Src/tim.o
 .debug_info    0x0000000000006c2d      0xd14 Core/Src/usart.o
 .debug_info    0x0000000000007941       0x22 Core/Startup/startup_stm32g431kbtx.o
 .debug_info    0x0000000000007963      0xbe6 Drivers/STM32G4xx_HAL_Driver/Src/stm32g4xx_hal.o
 .debug_info    0x0000000000008549      0xef7 Drivers/STM32G4xx_HAL_Driver/Src/stm32g4xx_hal_cortex.o
 .debug_info    0x0000000000009440      0xa43 Drivers/STM32G4xx_HAL_Driver/Src/stm32g4xx_hal_dma.o
 .debug_info    0x0000000000009e83      0x99e Drivers/STM32G4xx_HAL_Driver/Src/stm32g4xx_hal_gpio.o
 .debug_info    0x000000000000a821     0x12ab Drivers/STM32G4xx_HAL_Driver/Src/stm32g4xx_hal_pcd.o
 .debug_info    0x000000000000bacc      0x9a6 Drivers/STM32G4xx_HAL_Driver/Src/stm32g4xx_hal_pcd_ex.o
 .debug_info    0x000000000000c472      0xad8 Drivers/STM32G4xx_HAL_Driver/Src/stm32g4xx_hal_pwr_ex.o
 .debug_info    0x000000000000cf4a      0xccb Drivers/STM32G4xx_HAL_Driver/Src/stm32g4xx_hal_rcc.o
 .debug_info    0x000000000000dc15      0xdb8 Drivers/STM32G4xx_HAL_Driver/Src/stm32g4xx_hal_rcc_ex.o
 .debug_info    0x000000000000e9cd     0x187d Drivers/STM32G4xx_HAL_Driver/Src/stm32g4xx_hal_spi.o
 .debug_info    0x000000000001024a     0x2b63 Drivers/STM32G4xx_HAL_Driver/Src/stm32g4xx_hal_tim.o
 .debug_info    0x0000000000012dad     0x1ccf Drivers/STM32G4xx_HAL_Driver/Src/stm32g4xx_hal_tim_ex.o
 .debug_info    0x0000000000014a7c     0x1a91 Drivers/STM32G4xx_HAL_Driver/Src/stm32g4xx_hal_uart.o
 .debug_info    0x000000000001650d      0xca0 Drivers/STM32G4xx_HAL_Driver/Src/stm32g4xx_hal_uart_ex.o
 .debug_info    0x00000000000171ad     0x19db Drivers/STM32G4xx_HAL_Driver/Src/stm32g4xx_ll_usb.o
 .debug_info    0x0000000000018b88     0x1959 Middlewares/ST/STM32_USB_Device_Library/Class/CDC/Src/usbd_cdc.o
 .debug_info    0x000000000001a4e1     0x138e Middlewares/ST/STM32_USB_Device_Library/Core/Src/usbd_core.o
 .debug_info    0x000000000001b86f     0x1358 Middlewares/ST/STM32_USB_Device_Library/Core/Src/usbd_ctlreq.o
 .debug_info    0x000000000001cbc7     0x10a3 Middlewares/ST/STM32_USB_Device_Library/Core/Src/usbd_ioreq.o
 .debug_info    0x000000000001dc6a     0x1016 USB_Device/App/usb_device.o
 .debug_info    0x000000000001ec80     0x1228 USB_Device/App/usbd_cdc_if.o
 .debug_info    0x000000000001fea8      0xe32 USB_Device/App/usbd_desc.o
 .debug_info    0x0000000000020cda     0x21aa USB_Device/Target/usbd_conf.o
 .debug_info    0x0000000000022e84     0x1411 global/global_variables.o
 .debug_info    0x0000000000024295     0x1850 global/initialize.o
 .debug_info    0x0000000000025ae5     0x1812 global/primary_loop.o
 .debug_info    0x00000000000272f7     0x1525 icm20602/hal_ICM20602.o
 .debug_info    0x000000000002881c     0x1096 kalman_filter/AHRS.o
 .debug_info    0x00000000000298b2     0x1f9e math_functions/various_functions.o
 .debug_info    0x000000000002b850      0x991 spi_wrapper/spi_wrapper.o
 .debug_info    0x000000000002c1e1      0xb0c S:/sourcetree/imu_board/GP_firmware/../CMSIS_DSP/Lib/GCC\libarm_cortexM4lf_math.a(arm_mat_init_f32.o)

.debug_abbrev   0x0000000000000000     0x54ee
 .debug_abbrev  0x0000000000000000      0x12e Core/Src/dma.o
 .debug_abbrev  0x000000000000012e      0x134 Core/Src/gpio.o
 .debug_abbrev  0x0000000000000262      0x2ab Core/Src/main.o
 .debug_abbrev  0x000000000000050d      0x1b3 Core/Src/spi.o
 .debug_abbrev  0x00000000000006c0      0x125 Core/Src/stm32g4xx_hal_msp.o
 .debug_abbrev  0x00000000000007e5      0x1c8 Core/Src/stm32g4xx_it.o
 .debug_abbrev  0x00000000000009ad      0x147 Core/Src/system_stm32g4xx.o
 .debug_abbrev  0x0000000000000af4      0x207 Core/Src/tim.o
 .debug_abbrev  0x0000000000000cfb      0x199 Core/Src/usart.o
 .debug_abbrev  0x0000000000000e94       0x12 Core/Startup/startup_stm32g431kbtx.o
 .debug_abbrev  0x0000000000000ea6      0x1fb Drivers/STM32G4xx_HAL_Driver/Src/stm32g4xx_hal.o
 .debug_abbrev  0x00000000000010a1      0x2f1 Drivers/STM32G4xx_HAL_Driver/Src/stm32g4xx_hal_cortex.o
 .debug_abbrev  0x0000000000001392      0x1d9 Drivers/STM32G4xx_HAL_Driver/Src/stm32g4xx_hal_dma.o
 .debug_abbrev  0x000000000000156b      0x1c0 Drivers/STM32G4xx_HAL_Driver/Src/stm32g4xx_hal_gpio.o
 .debug_abbrev  0x000000000000172b      0x268 Drivers/STM32G4xx_HAL_Driver/Src/stm32g4xx_hal_pcd.o
 .debug_abbrev  0x0000000000001993      0x1eb Drivers/STM32G4xx_HAL_Driver/Src/stm32g4xx_hal_pcd_ex.o
 .debug_abbrev  0x0000000000001b7e      0x1fd Drivers/STM32G4xx_HAL_Driver/Src/stm32g4xx_hal_pwr_ex.o
 .debug_abbrev  0x0000000000001d7b      0x245 Drivers/STM32G4xx_HAL_Driver/Src/stm32g4xx_hal_rcc.o
 .debug_abbrev  0x0000000000001fc0      0x204 Drivers/STM32G4xx_HAL_Driver/Src/stm32g4xx_hal_rcc_ex.o
 .debug_abbrev  0x00000000000021c4      0x228 Drivers/STM32G4xx_HAL_Driver/Src/stm32g4xx_hal_spi.o
 .debug_abbrev  0x00000000000023ec      0x25b Drivers/STM32G4xx_HAL_Driver/Src/stm32g4xx_hal_tim.o
 .debug_abbrev  0x0000000000002647      0x261 Drivers/STM32G4xx_HAL_Driver/Src/stm32g4xx_hal_tim_ex.o
 .debug_abbrev  0x00000000000028a8      0x212 Drivers/STM32G4xx_HAL_Driver/Src/stm32g4xx_hal_uart.o
 .debug_abbrev  0x0000000000002aba      0x1e2 Drivers/STM32G4xx_HAL_Driver/Src/stm32g4xx_hal_uart_ex.o
 .debug_abbrev  0x0000000000002c9c      0x231 Drivers/STM32G4xx_HAL_Driver/Src/stm32g4xx_ll_usb.o
 .debug_abbrev  0x0000000000002ecd      0x2af Middlewares/ST/STM32_USB_Device_Library/Class/CDC/Src/usbd_cdc.o
 .debug_abbrev  0x000000000000317c      0x27d Middlewares/ST/STM32_USB_Device_Library/Core/Src/usbd_core.o
 .debug_abbrev  0x00000000000033f9      0x2ba Middlewares/ST/STM32_USB_Device_Library/Core/Src/usbd_ctlreq.o
 .debug_abbrev  0x00000000000036b3      0x1fc Middlewares/ST/STM32_USB_Device_Library/Core/Src/usbd_ioreq.o
 .debug_abbrev  0x00000000000038af      0x1da USB_Device/App/usb_device.o
 .debug_abbrev  0x0000000000003a89      0x2ca USB_Device/App/usbd_cdc_if.o
 .debug_abbrev  0x0000000000003d53      0x290 USB_Device/App/usbd_desc.o
 .debug_abbrev  0x0000000000003fe3      0x300 USB_Device/Target/usbd_conf.o
 .debug_abbrev  0x00000000000042e3      0x1c0 global/global_variables.o